Archive member included because of file (symbol)

/usr/lib/gcc/avr/4.3.4/avr25/libgcc.a(_epilogue.o)
                              obj/obj//../osccal/osccal.o (__epilogue_restores__)
/usr/lib/gcc/avr/4.3.4/avr25/libgcc.a(_exit.o)
                              /usr/lib/gcc/avr/4.3.4/../../../avr/lib/avr25/crttn861.o (exit)
/usr/lib/gcc/avr/4.3.4/avr25/libgcc.a(_copy_data.o)
                              obj/obj//./../usbdrv/usbdrv.o (__do_copy_data)
/usr/lib/gcc/avr/4.3.4/avr25/libgcc.a(_clear_bss.o)
                              obj/obj//./../usbdrv/usbdrv.o (__do_clear_bss)
/usr/lib/gcc/avr/4.3.4/../../../avr/lib/avr25/libc.a(iob.o)
                              obj/obj//main.o (__iob)
/usr/lib/gcc/avr/4.3.4/../../../avr/lib/avr25/libc.a(printf_p.o)
                              obj/obj//main.o (printf_P)
/usr/lib/gcc/avr/4.3.4/../../../avr/lib/avr25/libc.a(vfprintf_std.o)
                              /usr/lib/gcc/avr/4.3.4/../../../avr/lib/avr25/libc.a(printf_p.o) (vfprintf)
/usr/lib/gcc/avr/4.3.4/../../../avr/lib/avr25/libc.a(strnlen_P.o)
                              /usr/lib/gcc/avr/4.3.4/../../../avr/lib/avr25/libc.a(vfprintf_std.o) (strnlen_P)
/usr/lib/gcc/avr/4.3.4/../../../avr/lib/avr25/libc.a(strnlen.o)
                              /usr/lib/gcc/avr/4.3.4/../../../avr/lib/avr25/libc.a(vfprintf_std.o) (strnlen)
/usr/lib/gcc/avr/4.3.4/../../../avr/lib/avr25/libc.a(fputc.o)
                              /usr/lib/gcc/avr/4.3.4/../../../avr/lib/avr25/libc.a(vfprintf_std.o) (fputc)
/usr/lib/gcc/avr/4.3.4/../../../avr/lib/avr25/libc.a(ultoa_invert.o)
                              /usr/lib/gcc/avr/4.3.4/../../../avr/lib/avr25/libc.a(vfprintf_std.o) (__ultoa_invert)
/usr/lib/gcc/avr/4.3.4/avr25/libgcc.a(_mulhi3.o)
                              /usr/lib/gcc/avr/4.3.4/../../../avr/lib/avr25/libc.a(vfprintf_std.o) (__mulhi3)
/usr/lib/gcc/avr/4.3.4/avr25/libgcc.a(_prologue.o)
                              /usr/lib/gcc/avr/4.3.4/../../../avr/lib/avr25/libc.a(printf_p.o) (__prologue_saves__)

Allocating common symbols
Common symbol       size              file

usbTxBuf            0xb               obj/obj//./../usbdrv/usbdrv.o
usbTxStatus1        0xc               obj/obj//./../usbdrv/usbdrv.o
usbDeviceAddr       0x1               obj/obj//./../usbdrv/usbdrv.o
usbRxToken          0x1               obj/obj//./../usbdrv/usbdrv.o
usbInputBufOffset   0x1               obj/obj//./../usbdrv/usbdrv.o
usbMsgPtr           0x2               obj/obj//./../usbdrv/usbdrv.o
usbRxLen            0x1               obj/obj//./../usbdrv/usbdrv.o
usbNewDeviceAddr    0x1               obj/obj//./../usbdrv/usbdrv.o
usbCurrentTok       0x1               obj/obj//./../usbdrv/usbdrv.o
usbConfiguration    0x1               obj/obj//./../usbdrv/usbdrv.o
usbRxBuf            0x16              obj/obj//./../usbdrv/usbdrv.o
__iob               0x6               /usr/lib/gcc/avr/4.3.4/../../../avr/lib/avr25/libc.a(iob.o)

Memory Configuration

Name             Origin             Length             Attributes
text             0x00000000         0x00002000         xr
data             0x00800060         0x0000ffa0         rw !x
eeprom           0x00810000         0x00010000         rw !x
fuse             0x00820000         0x00000400         rw !x
lock             0x00830000         0x00000400         rw !x
signature        0x00840000         0x00000400         rw !x
*default*        0x00000000         0xffffffff

Linker script and memory map

LOAD /usr/lib/gcc/avr/4.3.4/../../../avr/lib/avr25/crttn861.o
LOAD obj/obj//./../usbdrv/usbdrv.o
LOAD obj/obj//main.o
LOAD obj/obj//../osccal/osccal.o
LOAD obj/obj//../usbdrv/oddebug.o
LOAD obj/obj//timers.o
LOAD obj/obj//./../usbdrv/usbdrvasm.o
LOAD /usr/lib/gcc/avr/4.3.4/../../../avr/lib/avr25/libm.a
LOAD /usr/lib/gcc/avr/4.3.4/avr25/libgcc.a
LOAD /usr/lib/gcc/avr/4.3.4/../../../avr/lib/avr25/libc.a
LOAD /usr/lib/gcc/avr/4.3.4/avr25/libgcc.a

.hash
 *(.hash)

.dynsym
 *(.dynsym)

.dynstr
 *(.dynstr)

.gnu.version
 *(.gnu.version)

.gnu.version_d
 *(.gnu.version_d)

.gnu.version_r
 *(.gnu.version_r)

.rel.init
 *(.rel.init)

.rela.init
 *(.rela.init)

.rel.text
 *(.rel.text)
 *(.rel.text.*)
 *(.rel.gnu.linkonce.t*)

.rela.text
 *(.rela.text)
 *(.rela.text.*)
 *(.rela.gnu.linkonce.t*)

.rel.fini
 *(.rel.fini)

.rela.fini
 *(.rela.fini)

.rel.rodata
 *(.rel.rodata)
 *(.rel.rodata.*)
 *(.rel.gnu.linkonce.r*)

.rela.rodata
 *(.rela.rodata)
 *(.rela.rodata.*)
 *(.rela.gnu.linkonce.r*)

.rel.data
 *(.rel.data)
 *(.rel.data.*)
 *(.rel.gnu.linkonce.d*)

.rela.data
 *(.rela.data)
 *(.rela.data.*)
 *(.rela.gnu.linkonce.d*)

.rel.ctors
 *(.rel.ctors)

.rela.ctors
 *(.rela.ctors)

.rel.dtors
 *(.rel.dtors)

.rela.dtors
 *(.rela.dtors)

.rel.got
 *(.rel.got)

.rela.got
 *(.rela.got)

.rel.bss
 *(.rel.bss)

.rela.bss
 *(.rela.bss)

.rel.plt
 *(.rel.plt)

.rela.plt
 *(.rela.plt)

.text           0x00000000     0x10b8
 *(.vectors)
 .vectors       0x00000000       0x26 /usr/lib/gcc/avr/4.3.4/../../../avr/lib/avr25/crttn861.o
                0x00000000                __vectors
                0x00000000                __vector_default
 *(.vectors)
 *(.progmem.gcc*)
 *(.progmem*)
 .progmem.data  0x00000026       0x78 obj/obj//./../usbdrv/usbdrv.o
                0x00000026                usbDescriptorString0
                0x0000002a                usbDescriptorStringVendor
                0x00000040                usbDescriptorStringDevice
                0x0000006a                usbDescriptorDevice
                0x0000007c                usbDescriptorConfiguration
 .progmem.data  0x0000009e       0x56 obj/obj//main.o
                0x0000009e                usbDescriptorHidReport
                0x000000f4                . = ALIGN (0x2)
                0x000000f4                __trampolines_start = .
 *(.trampolines)
 .trampolines   0x000000f4        0x0 linker stubs
 *(.trampolines*)
                0x000000f4                __trampolines_end = .
 *(.jumptables)
 *(.jumptables*)
 *(.lowtext)
 *(.lowtext*)
                0x000000f4                __ctors_start = .
 *(.ctors)
                0x000000f4                __ctors_end = .
                0x000000f4                __dtors_start = .
 *(.dtors)
                0x000000f4                __dtors_end = .
 SORT(*)(.ctors)
 SORT(*)(.dtors)
 *(.init0)
 .init0         0x000000f4        0x0 /usr/lib/gcc/avr/4.3.4/../../../avr/lib/avr25/crttn861.o
                0x000000f4                __init
 *(.init0)
 *(.init1)
 *(.init1)
 *(.init2)
 .init2         0x000000f4        0xc /usr/lib/gcc/avr/4.3.4/../../../avr/lib/avr25/crttn861.o
 *(.init2)
 *(.init3)
 *(.init3)
 *(.init4)
 .init4         0x00000100       0x16 /usr/lib/gcc/avr/4.3.4/avr25/libgcc.a(_copy_data.o)
                0x00000100                __do_copy_data
 .init4         0x00000116       0x10 /usr/lib/gcc/avr/4.3.4/avr25/libgcc.a(_clear_bss.o)
                0x00000116                __do_clear_bss
 *(.init4)
 *(.init5)
 *(.init5)
 *(.init6)
 *(.init6)
 *(.init7)
 *(.init7)
 *(.init8)
 *(.init8)
 *(.init9)
 .init9         0x00000126        0x4 /usr/lib/gcc/avr/4.3.4/../../../avr/lib/avr25/crttn861.o
 *(.init9)
 *(.text)
 .text          0x0000012a        0x2 /usr/lib/gcc/avr/4.3.4/../../../avr/lib/avr25/crttn861.o
                0x0000012a                __vector_12
                0x0000012a                __bad_interrupt
                0x0000012a                __vector_3
                0x0000012a                __vector_11
                0x0000012a                __vector_13
                0x0000012a                __vector_17
                0x0000012a                __vector_7
                0x0000012a                __vector_5
                0x0000012a                __vector_4
                0x0000012a                __vector_9
                0x0000012a                __vector_2
                0x0000012a                __vector_15
                0x0000012a                __vector_8
                0x0000012a                __vector_14
                0x0000012a                __vector_10
                0x0000012a                __vector_16
                0x0000012a                __vector_18
 .text          0x0000012c      0x320 obj/obj//./../usbdrv/usbdrv.o
                0x0000012c                usbInit
                0x00000146                usbSetInterrupt
                0x00000190                usbPoll
 .text          0x0000044c      0x210 obj/obj//main.o
                0x0000044c                __vector_6
                0x0000048a                usbFunctionSetup
                0x000004da                usbFunctionRead
                0x000004de                usbFunctionWrite
                0x00000522                main
 .text          0x0000065c       0x7c obj/obj//../osccal/osccal.o
                0x0000065c                calibrateOscillator
 .text          0x000006d8        0x0 obj/obj//../usbdrv/oddebug.o
 .text          0x000006d8       0xe6 obj/obj//timers.o
                0x000006d8                Timers_Init
                0x000006f8                Timers_DecreaseAll
                0x0000075a                Timer_HasExpired
                0x00000784                Timer_Reset
                0x0000079a                Timer_SetExpired
                0x000007ac                Timer_Set
 .text          0x000007be      0x334 obj/obj//./../usbdrv/usbdrvasm.o
                0x000007be                usbCrc16
                0x00000808                usbCrc16Append
                0x00000810                usbMeasureFrameLength
                0x00000836                __vector_1
 .text          0x00000af2        0x0 /usr/lib/gcc/avr/4.3.4/avr25/libgcc.a(_epilogue.o)
 .text          0x00000af2        0x0 /usr/lib/gcc/avr/4.3.4/avr25/libgcc.a(_exit.o)
 .text          0x00000af2        0x0 /usr/lib/gcc/avr/4.3.4/avr25/libgcc.a(_copy_data.o)
 .text          0x00000af2        0x0 /usr/lib/gcc/avr/4.3.4/avr25/libgcc.a(_clear_bss.o)
 .text          0x00000af2        0x0 /usr/lib/gcc/avr/4.3.4/../../../avr/lib/avr25/libc.a(iob.o)
 .text          0x00000af2        0x0 /usr/lib/gcc/avr/4.3.4/../../../avr/lib/avr25/libc.a(printf_p.o)
 .text          0x00000af2        0x0 /usr/lib/gcc/avr/4.3.4/../../../avr/lib/avr25/libc.a(vfprintf_std.o)
 .text          0x00000af2        0x0 /usr/lib/gcc/avr/4.3.4/../../../avr/lib/avr25/libc.a(strnlen_P.o)
 .text          0x00000af2        0x0 /usr/lib/gcc/avr/4.3.4/../../../avr/lib/avr25/libc.a(strnlen.o)
 .text          0x00000af2        0x0 /usr/lib/gcc/avr/4.3.4/../../../avr/lib/avr25/libc.a(fputc.o)
 .text          0x00000af2        0x0 /usr/lib/gcc/avr/4.3.4/../../../avr/lib/avr25/libc.a(ultoa_invert.o)
 .text          0x00000af2        0x0 /usr/lib/gcc/avr/4.3.4/avr25/libgcc.a(_mulhi3.o)
 .text          0x00000af2        0x0 /usr/lib/gcc/avr/4.3.4/avr25/libgcc.a(_prologue.o)
                0x00000af2                . = ALIGN (0x2)
 *(.text.*)
 .text.libgcc   0x00000af2       0x36 /usr/lib/gcc/avr/4.3.4/avr25/libgcc.a(_epilogue.o)
                0x00000af2                __epilogue_restores__
 .text.libgcc   0x00000b28        0x0 /usr/lib/gcc/avr/4.3.4/avr25/libgcc.a(_exit.o)
 .text.libgcc   0x00000b28        0x0 /usr/lib/gcc/avr/4.3.4/avr25/libgcc.a(_copy_data.o)
 .text.libgcc   0x00000b28        0x0 /usr/lib/gcc/avr/4.3.4/avr25/libgcc.a(_clear_bss.o)
 .text.avr-libc
                0x00000b28       0x46 /usr/lib/gcc/avr/4.3.4/../../../avr/lib/avr25/libc.a(printf_p.o)
                0x00000b28                printf_P
 .text.avr-libc
                0x00000b6e      0x3a6 /usr/lib/gcc/avr/4.3.4/../../../avr/lib/avr25/libc.a(vfprintf_std.o)
                0x00000b6e                vfprintf
 .text.avr-libc
                0x00000f14       0x16 /usr/lib/gcc/avr/4.3.4/../../../avr/lib/avr25/libc.a(strnlen_P.o)
                0x00000f14                strnlen_P
 .text.avr-libc
                0x00000f2a       0x16 /usr/lib/gcc/avr/4.3.4/../../../avr/lib/avr25/libc.a(strnlen.o)
                0x00000f2a                strnlen
 .text.avr-libc
                0x00000f40       0x58 /usr/lib/gcc/avr/4.3.4/../../../avr/lib/avr25/libc.a(fputc.o)
                0x00000f40                fputc
 .text.avr-libc
                0x00000f98       0xc0 /usr/lib/gcc/avr/4.3.4/../../../avr/lib/avr25/libc.a(ultoa_invert.o)
                0x00000f98                __ultoa_invert
 .text.libgcc   0x00001058       0x24 /usr/lib/gcc/avr/4.3.4/avr25/libgcc.a(_mulhi3.o)
                0x00001058                __mulhi3
 .text.libgcc   0x0000107c       0x38 /usr/lib/gcc/avr/4.3.4/avr25/libgcc.a(_prologue.o)
                0x0000107c                __prologue_saves__
                0x000010b4                . = ALIGN (0x2)
 *(.fini9)
 .fini9         0x000010b4        0x0 /usr/lib/gcc/avr/4.3.4/avr25/libgcc.a(_exit.o)
                0x000010b4                exit
                0x000010b4                _exit
 *(.fini9)
 *(.fini8)
 *(.fini8)
 *(.fini7)
 *(.fini7)
 *(.fini6)
 *(.fini6)
 *(.fini5)
 *(.fini5)
 *(.fini4)
 *(.fini4)
 *(.fini3)
 *(.fini3)
 *(.fini2)
 *(.fini2)
 *(.fini1)
 *(.fini1)
 *(.fini0)
 .fini0         0x000010b4        0x4 /usr/lib/gcc/avr/4.3.4/avr25/libgcc.a(_exit.o)
 *(.fini0)
                0x000010b8                _etext = .

.data           0x00800060       0x10 load address 0x000010b8
                0x00800060                PROVIDE (__data_start, .)
 *(.data)
 .data          0x00800060        0x0 /usr/lib/gcc/avr/4.3.4/../../../avr/lib/avr25/crttn861.o
 .data          0x00800060        0x2 obj/obj//./../usbdrv/usbdrv.o
                0x00800060                usbTxLen
 .data          0x00800062        0xe obj/obj//main.o
 .data          0x00800070        0x0 obj/obj//../osccal/osccal.o
 .data          0x00800070        0x0 obj/obj//../usbdrv/oddebug.o
 .data          0x00800070        0x0 obj/obj//timers.o
 .data          0x00800070        0x0 obj/obj//./../usbdrv/usbdrvasm.o
 .data          0x00800070        0x0 /usr/lib/gcc/avr/4.3.4/avr25/libgcc.a(_epilogue.o)
 .data          0x00800070        0x0 /usr/lib/gcc/avr/4.3.4/avr25/libgcc.a(_exit.o)
 .data          0x00800070        0x0 /usr/lib/gcc/avr/4.3.4/avr25/libgcc.a(_copy_data.o)
 .data          0x00800070        0x0 /usr/lib/gcc/avr/4.3.4/avr25/libgcc.a(_clear_bss.o)
 .data          0x00800070        0x0 /usr/lib/gcc/avr/4.3.4/../../../avr/lib/avr25/libc.a(iob.o)
 .data          0x00800070        0x0 /usr/lib/gcc/avr/4.3.4/../../../avr/lib/avr25/libc.a(printf_p.o)
 .data          0x00800070        0x0 /usr/lib/gcc/avr/4.3.4/../../../avr/lib/avr25/libc.a(vfprintf_std.o)
 .data          0x00800070        0x0 /usr/lib/gcc/avr/4.3.4/../../../avr/lib/avr25/libc.a(strnlen_P.o)
 .data          0x00800070        0x0 /usr/lib/gcc/avr/4.3.4/../../../avr/lib/avr25/libc.a(strnlen.o)
 .data          0x00800070        0x0 /usr/lib/gcc/avr/4.3.4/../../../avr/lib/avr25/libc.a(fputc.o)
 .data          0x00800070        0x0 /usr/lib/gcc/avr/4.3.4/../../../avr/lib/avr25/libc.a(ultoa_invert.o)
 .data          0x00800070        0x0 /usr/lib/gcc/avr/4.3.4/avr25/libgcc.a(_mulhi3.o)
 .data          0x00800070        0x0 /usr/lib/gcc/avr/4.3.4/avr25/libgcc.a(_prologue.o)
 *(.data*)
 *(.rodata)
 *(.rodata*)
 *(.gnu.linkonce.d*)
                0x00800070                . = ALIGN (0x2)
                0x00800070                _edata = .
                0x00800070                PROVIDE (__data_end, .)

.bss            0x00800070       0xda
                0x00800070                PROVIDE (__bss_start, .)
 *(.bss)
 .bss           0x00800070        0x0 /usr/lib/gcc/avr/4.3.4/../../../avr/lib/avr25/crttn861.o
 .bss           0x00800070        0x2 obj/obj//./../usbdrv/usbdrv.o
 .bss           0x00800072       0x8b obj/obj//main.o
 .bss           0x008000fd        0x0 obj/obj//../osccal/osccal.o
 .bss           0x008000fd        0x0 obj/obj//../usbdrv/oddebug.o
 .bss           0x008000fd       0x11 obj/obj//timers.o
 .bss           0x0080010e        0x0 obj/obj//./../usbdrv/usbdrvasm.o
 .bss           0x0080010e        0x0 /usr/lib/gcc/avr/4.3.4/avr25/libgcc.a(_epilogue.o)
 .bss           0x0080010e        0x0 /usr/lib/gcc/avr/4.3.4/avr25/libgcc.a(_exit.o)
 .bss           0x0080010e        0x0 /usr/lib/gcc/avr/4.3.4/avr25/libgcc.a(_copy_data.o)
 .bss           0x0080010e        0x0 /usr/lib/gcc/avr/4.3.4/avr25/libgcc.a(_clear_bss.o)
 .bss           0x0080010e        0x0 /usr/lib/gcc/avr/4.3.4/../../../avr/lib/avr25/libc.a(iob.o)
 .bss           0x0080010e        0x0 /usr/lib/gcc/avr/4.3.4/../../../avr/lib/avr25/libc.a(printf_p.o)
 .bss           0x0080010e        0x0 /usr/lib/gcc/avr/4.3.4/../../../avr/lib/avr25/libc.a(vfprintf_std.o)
 .bss           0x0080010e        0x0 /usr/lib/gcc/avr/4.3.4/../../../avr/lib/avr25/libc.a(strnlen_P.o)
 .bss           0x0080010e        0x0 /usr/lib/gcc/avr/4.3.4/../../../avr/lib/avr25/libc.a(strnlen.o)
 .bss           0x0080010e        0x0 /usr/lib/gcc/avr/4.3.4/../../../avr/lib/avr25/libc.a(fputc.o)
 .bss           0x0080010e        0x0 /usr/lib/gcc/avr/4.3.4/../../../avr/lib/avr25/libc.a(ultoa_invert.o)
 .bss           0x0080010e        0x0 /usr/lib/gcc/avr/4.3.4/avr25/libgcc.a(_mulhi3.o)
 .bss           0x0080010e        0x0 /usr/lib/gcc/avr/4.3.4/avr25/libgcc.a(_prologue.o)
 *(.bss*)
 *(COMMON)
 COMMON         0x0080010e       0x36 obj/obj//./../usbdrv/usbdrv.o
                0x0080010e                usbTxBuf
                0x00800119                usbTxStatus1
                0x00800125                usbDeviceAddr
                0x00800126                usbRxToken
                0x00800127                usbInputBufOffset
                0x00800128                usbMsgPtr
                0x0080012a                usbRxLen
                0x0080012b                usbNewDeviceAddr
                0x0080012c                usbCurrentTok
                0x0080012d                usbConfiguration
                0x0080012e                usbRxBuf
 COMMON         0x00800144        0x6 /usr/lib/gcc/avr/4.3.4/../../../avr/lib/avr25/libc.a(iob.o)
                0x00800144                __iob
                0x0080014a                PROVIDE (__bss_end, .)
                0x000010b8                __data_load_start = LOADADDR (.data)
                0x000010c8                __data_load_end = (__data_load_start + SIZEOF (.data))

.noinit         0x0080014a        0x0
                0x0080014a                PROVIDE (__noinit_start, .)
 *(.noinit*)
                0x0080014a                PROVIDE (__noinit_end, .)
                0x0080014a                _end = .
                0x0080014a                PROVIDE (__heap_start, .)

.eeprom         0x00810000        0x0
 *(.eeprom*)
                0x00810000                __eeprom_end = .

.fuse
 *(.fuse)
 *(.lfuse)
 *(.hfuse)
 *(.efuse)

.lock
 *(.lock*)

.signature
 *(.signature*)

.stab           0x00000000     0x2ebc
 *(.stab)
 .stab          0x00000000      0x6b4 /usr/lib/gcc/avr/4.3.4/../../../avr/lib/avr25/crttn861.o
 .stab          0x000006b4     0x1248 obj/obj//./../usbdrv/usbdrvasm.o
                               0x1254 (size before relaxing)
 .stab          0x000018fc      0x300 /usr/lib/gcc/avr/4.3.4/../../../avr/lib/avr25/libc.a(iob.o)
                                0x30c (size before relaxing)
 .stab          0x00001bfc      0x1a4 /usr/lib/gcc/avr/4.3.4/../../../avr/lib/avr25/libc.a(printf_p.o)
                                0x384 (size before relaxing)
 .stab          0x00001da0      0x978 /usr/lib/gcc/avr/4.3.4/../../../avr/lib/avr25/libc.a(vfprintf_std.o)
                                0xb58 (size before relaxing)
 .stab          0x00002718       0x9c /usr/lib/gcc/avr/4.3.4/../../../avr/lib/avr25/libc.a(strnlen_P.o)
                                 0xa8 (size before relaxing)
 .stab          0x000027b4       0x9c /usr/lib/gcc/avr/4.3.4/../../../avr/lib/avr25/libc.a(strnlen.o)
                                 0xa8 (size before relaxing)
 .stab          0x00002850      0x1d4 /usr/lib/gcc/avr/4.3.4/../../../avr/lib/avr25/libc.a(fputc.o)
                                0x3b4 (size before relaxing)
 .stab          0x00002a24      0x498 /usr/lib/gcc/avr/4.3.4/../../../avr/lib/avr25/libc.a(ultoa_invert.o)
                                0x4a4 (size before relaxing)

.stabstr        0x00000000      0xd3c
 *(.stabstr)
 .stabstr       0x00000000      0xd3c /usr/lib/gcc/avr/4.3.4/../../../avr/lib/avr25/crttn861.o

.stab.excl
 *(.stab.excl)

.stab.exclstr
 *(.stab.exclstr)

.stab.index
 *(.stab.index)

.stab.indexstr
 *(.stab.indexstr)

.comment
 *(.comment)

.debug
 *(.debug)

.line
 *(.line)

.debug_srcinfo
 *(.debug_srcinfo)

.debug_sfnames
 *(.debug_sfnames)

.debug_aranges  0x00000000       0x80
 *(.debug_aranges)
 .debug_aranges
                0x00000000       0x20 obj/obj//./../usbdrv/usbdrv.o
 .debug_aranges
                0x00000020       0x20 obj/obj//main.o
 .debug_aranges
                0x00000040       0x20 obj/obj//../osccal/osccal.o
 .debug_aranges
                0x00000060       0x20 obj/obj//timers.o

.debug_pubnames
                0x00000000      0x2be
 *(.debug_pubnames)
 .debug_pubnames
                0x00000000      0x190 obj/obj//./../usbdrv/usbdrv.o
 .debug_pubnames
                0x00000190       0x83 obj/obj//main.o
 .debug_pubnames
                0x00000213       0x2a obj/obj//../osccal/osccal.o
 .debug_pubnames
                0x0000023d       0x81 obj/obj//timers.o

.debug_info     0x00000000     0x12a4
 *(.debug_info)
 .debug_info    0x00000000      0x97f obj/obj//./../usbdrv/usbdrv.o
 .debug_info    0x0000097f      0x5c1 obj/obj//main.o
 .debug_info    0x00000f40       0xcc obj/obj//../osccal/osccal.o
 .debug_info    0x0000100c       0x61 obj/obj//../usbdrv/oddebug.o
 .debug_info    0x0000106d      0x237 obj/obj//timers.o
 *(.gnu.linkonce.wi.*)

.debug_abbrev   0x00000000      0x6bf
 *(.debug_abbrev)
 .debug_abbrev  0x00000000      0x2b2 obj/obj//./../usbdrv/usbdrv.o
 .debug_abbrev  0x000002b2      0x25e obj/obj//main.o
 .debug_abbrev  0x00000510       0x82 obj/obj//../osccal/osccal.o
 .debug_abbrev  0x00000592       0x33 obj/obj//../usbdrv/oddebug.o
 .debug_abbrev  0x000005c5       0xfa obj/obj//timers.o

.debug_line     0x00000000      0x9e8
 *(.debug_line)
 .debug_line    0x00000000      0x43a obj/obj//./../usbdrv/usbdrv.o
 .debug_line    0x0000043a      0x355 obj/obj//main.o
 .debug_line    0x0000078f       0xc4 obj/obj//../osccal/osccal.o
 .debug_line    0x00000853       0x3e obj/obj//../usbdrv/oddebug.o
 .debug_line    0x00000891      0x157 obj/obj//timers.o

.debug_frame    0x00000000      0x140
 *(.debug_frame)
 .debug_frame   0x00000000       0x40 obj/obj//./../usbdrv/usbdrv.o
 .debug_frame   0x00000040       0x70 obj/obj//main.o
 .debug_frame   0x000000b0       0x20 obj/obj//../osccal/osccal.o
 .debug_frame   0x000000d0       0x70 obj/obj//timers.o

.debug_str      0x00000000      0x82d
 *(.debug_str)
 .debug_str     0x00000000      0x3ff obj/obj//./../usbdrv/usbdrv.o
                                0x44d (size before relaxing)
 .debug_str     0x000003ff      0x2ff obj/obj//main.o
                                0x4a9 (size before relaxing)
 .debug_str     0x000006fe       0x5b obj/obj//../osccal/osccal.o
                                0x135 (size before relaxing)
 .debug_str     0x00000759       0x14 obj/obj//../usbdrv/oddebug.o
                                 0xee (size before relaxing)
 .debug_str     0x0000076d       0xc0 obj/obj//timers.o
                                0x20e (size before relaxing)

.debug_loc      0x00000000      0x6d8
 *(.debug_loc)
 .debug_loc     0x00000000      0x4a4 obj/obj//./../usbdrv/usbdrv.o
 .debug_loc     0x000004a4      0x12d obj/obj//main.o
 .debug_loc     0x000005d1       0x71 obj/obj//../osccal/osccal.o
 .debug_loc     0x00000642       0x96 obj/obj//timers.o

.debug_macinfo
 *(.debug_macinfo)
OUTPUT(application.elf elf32-avr)
LOAD linker stubs

.debug_ranges   0x00000000       0x38
 .debug_ranges  0x00000000       0x38 obj/obj//./../usbdrv/usbdrv.o

Cross Reference Table

Symbol                                            File
Timer_HasExpired                                  obj/obj//timers.o
                                                  obj/obj//main.o
Timer_Reset                                       obj/obj//timers.o
                                                  obj/obj//main.o
Timer_Set                                         obj/obj//timers.o
                                                  obj/obj//main.o
Timer_SetExpired                                  obj/obj//timers.o
Timers_DecreaseAll                                obj/obj//timers.o
                                                  obj/obj//main.o
Timers_Init                                       obj/obj//timers.o
__bad_interrupt                                   /usr/lib/gcc/avr/4.3.4/../../../avr/lib/avr25/crttn861.o
__bss_end                                         /usr/lib/gcc/avr/4.3.4/avr25/libgcc.a(_clear_bss.o)
__bss_start                                       /usr/lib/gcc/avr/4.3.4/avr25/libgcc.a(_clear_bss.o)
__data_end                                        /usr/lib/gcc/avr/4.3.4/avr25/libgcc.a(_copy_data.o)
__data_load_start                                 /usr/lib/gcc/avr/4.3.4/avr25/libgcc.a(_copy_data.o)
__data_start                                      /usr/lib/gcc/avr/4.3.4/avr25/libgcc.a(_copy_data.o)
__do_clear_bss                                    /usr/lib/gcc/avr/4.3.4/avr25/libgcc.a(_clear_bss.o)
                                                  /usr/lib/gcc/avr/4.3.4/../../../avr/lib/avr25/libc.a(fputc.o)
                                                  /usr/lib/gcc/avr/4.3.4/../../../avr/lib/avr25/libc.a(vfprintf_std.o)
                                                  /usr/lib/gcc/avr/4.3.4/../../../avr/lib/avr25/libc.a(printf_p.o)
                                                  /usr/lib/gcc/avr/4.3.4/../../../avr/lib/avr25/libc.a(iob.o)
                                                  obj/obj//timers.o
                                                  obj/obj//../usbdrv/oddebug.o
                                                  obj/obj//../osccal/osccal.o
                                                  obj/obj//main.o
                                                  obj/obj//./../usbdrv/usbdrv.o
__do_copy_data                                    /usr/lib/gcc/avr/4.3.4/avr25/libgcc.a(_copy_data.o)
                                                  /usr/lib/gcc/avr/4.3.4/../../../avr/lib/avr25/libc.a(fputc.o)
                                                  /usr/lib/gcc/avr/4.3.4/../../../avr/lib/avr25/libc.a(vfprintf_std.o)
                                                  /usr/lib/gcc/avr/4.3.4/../../../avr/lib/avr25/libc.a(printf_p.o)
                                                  /usr/lib/gcc/avr/4.3.4/../../../avr/lib/avr25/libc.a(iob.o)
                                                  obj/obj//timers.o
                                                  obj/obj//../usbdrv/oddebug.o
                                                  obj/obj//../osccal/osccal.o
                                                  obj/obj//main.o
                                                  obj/obj//./../usbdrv/usbdrv.o
__epilogue_restores__                             /usr/lib/gcc/avr/4.3.4/avr25/libgcc.a(_epilogue.o)
                                                  /usr/lib/gcc/avr/4.3.4/../../../avr/lib/avr25/libc.a(vfprintf_std.o)
                                                  /usr/lib/gcc/avr/4.3.4/../../../avr/lib/avr25/libc.a(printf_p.o)
                                                  obj/obj//../osccal/osccal.o
__heap_end                                        /usr/lib/gcc/avr/4.3.4/../../../avr/lib/avr25/crttn861.o
__init                                            /usr/lib/gcc/avr/4.3.4/../../../avr/lib/avr25/crttn861.o
__iob                                             /usr/lib/gcc/avr/4.3.4/../../../avr/lib/avr25/libc.a(printf_p.o)
                                                  /usr/lib/gcc/avr/4.3.4/../../../avr/lib/avr25/libc.a(iob.o)
                                                  obj/obj//main.o
__mulhi3                                          /usr/lib/gcc/avr/4.3.4/avr25/libgcc.a(_mulhi3.o)
                                                  /usr/lib/gcc/avr/4.3.4/../../../avr/lib/avr25/libc.a(vfprintf_std.o)
__prologue_saves__                                /usr/lib/gcc/avr/4.3.4/avr25/libgcc.a(_prologue.o)
                                                  /usr/lib/gcc/avr/4.3.4/../../../avr/lib/avr25/libc.a(vfprintf_std.o)
                                                  /usr/lib/gcc/avr/4.3.4/../../../avr/lib/avr25/libc.a(printf_p.o)
__stack                                           /usr/lib/gcc/avr/4.3.4/../../../avr/lib/avr25/crttn861.o
__ultoa_invert                                    /usr/lib/gcc/avr/4.3.4/../../../avr/lib/avr25/libc.a(ultoa_invert.o)
                                                  /usr/lib/gcc/avr/4.3.4/../../../avr/lib/avr25/libc.a(vfprintf_std.o)
__vector_1                                        obj/obj//./../usbdrv/usbdrvasm.o
                                                  /usr/lib/gcc/avr/4.3.4/../../../avr/lib/avr25/crttn861.o
__vector_10                                       /usr/lib/gcc/avr/4.3.4/../../../avr/lib/avr25/crttn861.o
__vector_11                                       /usr/lib/gcc/avr/4.3.4/../../../avr/lib/avr25/crttn861.o
__vector_12                                       /usr/lib/gcc/avr/4.3.4/../../../avr/lib/avr25/crttn861.o
__vector_13                                       /usr/lib/gcc/avr/4.3.4/../../../avr/lib/avr25/crttn861.o
__vector_14                                       /usr/lib/gcc/avr/4.3.4/../../../avr/lib/avr25/crttn861.o
__vector_15                                       /usr/lib/gcc/avr/4.3.4/../../../avr/lib/avr25/crttn861.o
__vector_16                                       /usr/lib/gcc/avr/4.3.4/../../../avr/lib/avr25/crttn861.o
__vector_17                                       /usr/lib/gcc/avr/4.3.4/../../../avr/lib/avr25/crttn861.o
__vector_18                                       /usr/lib/gcc/avr/4.3.4/../../../avr/lib/avr25/crttn861.o
__vector_2                                        /usr/lib/gcc/avr/4.3.4/../../../avr/lib/avr25/crttn861.o
__vector_3                                        /usr/lib/gcc/avr/4.3.4/../../../avr/lib/avr25/crttn861.o
__vector_4                                        /usr/lib/gcc/avr/4.3.4/../../../avr/lib/avr25/crttn861.o
__vector_5                                        /usr/lib/gcc/avr/4.3.4/../../../avr/lib/avr25/crttn861.o
__vector_6                                        obj/obj//main.o
                                                  /usr/lib/gcc/avr/4.3.4/../../../avr/lib/avr25/crttn861.o
__vector_7                                        /usr/lib/gcc/avr/4.3.4/../../../avr/lib/avr25/crttn861.o
__vector_8                                        /usr/lib/gcc/avr/4.3.4/../../../avr/lib/avr25/crttn861.o
__vector_9                                        /usr/lib/gcc/avr/4.3.4/../../../avr/lib/avr25/crttn861.o
__vector_default                                  /usr/lib/gcc/avr/4.3.4/../../../avr/lib/avr25/crttn861.o
__vectors                                         /usr/lib/gcc/avr/4.3.4/../../../avr/lib/avr25/crttn861.o
_exit                                             /usr/lib/gcc/avr/4.3.4/avr25/libgcc.a(_exit.o)
calibrateOscillator                               obj/obj//../osccal/osccal.o
                                                  obj/obj//./../usbdrv/usbdrv.o
exit                                              /usr/lib/gcc/avr/4.3.4/avr25/libgcc.a(_exit.o)
                                                  /usr/lib/gcc/avr/4.3.4/../../../avr/lib/avr25/crttn861.o
fputc                                             /usr/lib/gcc/avr/4.3.4/../../../avr/lib/avr25/libc.a(fputc.o)
                                                  /usr/lib/gcc/avr/4.3.4/../../../avr/lib/avr25/libc.a(vfprintf_std.o)
main                                              obj/obj//main.o
                                                  /usr/lib/gcc/avr/4.3.4/../../../avr/lib/avr25/crttn861.o
printf_P                                          /usr/lib/gcc/avr/4.3.4/../../../avr/lib/avr25/libc.a(printf_p.o)
                                                  obj/obj//main.o
strnlen                                           /usr/lib/gcc/avr/4.3.4/../../../avr/lib/avr25/libc.a(strnlen.o)
                                                  /usr/lib/gcc/avr/4.3.4/../../../avr/lib/avr25/libc.a(vfprintf_std.o)
strnlen_P                                         /usr/lib/gcc/avr/4.3.4/../../../avr/lib/avr25/libc.a(strnlen_P.o)
                                                  /usr/lib/gcc/avr/4.3.4/../../../avr/lib/avr25/libc.a(vfprintf_std.o)
usbConfiguration                                  obj/obj//./../usbdrv/usbdrv.o
usbCrc16                                          obj/obj//./../usbdrv/usbdrvasm.o
usbCrc16Append                                    obj/obj//./../usbdrv/usbdrvasm.o
                                                  obj/obj//./../usbdrv/usbdrv.o
usbCurrentTok                                     obj/obj//./../usbdrv/usbdrvasm.o
                                                  obj/obj//./../usbdrv/usbdrv.o
usbDescriptorConfiguration                        obj/obj//./../usbdrv/usbdrv.o
usbDescriptorDevice                               obj/obj//./../usbdrv/usbdrv.o
usbDescriptorHidReport                            obj/obj//main.o
                                                  obj/obj//./../usbdrv/usbdrv.o
usbDescriptorString0                              obj/obj//./../usbdrv/usbdrv.o
usbDescriptorStringDevice                         obj/obj//./../usbdrv/usbdrv.o
usbDescriptorStringVendor                         obj/obj//./../usbdrv/usbdrv.o
usbDeviceAddr                                     obj/obj//./../usbdrv/usbdrvasm.o
                                                  obj/obj//./../usbdrv/usbdrv.o
usbFunctionRead                                   obj/obj//main.o
usbFunctionSetup                                  obj/obj//main.o
                                                  obj/obj//./../usbdrv/usbdrv.o
usbFunctionWrite                                  obj/obj//main.o
                                                  obj/obj//./../usbdrv/usbdrv.o
usbInit                                           obj/obj//./../usbdrv/usbdrv.o
                                                  obj/obj//main.o
usbInputBufOffset                                 obj/obj//./../usbdrv/usbdrvasm.o
                                                  obj/obj//./../usbdrv/usbdrv.o
usbMeasureFrameLength                             obj/obj//./../usbdrv/usbdrvasm.o
                                                  obj/obj//../osccal/osccal.o
usbMsgPtr                                         obj/obj//main.o
                                                  obj/obj//./../usbdrv/usbdrv.o
usbNewDeviceAddr                                  obj/obj//./../usbdrv/usbdrvasm.o
                                                  obj/obj//./../usbdrv/usbdrv.o
usbPoll                                           obj/obj//./../usbdrv/usbdrv.o
                                                  obj/obj//main.o
usbRxBuf                                          obj/obj//./../usbdrv/usbdrvasm.o
                                                  obj/obj//./../usbdrv/usbdrv.o
usbRxLen                                          obj/obj//./../usbdrv/usbdrvasm.o
                                                  obj/obj//./../usbdrv/usbdrv.o
usbRxToken                                        obj/obj//./../usbdrv/usbdrvasm.o
                                                  obj/obj//./../usbdrv/usbdrv.o
usbSetInterrupt                                   obj/obj//./../usbdrv/usbdrv.o
                                                  obj/obj//main.o
usbTxBuf                                          obj/obj//./../usbdrv/usbdrvasm.o
                                                  obj/obj//./../usbdrv/usbdrv.o
usbTxLen                                          obj/obj//./../usbdrv/usbdrv.o
                                                  obj/obj//./../usbdrv/usbdrvasm.o
usbTxStatus1                                      obj/obj//./../usbdrv/usbdrvasm.o
                                                  obj/obj//main.o
                                                  obj/obj//./../usbdrv/usbdrv.o
vfprintf                                          /usr/lib/gcc/avr/4.3.4/../../../avr/lib/avr25/libc.a(vfprintf_std.o)
                                                  /usr/lib/gcc/avr/4.3.4/../../../avr/lib/avr25/libc.a(printf_p.o)
