Archive member included because of file (symbol)

/usr/lib/gcc/avr/4.3.5/../../../avr/lib/avr25/libprintf_min.a(vfprintf_min.o)
                              (vfprintf)
/usr/lib/gcc/avr/4.3.5/avr25/libgcc.a(_prologue.o)
                              /usr/lib/gcc/avr/4.3.5/../../../avr/lib/avr25/libprintf_min.a(vfprintf_min.o) (__prologue_saves__)
/usr/lib/gcc/avr/4.3.5/avr25/libgcc.a(_epilogue.o)
                              /usr/lib/gcc/avr/4.3.5/../../../avr/lib/avr25/libprintf_min.a(vfprintf_min.o) (__epilogue_restores__)
/usr/lib/gcc/avr/4.3.5/avr25/libgcc.a(_exit.o)
                              /usr/lib/gcc/avr/4.3.5/../../../avr/lib/avr25/crttn861.o (exit)
/usr/lib/gcc/avr/4.3.5/../../../avr/lib/avr25/libc.a(strchr_P.o)
                              /usr/lib/gcc/avr/4.3.5/../../../avr/lib/avr25/libprintf_min.a(vfprintf_min.o) (strchr_P)
/usr/lib/gcc/avr/4.3.5/../../../avr/lib/avr25/libc.a(fputc.o)
                              /usr/lib/gcc/avr/4.3.5/../../../avr/lib/avr25/libprintf_min.a(vfprintf_min.o) (fputc)
/usr/lib/gcc/avr/4.3.5/../../../avr/lib/avr25/libc.a(ultoa_invert.o)
                              /usr/lib/gcc/avr/4.3.5/../../../avr/lib/avr25/libprintf_min.a(vfprintf_min.o) (__ultoa_invert)

Memory Configuration

Name             Origin             Length             Attributes
text             0x0000000000000000 0x0000000000002000 xr
data             0x0000000000800060 0x000000000000ffa0 rw !x
eeprom           0x0000000000810000 0x0000000000010000 rw !x
fuse             0x0000000000820000 0x0000000000000400 rw !x
lock             0x0000000000830000 0x0000000000000400 rw !x
signature        0x0000000000840000 0x0000000000000400 rw !x
*default*        0x0000000000000000 0xffffffffffffffff

Linker script and memory map

LOAD /usr/lib/gcc/avr/4.3.5/../../../avr/lib/avr25/crttn861.o
LOAD /usr/lib/gcc/avr/4.3.5/../../../avr/lib/avr25/libprintf_min.a
LOAD /usr/lib/gcc/avr/4.3.5/../../../avr/lib/avr25/libm.a
LOAD /usr/lib/gcc/avr/4.3.5/avr25/libgcc.a
LOAD /usr/lib/gcc/avr/4.3.5/../../../avr/lib/avr25/libc.a
LOAD /usr/lib/gcc/avr/4.3.5/avr25/libgcc.a

.hash
 *(.hash)

.dynsym
 *(.dynsym)

.dynstr
 *(.dynstr)

.gnu.version
 *(.gnu.version)

.gnu.version_d
 *(.gnu.version_d)

.gnu.version_r
 *(.gnu.version_r)

.rel.init
 *(.rel.init)

.rela.init
 *(.rela.init)

.rel.text
 *(.rel.text)
 *(.rel.text.*)
 *(.rel.gnu.linkonce.t*)

.rela.text
 *(.rela.text)
 *(.rela.text.*)
 *(.rela.gnu.linkonce.t*)

.rel.fini
 *(.rel.fini)

.rela.fini
 *(.rela.fini)

.rel.rodata
 *(.rel.rodata)
 *(.rel.rodata.*)
 *(.rel.gnu.linkonce.r*)

.rela.rodata
 *(.rela.rodata)
 *(.rela.rodata.*)
 *(.rela.gnu.linkonce.r*)

.rel.data
 *(.rel.data)
 *(.rel.data.*)
 *(.rel.gnu.linkonce.d*)

.rela.data
 *(.rela.data)
 *(.rela.data.*)
 *(.rela.gnu.linkonce.d*)

.rel.ctors
 *(.rel.ctors)

.rela.ctors
 *(.rela.ctors)

.rel.dtors
 *(.rel.dtors)

.rela.dtors
 *(.rela.dtors)

.rel.got
 *(.rel.got)

.rela.got
 *(.rela.got)

.rel.bss
 *(.rel.bss)

.rela.bss
 *(.rela.bss)

.rel.plt
 *(.rel.plt)

.rela.plt
 *(.rela.plt)

.text           0x0000000000000000      0x416
 *(.vectors)
 .vectors       0x0000000000000000       0x26 /usr/lib/gcc/avr/4.3.5/../../../avr/lib/avr25/crttn861.o
                0x0000000000000000                __vectors
                0x0000000000000000                __vector_default
 *(.vectors)
 *(.progmem.gcc*)
 *(.progmem*)
 .progmem.data  0x0000000000000026       0x17 /usr/lib/gcc/avr/4.3.5/../../../avr/lib/avr25/libprintf_min.a(vfprintf_min.o)
                0x000000000000003e                . = ALIGN (0x2)
 *fill*         0x000000000000003d        0x1 00
                0x000000000000003e                __trampolines_start = .
 *(.trampolines)
 .trampolines   0x000000000000003e        0x0 linker stubs
 *(.trampolines*)
                0x000000000000003e                __trampolines_end = .
 *(.jumptables)
 *(.jumptables*)
 *(.lowtext)
 *(.lowtext*)
                0x000000000000003e                __ctors_start = .
 *(.ctors)
                0x000000000000003e                __ctors_end = .
                0x000000000000003e                __dtors_start = .
 *(.dtors)
                0x000000000000003e                __dtors_end = .
 SORT(*)(.ctors)
 SORT(*)(.dtors)
 *(.init0)
 .init0         0x000000000000003e        0x0 /usr/lib/gcc/avr/4.3.5/../../../avr/lib/avr25/crttn861.o
                0x000000000000003e                __init
 *(.init0)
 *(.init1)
 *(.init1)
 *(.init2)
 .init2         0x000000000000003e        0xc /usr/lib/gcc/avr/4.3.5/../../../avr/lib/avr25/crttn861.o
 *(.init2)
 *(.init3)
 *(.init3)
 *(.init4)
 *(.init4)
 *(.init5)
 *(.init5)
 *(.init6)
 *(.init6)
 *(.init7)
 *(.init7)
 *(.init8)
 *(.init8)
 *(.init9)
 .init9         0x000000000000004a        0x4 /usr/lib/gcc/avr/4.3.5/../../../avr/lib/avr25/crttn861.o
 *(.init9)
 *(.text)
 .text          0x000000000000004e        0x2 /usr/lib/gcc/avr/4.3.5/../../../avr/lib/avr25/crttn861.o
                0x000000000000004e                __vector_1
                0x000000000000004e                __vector_12
                0x000000000000004e                __bad_interrupt
                0x000000000000004e                __vector_6
                0x000000000000004e                __vector_3
                0x000000000000004e                __vector_11
                0x000000000000004e                __vector_13
                0x000000000000004e                __vector_17
                0x000000000000004e                __vector_7
                0x000000000000004e                __vector_5
                0x000000000000004e                __vector_4
                0x000000000000004e                __vector_9
                0x000000000000004e                __vector_2
                0x000000000000004e                __vector_15
                0x000000000000004e                __vector_8
                0x000000000000004e                __vector_14
                0x000000000000004e                __vector_10
                0x000000000000004e                __vector_16
                0x000000000000004e                __vector_18
 .text          0x0000000000000050        0x0 /usr/lib/gcc/avr/4.3.5/../../../avr/lib/avr25/libprintf_min.a(vfprintf_min.o)
 .text          0x0000000000000050        0x0 /usr/lib/gcc/avr/4.3.5/avr25/libgcc.a(_prologue.o)
 .text          0x0000000000000050        0x0 /usr/lib/gcc/avr/4.3.5/avr25/libgcc.a(_epilogue.o)
 .text          0x0000000000000050        0x0 /usr/lib/gcc/avr/4.3.5/avr25/libgcc.a(_exit.o)
 .text          0x0000000000000050        0x0 /usr/lib/gcc/avr/4.3.5/../../../avr/lib/avr25/libc.a(strchr_P.o)
 .text          0x0000000000000050        0x0 /usr/lib/gcc/avr/4.3.5/../../../avr/lib/avr25/libc.a(fputc.o)
 .text          0x0000000000000050        0x0 /usr/lib/gcc/avr/4.3.5/../../../avr/lib/avr25/libc.a(ultoa_invert.o)
                0x0000000000000050                . = ALIGN (0x2)
 *(.text.*)
 .text.avr-libc
                0x0000000000000050      0x226 /usr/lib/gcc/avr/4.3.5/../../../avr/lib/avr25/libprintf_min.a(vfprintf_min.o)
                0x0000000000000050                vfprintf
 .text.libgcc   0x0000000000000276       0x38 /usr/lib/gcc/avr/4.3.5/avr25/libgcc.a(_prologue.o)
                0x0000000000000276                __prologue_saves__
 .text.libgcc   0x00000000000002ae       0x36 /usr/lib/gcc/avr/4.3.5/avr25/libgcc.a(_epilogue.o)
                0x00000000000002ae                __epilogue_restores__
 .text.libgcc   0x00000000000002e4        0x0 /usr/lib/gcc/avr/4.3.5/avr25/libgcc.a(_exit.o)
 .text.avr-libc
                0x00000000000002e4       0x16 /usr/lib/gcc/avr/4.3.5/../../../avr/lib/avr25/libc.a(strchr_P.o)
                0x00000000000002e4                strchr_P
 .text.avr-libc
                0x00000000000002fa       0x58 /usr/lib/gcc/avr/4.3.5/../../../avr/lib/avr25/libc.a(fputc.o)
                0x00000000000002fa                fputc
 .text.avr-libc
                0x0000000000000352       0xc0 /usr/lib/gcc/avr/4.3.5/../../../avr/lib/avr25/libc.a(ultoa_invert.o)
                0x0000000000000352                __ultoa_invert
                0x0000000000000412                . = ALIGN (0x2)
 *(.fini9)
 .fini9         0x0000000000000412        0x0 /usr/lib/gcc/avr/4.3.5/avr25/libgcc.a(_exit.o)
                0x0000000000000412                exit
                0x0000000000000412                _exit
 *(.fini9)
 *(.fini8)
 *(.fini8)
 *(.fini7)
 *(.fini7)
 *(.fini6)
 *(.fini6)
 *(.fini5)
 *(.fini5)
 *(.fini4)
 *(.fini4)
 *(.fini3)
 *(.fini3)
 *(.fini2)
 *(.fini2)
 *(.fini1)
 *(.fini1)
 *(.fini0)
 .fini0         0x0000000000000412        0x4 /usr/lib/gcc/avr/4.3.5/avr25/libgcc.a(_exit.o)
 *(.fini0)
                0x0000000000000416                _etext = .

.data           0x0000000000800060        0x0 load address 0x0000000000000416
                0x0000000000800060                PROVIDE (__data_start, .)
 *(.data)
 .data          0x0000000000800060        0x0 /usr/lib/gcc/avr/4.3.5/../../../avr/lib/avr25/crttn861.o
 .data          0x0000000000800060        0x0 /usr/lib/gcc/avr/4.3.5/../../../avr/lib/avr25/libprintf_min.a(vfprintf_min.o)
 .data          0x0000000000800060        0x0 /usr/lib/gcc/avr/4.3.5/avr25/libgcc.a(_prologue.o)
 .data          0x0000000000800060        0x0 /usr/lib/gcc/avr/4.3.5/avr25/libgcc.a(_epilogue.o)
 .data          0x0000000000800060        0x0 /usr/lib/gcc/avr/4.3.5/avr25/libgcc.a(_exit.o)
 .data          0x0000000000800060        0x0 /usr/lib/gcc/avr/4.3.5/../../../avr/lib/avr25/libc.a(strchr_P.o)
 .data          0x0000000000800060        0x0 /usr/lib/gcc/avr/4.3.5/../../../avr/lib/avr25/libc.a(fputc.o)
 .data          0x0000000000800060        0x0 /usr/lib/gcc/avr/4.3.5/../../../avr/lib/avr25/libc.a(ultoa_invert.o)
 *(.data*)
 *(.rodata)
 *(.rodata*)
 *(.gnu.linkonce.d*)
                0x0000000000800060                . = ALIGN (0x2)
                0x0000000000800060                _edata = .
                0x0000000000800060                PROVIDE (__data_end, .)

.bss            0x0000000000800060        0x0
                0x0000000000800060                PROVIDE (__bss_start, .)
 *(.bss)
 .bss           0x0000000000800060        0x0 /usr/lib/gcc/avr/4.3.5/../../../avr/lib/avr25/crttn861.o
 .bss           0x0000000000800060        0x0 /usr/lib/gcc/avr/4.3.5/../../../avr/lib/avr25/libprintf_min.a(vfprintf_min.o)
 .bss           0x0000000000800060        0x0 /usr/lib/gcc/avr/4.3.5/avr25/libgcc.a(_prologue.o)
 .bss           0x0000000000800060        0x0 /usr/lib/gcc/avr/4.3.5/avr25/libgcc.a(_epilogue.o)
 .bss           0x0000000000800060        0x0 /usr/lib/gcc/avr/4.3.5/avr25/libgcc.a(_exit.o)
 .bss           0x0000000000800060        0x0 /usr/lib/gcc/avr/4.3.5/../../../avr/lib/avr25/libc.a(strchr_P.o)
 .bss           0x0000000000800060        0x0 /usr/lib/gcc/avr/4.3.5/../../../avr/lib/avr25/libc.a(fputc.o)
 .bss           0x0000000000800060        0x0 /usr/lib/gcc/avr/4.3.5/../../../avr/lib/avr25/libc.a(ultoa_invert.o)
 *(.bss*)
 *(COMMON)
                0x0000000000800060                PROVIDE (__bss_end, .)
                0x0000000000000416                __data_load_start = LOADADDR (.data)
                0x0000000000000416                __data_load_end = (__data_load_start + SIZEOF (.data))

.noinit         0x0000000000800060        0x0
                0x0000000000800060                PROVIDE (__noinit_start, .)
 *(.noinit*)
                0x0000000000800060                PROVIDE (__noinit_end, .)
                0x0000000000800060                _end = .
                0x0000000000800060                PROVIDE (__heap_start, .)

.eeprom         0x0000000000810000        0x0
 *(.eeprom*)
                0x0000000000810000                __eeprom_end = .

.fuse
 *(.fuse)
 *(.lfuse)
 *(.hfuse)
 *(.efuse)

.lock
 *(.lock*)

.signature
 *(.signature*)

.stab           0x0000000000000000     0x15e4
 *(.stab)
 .stab          0x0000000000000000      0x6b4 /usr/lib/gcc/avr/4.3.5/../../../avr/lib/avr25/crttn861.o
 .stab          0x00000000000006b4      0x828 /usr/lib/gcc/avr/4.3.5/../../../avr/lib/avr25/libprintf_min.a(vfprintf_min.o)
                                        0x834 (size before relaxing)
 .stab          0x0000000000000edc       0x9c /usr/lib/gcc/avr/4.3.5/../../../avr/lib/avr25/libc.a(strchr_P.o)
                                         0xa8 (size before relaxing)
 .stab          0x0000000000000f78      0x1d4 /usr/lib/gcc/avr/4.3.5/../../../avr/lib/avr25/libc.a(fputc.o)
                                        0x3b4 (size before relaxing)
 .stab          0x000000000000114c      0x498 /usr/lib/gcc/avr/4.3.5/../../../avr/lib/avr25/libc.a(ultoa_invert.o)
                                        0x4a4 (size before relaxing)

.stabstr        0x0000000000000000      0xc09
 *(.stabstr)
 .stabstr       0x0000000000000000      0xc09 /usr/lib/gcc/avr/4.3.5/../../../avr/lib/avr25/crttn861.o

.stab.excl
 *(.stab.excl)

.stab.exclstr
 *(.stab.exclstr)

.stab.index
 *(.stab.index)

.stab.indexstr
 *(.stab.indexstr)

.comment
 *(.comment)

.debug
 *(.debug)

.line
 *(.line)

.debug_srcinfo
 *(.debug_srcinfo)

.debug_sfnames
 *(.debug_sfnames)

.debug_aranges
 *(.debug_aranges)

.debug_pubnames
 *(.debug_pubnames)

.debug_info
 *(.debug_info)
 *(.gnu.linkonce.wi.*)

.debug_abbrev
 *(.debug_abbrev)

.debug_line
 *(.debug_line)

.debug_frame
 *(.debug_frame)

.debug_str
 *(.debug_str)

.debug_loc
 *(.debug_loc)

.debug_macinfo
 *(.debug_macinfo)
OUTPUT(main.elf elf32-avr)
LOAD linker stubs

Cross Reference Table

Symbol                                            File
__bad_interrupt                                   /usr/lib/gcc/avr/4.3.5/../../../avr/lib/avr25/crttn861.o
__epilogue_restores__                             /usr/lib/gcc/avr/4.3.5/avr25/libgcc.a(_epilogue.o)
                                                  /usr/lib/gcc/avr/4.3.5/../../../avr/lib/avr25/libprintf_min.a(vfprintf_min.o)
__heap_end                                        /usr/lib/gcc/avr/4.3.5/../../../avr/lib/avr25/crttn861.o
__init                                            /usr/lib/gcc/avr/4.3.5/../../../avr/lib/avr25/crttn861.o
__prologue_saves__                                /usr/lib/gcc/avr/4.3.5/avr25/libgcc.a(_prologue.o)
                                                  /usr/lib/gcc/avr/4.3.5/../../../avr/lib/avr25/libprintf_min.a(vfprintf_min.o)
__stack                                           /usr/lib/gcc/avr/4.3.5/../../../avr/lib/avr25/crttn861.o
__ultoa_invert                                    /usr/lib/gcc/avr/4.3.5/../../../avr/lib/avr25/libc.a(ultoa_invert.o)
                                                  /usr/lib/gcc/avr/4.3.5/../../../avr/lib/avr25/libprintf_min.a(vfprintf_min.o)
__vector_1                                        /usr/lib/gcc/avr/4.3.5/../../../avr/lib/avr25/crttn861.o
__vector_10                                       /usr/lib/gcc/avr/4.3.5/../../../avr/lib/avr25/crttn861.o
__vector_11                                       /usr/lib/gcc/avr/4.3.5/../../../avr/lib/avr25/crttn861.o
__vector_12                                       /usr/lib/gcc/avr/4.3.5/../../../avr/lib/avr25/crttn861.o
__vector_13                                       /usr/lib/gcc/avr/4.3.5/../../../avr/lib/avr25/crttn861.o
__vector_14                                       /usr/lib/gcc/avr/4.3.5/../../../avr/lib/avr25/crttn861.o
__vector_15                                       /usr/lib/gcc/avr/4.3.5/../../../avr/lib/avr25/crttn861.o
__vector_16                                       /usr/lib/gcc/avr/4.3.5/../../../avr/lib/avr25/crttn861.o
__vector_17                                       /usr/lib/gcc/avr/4.3.5/../../../avr/lib/avr25/crttn861.o
__vector_18                                       /usr/lib/gcc/avr/4.3.5/../../../avr/lib/avr25/crttn861.o
__vector_2                                        /usr/lib/gcc/avr/4.3.5/../../../avr/lib/avr25/crttn861.o
__vector_3                                        /usr/lib/gcc/avr/4.3.5/../../../avr/lib/avr25/crttn861.o
__vector_4                                        /usr/lib/gcc/avr/4.3.5/../../../avr/lib/avr25/crttn861.o
__vector_5                                        /usr/lib/gcc/avr/4.3.5/../../../avr/lib/avr25/crttn861.o
__vector_6                                        /usr/lib/gcc/avr/4.3.5/../../../avr/lib/avr25/crttn861.o
__vector_7                                        /usr/lib/gcc/avr/4.3.5/../../../avr/lib/avr25/crttn861.o
__vector_8                                        /usr/lib/gcc/avr/4.3.5/../../../avr/lib/avr25/crttn861.o
__vector_9                                        /usr/lib/gcc/avr/4.3.5/../../../avr/lib/avr25/crttn861.o
__vector_default                                  /usr/lib/gcc/avr/4.3.5/../../../avr/lib/avr25/crttn861.o
__vectors                                         /usr/lib/gcc/avr/4.3.5/../../../avr/lib/avr25/crttn861.o
_exit                                             /usr/lib/gcc/avr/4.3.5/avr25/libgcc.a(_exit.o)
exit                                              /usr/lib/gcc/avr/4.3.5/avr25/libgcc.a(_exit.o)
                                                  /usr/lib/gcc/avr/4.3.5/../../../avr/lib/avr25/crttn861.o
fputc                                             /usr/lib/gcc/avr/4.3.5/../../../avr/lib/avr25/libc.a(fputc.o)
                                                  /usr/lib/gcc/avr/4.3.5/../../../avr/lib/avr25/libprintf_min.a(vfprintf_min.o)
main                                              /usr/lib/gcc/avr/4.3.5/../../../avr/lib/avr25/crttn861.o
strchr_P                                          /usr/lib/gcc/avr/4.3.5/../../../avr/lib/avr25/libc.a(strchr_P.o)
                                                  /usr/lib/gcc/avr/4.3.5/../../../avr/lib/avr25/libprintf_min.a(vfprintf_min.o)
vfprintf                                          /usr/lib/gcc/avr/4.3.5/../../../avr/lib/avr25/libprintf_min.a(vfprintf_min.o)
