Archive member included to satisfy reference by file (symbol)

/usr/lib/gcc/avr/5.4.0/../../../avr/lib/avr25/libprintf_min.a(vfprintf_min.o)
                              (vfprintf)
/usr/lib/gcc/avr/5.4.0/avr25/libgcc.a(_mulhi3.o)
                              obj/obj/main.o (__mulhi3)
/usr/lib/gcc/avr/5.4.0/avr25/libgcc.a(_mulsi3.o)
                              obj/obj/main.o (__mulsi3)
/usr/lib/gcc/avr/5.4.0/avr25/libgcc.a(_divmodhi4.o)
                              obj/obj/main.o (__divmodhi4)
/usr/lib/gcc/avr/5.4.0/avr25/libgcc.a(_exit.o)
                              /usr/lib/gcc/avr/5.4.0/../../../avr/lib/avr25/crtattiny861.o (exit)
/usr/lib/gcc/avr/5.4.0/avr25/libgcc.a(_copy_data.o)
                              obj/obj/./../usbdrv/usbdrv.o (__do_copy_data)
/usr/lib/gcc/avr/5.4.0/avr25/libgcc.a(_clear_bss.o)
                              obj/obj/./../usbdrv/usbdrv.o (__do_clear_bss)
/usr/lib/gcc/avr/5.4.0/avr25/libgcc.a(_prologue.o)
                              obj/obj/main.o (__prologue_saves__)
/usr/lib/gcc/avr/5.4.0/avr25/libgcc.a(_epilogue.o)
                              obj/obj/main.o (__epilogue_restores__)
/usr/lib/gcc/avr/5.4.0/avr25/libgcc.a(_udivmodhi4.o)
                              /usr/lib/gcc/avr/5.4.0/avr25/libgcc.a(_divmodhi4.o) (__udivmodhi4)
/usr/lib/gcc/avr/5.4.0/../../../avr/lib/avr25/libc.a(strchr_P.o)
                              /usr/lib/gcc/avr/5.4.0/../../../avr/lib/avr25/libprintf_min.a(vfprintf_min.o) (strchr_P)
/usr/lib/gcc/avr/5.4.0/../../../avr/lib/avr25/libc.a(fputc.o)
                              /usr/lib/gcc/avr/5.4.0/../../../avr/lib/avr25/libprintf_min.a(vfprintf_min.o) (fputc)
/usr/lib/gcc/avr/5.4.0/../../../avr/lib/avr25/libc.a(iob.o)
                              obj/obj/main.o (__iob)
/usr/lib/gcc/avr/5.4.0/../../../avr/lib/avr25/libc.a(printf_p.o)
                              obj/obj/main.o (printf_P)
/usr/lib/gcc/avr/5.4.0/../../../avr/lib/avr25/libc.a(ultoa_invert.o)
                              /usr/lib/gcc/avr/5.4.0/../../../avr/lib/avr25/libprintf_min.a(vfprintf_min.o) (__ultoa_invert)

Allocating common symbols
Common symbol       size              file

usbTxBuf            0xb               obj/obj/./../usbdrv/usbdrv.o
usbTxStatus1        0xc               obj/obj/./../usbdrv/usbdrv.o
usbDeviceAddr       0x1               obj/obj/./../usbdrv/usbdrv.o
usbRxToken          0x1               obj/obj/./../usbdrv/usbdrv.o
usbInputBufOffset   0x1               obj/obj/./../usbdrv/usbdrv.o
usbMsgPtr           0x2               obj/obj/./../usbdrv/usbdrv.o
usbRxLen            0x1               obj/obj/./../usbdrv/usbdrv.o
usbNewDeviceAddr    0x1               obj/obj/./../usbdrv/usbdrv.o
usbCurrentTok       0x1               obj/obj/./../usbdrv/usbdrv.o
usbConfiguration    0x1               obj/obj/./../usbdrv/usbdrv.o
usbRxBuf            0x16              obj/obj/./../usbdrv/usbdrv.o
__iob               0x6               /usr/lib/gcc/avr/5.4.0/../../../avr/lib/avr25/libc.a(iob.o)

Memory Configuration

Name             Origin             Length             Attributes
text             0x0000000000000000 0x0000000000002000 xr
data             0x0000000000800060 0x000000000000ffa0 rw !x
eeprom           0x0000000000810000 0x0000000000010000 rw !x
fuse             0x0000000000820000 0x0000000000000003 rw !x
lock             0x0000000000830000 0x0000000000000400 rw !x
signature        0x0000000000840000 0x0000000000000400 rw !x
user_signatures  0x0000000000850000 0x0000000000000400 rw !x
*default*        0x0000000000000000 0xffffffffffffffff

Linker script and memory map

LOAD /usr/lib/gcc/avr/5.4.0/../../../avr/lib/avr25/crtattiny861.o
LOAD obj/obj/./../usbdrv/usbdrv.o
LOAD obj/obj/main.o
LOAD obj/obj/../osccal/osccal.o
LOAD obj/obj/../usbdrv/oddebug.o
LOAD obj/obj/../util/timers.o
LOAD obj/obj/../util/stream.o
LOAD obj/obj/../util/usbstream.o
LOAD obj/obj/./../usbdrv/usbdrvasm.o
LOAD /usr/lib/gcc/avr/5.4.0/../../../avr/lib/avr25/libprintf_min.a
LOAD /usr/lib/gcc/avr/5.4.0/../../../avr/lib/avr25/libm.a
START GROUP
LOAD /usr/lib/gcc/avr/5.4.0/avr25/libgcc.a
LOAD /usr/lib/gcc/avr/5.4.0/../../../avr/lib/avr25/libm.a
LOAD /usr/lib/gcc/avr/5.4.0/../../../avr/lib/avr25/libc.a
LOAD /usr/lib/gcc/avr/5.4.0/../../../avr/lib/avr25/libattiny861.a
END GROUP
                0x0000000000002000                __TEXT_REGION_LENGTH__ = DEFINED (__TEXT_REGION_LENGTH__)?__TEXT_REGION_LENGTH__:0x2000
                0x000000000000ffa0                __DATA_REGION_LENGTH__ = DEFINED (__DATA_REGION_LENGTH__)?__DATA_REGION_LENGTH__:0xffa0
                0x0000000000010000                __EEPROM_REGION_LENGTH__ = DEFINED (__EEPROM_REGION_LENGTH__)?__EEPROM_REGION_LENGTH__:0x10000
                [0x0000000000000003]                __FUSE_REGION_LENGTH__ = DEFINED (__FUSE_REGION_LENGTH__)?__FUSE_REGION_LENGTH__:0x400
                0x0000000000000400                __LOCK_REGION_LENGTH__ = DEFINED (__LOCK_REGION_LENGTH__)?__LOCK_REGION_LENGTH__:0x400
                0x0000000000000400                __SIGNATURE_REGION_LENGTH__ = DEFINED (__SIGNATURE_REGION_LENGTH__)?__SIGNATURE_REGION_LENGTH__:0x400
                0x0000000000000400                __USER_SIGNATURE_REGION_LENGTH__ = DEFINED (__USER_SIGNATURE_REGION_LENGTH__)?__USER_SIGNATURE_REGION_LENGTH__:0x400

.hash
 *(.hash)

.dynsym
 *(.dynsym)

.dynstr
 *(.dynstr)

.gnu.version
 *(.gnu.version)

.gnu.version_d
 *(.gnu.version_d)

.gnu.version_r
 *(.gnu.version_r)

.rel.init
 *(.rel.init)

.rela.init
 *(.rela.init)

.rel.text
 *(.rel.text)
 *(.rel.text.*)
 *(.rel.gnu.linkonce.t*)

.rela.text
 *(.rela.text)
 *(.rela.text.*)
 *(.rela.gnu.linkonce.t*)

.rel.fini
 *(.rel.fini)

.rela.fini
 *(.rela.fini)

.rel.rodata
 *(.rel.rodata)
 *(.rel.rodata.*)
 *(.rel.gnu.linkonce.r*)

.rela.rodata
 *(.rela.rodata)
 *(.rela.rodata.*)
 *(.rela.gnu.linkonce.r*)

.rel.data
 *(.rel.data)
 *(.rel.data.*)
 *(.rel.gnu.linkonce.d*)

.rela.data
 *(.rela.data)
 *(.rela.data.*)
 *(.rela.gnu.linkonce.d*)

.rel.ctors
 *(.rel.ctors)

.rela.ctors
 *(.rela.ctors)

.rel.dtors
 *(.rel.dtors)

.rela.dtors
 *(.rela.dtors)

.rel.got
 *(.rel.got)

.rela.got
 *(.rela.got)

.rel.bss
 *(.rel.bss)

.rela.bss
 *(.rela.bss)

.rel.plt
 *(.rel.plt)

.rela.plt
 *(.rela.plt)

.text           0x0000000000000000     0x13e8
 *(.vectors)
 .vectors       0x0000000000000000       0x26 /usr/lib/gcc/avr/5.4.0/../../../avr/lib/avr25/crtattiny861.o
                0x0000000000000000                __vectors
                0x0000000000000000                __vector_default
 *(.vectors)
 *(.progmem.gcc*)
                0x0000000000000026                . = ALIGN (0x2)
                0x0000000000000026                __trampolines_start = .
 *(.trampolines)
 .trampolines   0x0000000000000026        0x0 linker stubs
 *(.trampolines*)
                0x0000000000000026                __trampolines_end = .
 *libprintf_flt.a:*(.progmem.data)
 *libc.a:*(.progmem.data)
 *(.progmem*)
 .progmem.data  0x0000000000000026       0x72 obj/obj/./../usbdrv/usbdrv.o
                0x0000000000000026                usbDescriptorConfiguration
                0x0000000000000048                usbDescriptorDevice
                0x000000000000005a                usbDescriptorStringDevice
                0x000000000000007e                usbDescriptorStringVendor
                0x0000000000000094                usbDescriptorString0
 .progmem.data  0x0000000000000098       0x5e obj/obj/main.o
                0x00000000000000a6                usbDescriptorHidReport
 .progmem.data  0x00000000000000f6       0x17 /usr/lib/gcc/avr/5.4.0/../../../avr/lib/avr25/libprintf_min.a(vfprintf_min.o)
                0x000000000000010e                . = ALIGN (0x2)
 *fill*         0x000000000000010d        0x1 
 *(.jumptables)
 *(.jumptables*)
 *(.lowtext)
 *(.lowtext*)
                0x000000000000010e                __ctors_start = .
 *(.ctors)
                0x000000000000010e                __ctors_end = .
                0x000000000000010e                __dtors_start = .
 *(.dtors)
                0x000000000000010e                __dtors_end = .
 SORT(*)(.ctors)
 SORT(*)(.dtors)
 *(.init0)
 .init0         0x000000000000010e        0x0 /usr/lib/gcc/avr/5.4.0/../../../avr/lib/avr25/crtattiny861.o
                0x000000000000010e                __init
 *(.init0)
 *(.init1)
 *(.init1)
 *(.init2)
 .init2         0x000000000000010e        0xc /usr/lib/gcc/avr/5.4.0/../../../avr/lib/avr25/crtattiny861.o
 *(.init2)
 *(.init3)
 *(.init3)
 *(.init4)
 .init4         0x000000000000011a       0x16 /usr/lib/gcc/avr/5.4.0/avr25/libgcc.a(_copy_data.o)
                0x000000000000011a                __do_copy_data
 .init4         0x0000000000000130       0x10 /usr/lib/gcc/avr/5.4.0/avr25/libgcc.a(_clear_bss.o)
                0x0000000000000130                __do_clear_bss
 *(.init4)
 *(.init5)
 *(.init5)
 *(.init6)
 *(.init6)
 *(.init7)
 *(.init7)
 *(.init8)
 *(.init8)
 *(.init9)
 .init9         0x0000000000000140        0x4 /usr/lib/gcc/avr/5.4.0/../../../avr/lib/avr25/crtattiny861.o
 *(.init9)
 *(.text)
 .text          0x0000000000000144        0x2 /usr/lib/gcc/avr/5.4.0/../../../avr/lib/avr25/crtattiny861.o
                0x0000000000000144                __vector_12
                0x0000000000000144                __bad_interrupt
                0x0000000000000144                __vector_6
                0x0000000000000144                __vector_3
                0x0000000000000144                __vector_11
                0x0000000000000144                __vector_13
                0x0000000000000144                __vector_17
                0x0000000000000144                __vector_7
                0x0000000000000144                __vector_5
                0x0000000000000144                __vector_4
                0x0000000000000144                __vector_9
                0x0000000000000144                __vector_2
                0x0000000000000144                __vector_15
                0x0000000000000144                __vector_8
                0x0000000000000144                __vector_14
                0x0000000000000144                __vector_10
                0x0000000000000144                __vector_18
 .text          0x0000000000000146      0x340 obj/obj/./../usbdrv/usbdrv.o
                0x0000000000000146                usbSetInterrupt
                0x0000000000000190                usbPoll
                0x000000000000046c                usbInit
 .text          0x0000000000000486      0x240 obj/obj/main.o
                0x0000000000000486                filter_iir2
                0x0000000000000574                __vector_16
                0x000000000000058a                usbFunctionSetup2
                0x000000000000058e                unpack_color_red
                0x0000000000000592                unpack_color_green
                0x00000000000005a6                unpack_color_blue
                0x00000000000005c6                send_strip_byte
                0x00000000000005de                send_color
                0x0000000000000602                getRainbowColor
 .text          0x00000000000006c6       0x74 obj/obj/../osccal/osccal.o
                0x00000000000006c6                calibrateOscillator
 .text          0x000000000000073a        0x0 obj/obj/../usbdrv/oddebug.o
 .text          0x000000000000073a       0xe6 obj/obj/../util/timers.o
                0x000000000000073a                Timers_Init
                0x000000000000075a                Timers_DecreaseAll
                0x00000000000007be                Timer_HasExpired
                0x00000000000007e6                Timer_Reset
                0x00000000000007fc                Timer_SetExpired
                0x000000000000080e                Timer_Set
 .text          0x0000000000000820       0x78 obj/obj/../util/stream.o
                0x0000000000000820                stream_putchar
                0x0000000000000858                stream_getchar_nowait
                0x0000000000000880                stream_getchar_wait
 .text          0x0000000000000898      0x116 obj/obj/../util/usbstream.o
                0x0000000000000906                usbFunctionSetup
                0x000000000000093e                usbFunctionRead2
                0x0000000000000942                usbFunctionRead
                0x0000000000000992                usbFunctionWrite2
                0x0000000000000996                usbFunctionWrite
 .text          0x00000000000009ae      0x334 obj/obj/./../usbdrv/usbdrvasm.o
                0x00000000000009ae                usbCrc16
                0x00000000000009f8                usbCrc16Append
                0x0000000000000a00                usbMeasureFrameLength
                0x0000000000000a26                __vector_1
 .text          0x0000000000000ce2        0x0 /usr/lib/gcc/avr/5.4.0/../../../avr/lib/avr25/libprintf_min.a(vfprintf_min.o)
 .text          0x0000000000000ce2        0x0 /usr/lib/gcc/avr/5.4.0/avr25/libgcc.a(_mulhi3.o)
 .text          0x0000000000000ce2        0x0 /usr/lib/gcc/avr/5.4.0/avr25/libgcc.a(_mulsi3.o)
 .text          0x0000000000000ce2        0x0 /usr/lib/gcc/avr/5.4.0/avr25/libgcc.a(_divmodhi4.o)
 .text          0x0000000000000ce2        0x0 /usr/lib/gcc/avr/5.4.0/avr25/libgcc.a(_exit.o)
 .text          0x0000000000000ce2        0x0 /usr/lib/gcc/avr/5.4.0/avr25/libgcc.a(_copy_data.o)
 .text          0x0000000000000ce2        0x0 /usr/lib/gcc/avr/5.4.0/avr25/libgcc.a(_clear_bss.o)
 .text          0x0000000000000ce2        0x0 /usr/lib/gcc/avr/5.4.0/avr25/libgcc.a(_prologue.o)
 .text          0x0000000000000ce2        0x0 /usr/lib/gcc/avr/5.4.0/avr25/libgcc.a(_epilogue.o)
 .text          0x0000000000000ce2        0x0 /usr/lib/gcc/avr/5.4.0/avr25/libgcc.a(_udivmodhi4.o)
 .text          0x0000000000000ce2        0x0 /usr/lib/gcc/avr/5.4.0/../../../avr/lib/avr25/libc.a(strchr_P.o)
 .text          0x0000000000000ce2        0x0 /usr/lib/gcc/avr/5.4.0/../../../avr/lib/avr25/libc.a(fputc.o)
 .text          0x0000000000000ce2        0x0 /usr/lib/gcc/avr/5.4.0/../../../avr/lib/avr25/libc.a(iob.o)
 .text          0x0000000000000ce2        0x0 /usr/lib/gcc/avr/5.4.0/../../../avr/lib/avr25/libc.a(printf_p.o)
 .text          0x0000000000000ce2        0x0 /usr/lib/gcc/avr/5.4.0/../../../avr/lib/avr25/libc.a(ultoa_invert.o)
                0x0000000000000ce2                . = ALIGN (0x2)
 *(.text.*)
 .text.startup  0x0000000000000ce2      0x246 obj/obj/main.o
                0x0000000000000ce2                main
 .text.avr-libc
                0x0000000000000f28      0x218 /usr/lib/gcc/avr/5.4.0/../../../avr/lib/avr25/libprintf_min.a(vfprintf_min.o)
                0x0000000000000f28                vfprintf
 .text.libgcc.mul
                0x0000000000001140       0x22 /usr/lib/gcc/avr/5.4.0/avr25/libgcc.a(_mulhi3.o)
                0x0000000000001140                __mulhi3
 .text.libgcc.div
                0x0000000000001162        0x0 /usr/lib/gcc/avr/5.4.0/avr25/libgcc.a(_mulhi3.o)
 .text.libgcc   0x0000000000001162        0x0 /usr/lib/gcc/avr/5.4.0/avr25/libgcc.a(_mulhi3.o)
 .text.libgcc.prologue
                0x0000000000001162        0x0 /usr/lib/gcc/avr/5.4.0/avr25/libgcc.a(_mulhi3.o)
 .text.libgcc.builtins
                0x0000000000001162        0x0 /usr/lib/gcc/avr/5.4.0/avr25/libgcc.a(_mulhi3.o)
 .text.libgcc.fmul
                0x0000000000001162        0x0 /usr/lib/gcc/avr/5.4.0/avr25/libgcc.a(_mulhi3.o)
 .text.libgcc.fixed
                0x0000000000001162        0x0 /usr/lib/gcc/avr/5.4.0/avr25/libgcc.a(_mulhi3.o)
 .text.libgcc.mul
                0x0000000000001162       0x32 /usr/lib/gcc/avr/5.4.0/avr25/libgcc.a(_mulsi3.o)
                0x0000000000001162                __mulsi3
                0x0000000000001166                __mulsi3_helper
 .text.libgcc.div
                0x0000000000001194        0x0 /usr/lib/gcc/avr/5.4.0/avr25/libgcc.a(_mulsi3.o)
 .text.libgcc   0x0000000000001194        0x0 /usr/lib/gcc/avr/5.4.0/avr25/libgcc.a(_mulsi3.o)
 .text.libgcc.prologue
                0x0000000000001194        0x0 /usr/lib/gcc/avr/5.4.0/avr25/libgcc.a(_mulsi3.o)
 .text.libgcc.builtins
                0x0000000000001194        0x0 /usr/lib/gcc/avr/5.4.0/avr25/libgcc.a(_mulsi3.o)
 .text.libgcc.fmul
                0x0000000000001194        0x0 /usr/lib/gcc/avr/5.4.0/avr25/libgcc.a(_mulsi3.o)
 .text.libgcc.fixed
                0x0000000000001194        0x0 /usr/lib/gcc/avr/5.4.0/avr25/libgcc.a(_mulsi3.o)
 .text.libgcc.mul
                0x0000000000001194        0x0 /usr/lib/gcc/avr/5.4.0/avr25/libgcc.a(_divmodhi4.o)
 .text.libgcc.div
                0x0000000000001194       0x26 /usr/lib/gcc/avr/5.4.0/avr25/libgcc.a(_divmodhi4.o)
                0x0000000000001194                __divmodhi4
                0x0000000000001194                _div
 .text.libgcc   0x00000000000011ba        0x0 /usr/lib/gcc/avr/5.4.0/avr25/libgcc.a(_divmodhi4.o)
 .text.libgcc.prologue
                0x00000000000011ba        0x0 /usr/lib/gcc/avr/5.4.0/avr25/libgcc.a(_divmodhi4.o)
 .text.libgcc.builtins
                0x00000000000011ba        0x0 /usr/lib/gcc/avr/5.4.0/avr25/libgcc.a(_divmodhi4.o)
 .text.libgcc.fmul
                0x00000000000011ba        0x0 /usr/lib/gcc/avr/5.4.0/avr25/libgcc.a(_divmodhi4.o)
 .text.libgcc.fixed
                0x00000000000011ba        0x0 /usr/lib/gcc/avr/5.4.0/avr25/libgcc.a(_divmodhi4.o)
 .text.libgcc.mul
                0x00000000000011ba        0x0 /usr/lib/gcc/avr/5.4.0/avr25/libgcc.a(_exit.o)
 .text.libgcc.div
                0x00000000000011ba        0x0 /usr/lib/gcc/avr/5.4.0/avr25/libgcc.a(_exit.o)
 .text.libgcc   0x00000000000011ba        0x0 /usr/lib/gcc/avr/5.4.0/avr25/libgcc.a(_exit.o)
 .text.libgcc.prologue
                0x00000000000011ba        0x0 /usr/lib/gcc/avr/5.4.0/avr25/libgcc.a(_exit.o)
 .text.libgcc.builtins
                0x00000000000011ba        0x0 /usr/lib/gcc/avr/5.4.0/avr25/libgcc.a(_exit.o)
 .text.libgcc.fmul
                0x00000000000011ba        0x0 /usr/lib/gcc/avr/5.4.0/avr25/libgcc.a(_exit.o)
 .text.libgcc.fixed
                0x00000000000011ba        0x0 /usr/lib/gcc/avr/5.4.0/avr25/libgcc.a(_exit.o)
 .text.libgcc.mul
                0x00000000000011ba        0x0 /usr/lib/gcc/avr/5.4.0/avr25/libgcc.a(_copy_data.o)
 .text.libgcc.div
                0x00000000000011ba        0x0 /usr/lib/gcc/avr/5.4.0/avr25/libgcc.a(_copy_data.o)
 .text.libgcc   0x00000000000011ba        0x0 /usr/lib/gcc/avr/5.4.0/avr25/libgcc.a(_copy_data.o)
 .text.libgcc.prologue
                0x00000000000011ba        0x0 /usr/lib/gcc/avr/5.4.0/avr25/libgcc.a(_copy_data.o)
 .text.libgcc.builtins
                0x00000000000011ba        0x0 /usr/lib/gcc/avr/5.4.0/avr25/libgcc.a(_copy_data.o)
 .text.libgcc.fmul
                0x00000000000011ba        0x0 /usr/lib/gcc/avr/5.4.0/avr25/libgcc.a(_copy_data.o)
 .text.libgcc.fixed
                0x00000000000011ba        0x0 /usr/lib/gcc/avr/5.4.0/avr25/libgcc.a(_copy_data.o)
 .text.libgcc.mul
                0x00000000000011ba        0x0 /usr/lib/gcc/avr/5.4.0/avr25/libgcc.a(_clear_bss.o)
 .text.libgcc.div
                0x00000000000011ba        0x0 /usr/lib/gcc/avr/5.4.0/avr25/libgcc.a(_clear_bss.o)
 .text.libgcc   0x00000000000011ba        0x0 /usr/lib/gcc/avr/5.4.0/avr25/libgcc.a(_clear_bss.o)
 .text.libgcc.prologue
                0x00000000000011ba        0x0 /usr/lib/gcc/avr/5.4.0/avr25/libgcc.a(_clear_bss.o)
 .text.libgcc.builtins
                0x00000000000011ba        0x0 /usr/lib/gcc/avr/5.4.0/avr25/libgcc.a(_clear_bss.o)
 .text.libgcc.fmul
                0x00000000000011ba        0x0 /usr/lib/gcc/avr/5.4.0/avr25/libgcc.a(_clear_bss.o)
 .text.libgcc.fixed
                0x00000000000011ba        0x0 /usr/lib/gcc/avr/5.4.0/avr25/libgcc.a(_clear_bss.o)
 .text.libgcc.mul
                0x00000000000011ba        0x0 /usr/lib/gcc/avr/5.4.0/avr25/libgcc.a(_prologue.o)
 .text.libgcc.div
                0x00000000000011ba        0x0 /usr/lib/gcc/avr/5.4.0/avr25/libgcc.a(_prologue.o)
 .text.libgcc   0x00000000000011ba        0x0 /usr/lib/gcc/avr/5.4.0/avr25/libgcc.a(_prologue.o)
 .text.libgcc.prologue
                0x00000000000011ba       0x38 /usr/lib/gcc/avr/5.4.0/avr25/libgcc.a(_prologue.o)
                0x00000000000011ba                __prologue_saves__
 .text.libgcc.builtins
                0x00000000000011f2        0x0 /usr/lib/gcc/avr/5.4.0/avr25/libgcc.a(_prologue.o)
 .text.libgcc.fmul
                0x00000000000011f2        0x0 /usr/lib/gcc/avr/5.4.0/avr25/libgcc.a(_prologue.o)
 .text.libgcc.fixed
                0x00000000000011f2        0x0 /usr/lib/gcc/avr/5.4.0/avr25/libgcc.a(_prologue.o)
 .text.libgcc.mul
                0x00000000000011f2        0x0 /usr/lib/gcc/avr/5.4.0/avr25/libgcc.a(_epilogue.o)
 .text.libgcc.div
                0x00000000000011f2        0x0 /usr/lib/gcc/avr/5.4.0/avr25/libgcc.a(_epilogue.o)
 .text.libgcc   0x00000000000011f2        0x0 /usr/lib/gcc/avr/5.4.0/avr25/libgcc.a(_epilogue.o)
 .text.libgcc.prologue
                0x00000000000011f2       0x36 /usr/lib/gcc/avr/5.4.0/avr25/libgcc.a(_epilogue.o)
                0x00000000000011f2                __epilogue_restores__
 .text.libgcc.builtins
                0x0000000000001228        0x0 /usr/lib/gcc/avr/5.4.0/avr25/libgcc.a(_epilogue.o)
 .text.libgcc.fmul
                0x0000000000001228        0x0 /usr/lib/gcc/avr/5.4.0/avr25/libgcc.a(_epilogue.o)
 .text.libgcc.fixed
                0x0000000000001228        0x0 /usr/lib/gcc/avr/5.4.0/avr25/libgcc.a(_epilogue.o)
 .text.libgcc.mul
                0x0000000000001228        0x0 /usr/lib/gcc/avr/5.4.0/avr25/libgcc.a(_udivmodhi4.o)
 .text.libgcc.div
                0x0000000000001228       0x28 /usr/lib/gcc/avr/5.4.0/avr25/libgcc.a(_udivmodhi4.o)
                0x0000000000001228                __udivmodhi4
 .text.libgcc   0x0000000000001250        0x0 /usr/lib/gcc/avr/5.4.0/avr25/libgcc.a(_udivmodhi4.o)
 .text.libgcc.prologue
                0x0000000000001250        0x0 /usr/lib/gcc/avr/5.4.0/avr25/libgcc.a(_udivmodhi4.o)
 .text.libgcc.builtins
                0x0000000000001250        0x0 /usr/lib/gcc/avr/5.4.0/avr25/libgcc.a(_udivmodhi4.o)
 .text.libgcc.fmul
                0x0000000000001250        0x0 /usr/lib/gcc/avr/5.4.0/avr25/libgcc.a(_udivmodhi4.o)
 .text.libgcc.fixed
                0x0000000000001250        0x0 /usr/lib/gcc/avr/5.4.0/avr25/libgcc.a(_udivmodhi4.o)
 .text.avr-libc
                0x0000000000001250       0x16 /usr/lib/gcc/avr/5.4.0/../../../avr/lib/avr25/libc.a(strchr_P.o)
                0x0000000000001250                strchr_P
 .text.avr-libc
                0x0000000000001266       0x78 /usr/lib/gcc/avr/5.4.0/../../../avr/lib/avr25/libc.a(fputc.o)
                0x0000000000001266                fputc
 .text.avr-libc
                0x00000000000012de       0x46 /usr/lib/gcc/avr/5.4.0/../../../avr/lib/avr25/libc.a(printf_p.o)
                0x00000000000012de                printf_P
 .text.avr-libc
                0x0000000000001324       0xc0 /usr/lib/gcc/avr/5.4.0/../../../avr/lib/avr25/libc.a(ultoa_invert.o)
                0x0000000000001324                __ultoa_invert
                0x00000000000013e4                . = ALIGN (0x2)
 *(.fini9)
 .fini9         0x00000000000013e4        0x0 /usr/lib/gcc/avr/5.4.0/avr25/libgcc.a(_exit.o)
                0x00000000000013e4                exit
                0x00000000000013e4                _exit
 *(.fini9)
 *(.fini8)
 *(.fini8)
 *(.fini7)
 *(.fini7)
 *(.fini6)
 *(.fini6)
 *(.fini5)
 *(.fini5)
 *(.fini4)
 *(.fini4)
 *(.fini3)
 *(.fini3)
 *(.fini2)
 *(.fini2)
 *(.fini1)
 *(.fini1)
 *(.fini0)
 .fini0         0x00000000000013e4        0x4 /usr/lib/gcc/avr/5.4.0/avr25/libgcc.a(_exit.o)
 *(.fini0)
                0x00000000000013e8                _etext = .

.data           0x0000000000800060       0x34 load address 0x00000000000013e8
                0x0000000000800060                PROVIDE (__data_start, .)
 *(.data)
 .data          0x0000000000800060        0x0 /usr/lib/gcc/avr/5.4.0/../../../avr/lib/avr25/crtattiny861.o
 .data          0x0000000000800060        0x2 obj/obj/./../usbdrv/usbdrv.o
                0x0000000000800061                usbTxLen
 .data          0x0000000000800062       0x16 obj/obj/main.o
                0x0000000000800063                rainbow_colors
 .data          0x0000000000800078        0x0 obj/obj/../osccal/osccal.o
 .data          0x0000000000800078        0x0 obj/obj/../usbdrv/oddebug.o
 .data          0x0000000000800078        0x0 obj/obj/../util/timers.o
 .data          0x0000000000800078        0x0 obj/obj/../util/stream.o
 .data          0x0000000000800078       0x1c obj/obj/../util/usbstream.o
                0x0000000000800078                usb_in_stream
                0x0000000000800086                usb_out_stream
 .data          0x0000000000800094        0x0 obj/obj/./../usbdrv/usbdrvasm.o
 .data          0x0000000000800094        0x0 /usr/lib/gcc/avr/5.4.0/../../../avr/lib/avr25/libprintf_min.a(vfprintf_min.o)
 .data          0x0000000000800094        0x0 /usr/lib/gcc/avr/5.4.0/avr25/libgcc.a(_mulhi3.o)
 .data          0x0000000000800094        0x0 /usr/lib/gcc/avr/5.4.0/avr25/libgcc.a(_mulsi3.o)
 .data          0x0000000000800094        0x0 /usr/lib/gcc/avr/5.4.0/avr25/libgcc.a(_divmodhi4.o)
 .data          0x0000000000800094        0x0 /usr/lib/gcc/avr/5.4.0/avr25/libgcc.a(_exit.o)
 .data          0x0000000000800094        0x0 /usr/lib/gcc/avr/5.4.0/avr25/libgcc.a(_copy_data.o)
 .data          0x0000000000800094        0x0 /usr/lib/gcc/avr/5.4.0/avr25/libgcc.a(_clear_bss.o)
 .data          0x0000000000800094        0x0 /usr/lib/gcc/avr/5.4.0/avr25/libgcc.a(_prologue.o)
 .data          0x0000000000800094        0x0 /usr/lib/gcc/avr/5.4.0/avr25/libgcc.a(_epilogue.o)
 .data          0x0000000000800094        0x0 /usr/lib/gcc/avr/5.4.0/avr25/libgcc.a(_udivmodhi4.o)
 .data          0x0000000000800094        0x0 /usr/lib/gcc/avr/5.4.0/../../../avr/lib/avr25/libc.a(strchr_P.o)
 .data          0x0000000000800094        0x0 /usr/lib/gcc/avr/5.4.0/../../../avr/lib/avr25/libc.a(fputc.o)
 .data          0x0000000000800094        0x0 /usr/lib/gcc/avr/5.4.0/../../../avr/lib/avr25/libc.a(iob.o)
 .data          0x0000000000800094        0x0 /usr/lib/gcc/avr/5.4.0/../../../avr/lib/avr25/libc.a(printf_p.o)
 .data          0x0000000000800094        0x0 /usr/lib/gcc/avr/5.4.0/../../../avr/lib/avr25/libc.a(ultoa_invert.o)
 *(.data*)
 *(.gnu.linkonce.d*)
 *(.rodata)
 *(.rodata*)
 *(.gnu.linkonce.r*)
                0x0000000000800094                . = ALIGN (0x2)
                0x0000000000800094                _edata = .
                0x0000000000800094                PROVIDE (__data_end, .)

.bss            0x0000000000800094       0xe2
                0x0000000000800094                PROVIDE (__bss_start, .)
 *(.bss)
 .bss           0x0000000000800094        0x0 /usr/lib/gcc/avr/5.4.0/../../../avr/lib/avr25/crtattiny861.o
 .bss           0x0000000000800094        0x2 obj/obj/./../usbdrv/usbdrv.o
 .bss           0x0000000000800096        0xa obj/obj/main.o
 .bss           0x00000000008000a0        0x0 obj/obj/../osccal/osccal.o
 .bss           0x00000000008000a0        0x0 obj/obj/../usbdrv/oddebug.o
 .bss           0x00000000008000a0       0x11 obj/obj/../util/timers.o
 .bss           0x00000000008000b1        0x0 obj/obj/../util/stream.o
 .bss           0x00000000008000b1       0x89 obj/obj/../util/usbstream.o
 .bss           0x000000000080013a        0x0 obj/obj/./../usbdrv/usbdrvasm.o
 .bss           0x000000000080013a        0x0 /usr/lib/gcc/avr/5.4.0/../../../avr/lib/avr25/libprintf_min.a(vfprintf_min.o)
 .bss           0x000000000080013a        0x0 /usr/lib/gcc/avr/5.4.0/avr25/libgcc.a(_mulhi3.o)
 .bss           0x000000000080013a        0x0 /usr/lib/gcc/avr/5.4.0/avr25/libgcc.a(_mulsi3.o)
 .bss           0x000000000080013a        0x0 /usr/lib/gcc/avr/5.4.0/avr25/libgcc.a(_divmodhi4.o)
 .bss           0x000000000080013a        0x0 /usr/lib/gcc/avr/5.4.0/avr25/libgcc.a(_exit.o)
 .bss           0x000000000080013a        0x0 /usr/lib/gcc/avr/5.4.0/avr25/libgcc.a(_copy_data.o)
 .bss           0x000000000080013a        0x0 /usr/lib/gcc/avr/5.4.0/avr25/libgcc.a(_clear_bss.o)
 .bss           0x000000000080013a        0x0 /usr/lib/gcc/avr/5.4.0/avr25/libgcc.a(_prologue.o)
 .bss           0x000000000080013a        0x0 /usr/lib/gcc/avr/5.4.0/avr25/libgcc.a(_epilogue.o)
 .bss           0x000000000080013a        0x0 /usr/lib/gcc/avr/5.4.0/avr25/libgcc.a(_udivmodhi4.o)
 .bss           0x000000000080013a        0x0 /usr/lib/gcc/avr/5.4.0/../../../avr/lib/avr25/libc.a(strchr_P.o)
 .bss           0x000000000080013a        0x0 /usr/lib/gcc/avr/5.4.0/../../../avr/lib/avr25/libc.a(fputc.o)
 .bss           0x000000000080013a        0x0 /usr/lib/gcc/avr/5.4.0/../../../avr/lib/avr25/libc.a(iob.o)
 .bss           0x000000000080013a        0x0 /usr/lib/gcc/avr/5.4.0/../../../avr/lib/avr25/libc.a(printf_p.o)
 .bss           0x000000000080013a        0x0 /usr/lib/gcc/avr/5.4.0/../../../avr/lib/avr25/libc.a(ultoa_invert.o)
 *(.bss*)
 *(COMMON)
 COMMON         0x000000000080013a       0x36 obj/obj/./../usbdrv/usbdrv.o
                0x000000000080013a                usbTxBuf
                0x0000000000800145                usbTxStatus1
                0x0000000000800151                usbDeviceAddr
                0x0000000000800152                usbRxToken
                0x0000000000800153                usbInputBufOffset
                0x0000000000800154                usbMsgPtr
                0x0000000000800156                usbRxLen
                0x0000000000800157                usbNewDeviceAddr
                0x0000000000800158                usbCurrentTok
                0x0000000000800159                usbConfiguration
                0x000000000080015a                usbRxBuf
 COMMON         0x0000000000800170        0x6 /usr/lib/gcc/avr/5.4.0/../../../avr/lib/avr25/libc.a(iob.o)
                0x0000000000800170                __iob
                0x0000000000800176                PROVIDE (__bss_end, .)
                0x00000000000013e8                __data_load_start = LOADADDR (.data)
                0x000000000000141c                __data_load_end = (__data_load_start + SIZEOF (.data))

.noinit         0x0000000000800176        0x0
                [!provide]                        PROVIDE (__noinit_start, .)
 *(.noinit*)
                [!provide]                        PROVIDE (__noinit_end, .)
                0x0000000000800176                _end = .
                [!provide]                        PROVIDE (__heap_start, .)

.eeprom         0x0000000000810000        0x0
 *(.eeprom*)
                0x0000000000810000                __eeprom_end = .

.fuse
 *(.fuse)
 *(.lfuse)
 *(.hfuse)
 *(.efuse)

.lock
 *(.lock*)

.signature
 *(.signature*)

.user_signatures
 *(.user_signatures*)

.stab           0x0000000000000000     0x1254
 *(.stab)
 .stab          0x0000000000000000     0x1254 obj/obj/./../usbdrv/usbdrvasm.o

.stabstr        0x0000000000000000       0x5a
 *(.stabstr)
 .stabstr       0x0000000000000000       0x5a obj/obj/./../usbdrv/usbdrvasm.o

.stab.excl
 *(.stab.excl)

.stab.exclstr
 *(.stab.exclstr)

.stab.index
 *(.stab.index)

.stab.indexstr
 *(.stab.indexstr)

.comment        0x0000000000000000       0x11
 *(.comment)
 .comment       0x0000000000000000       0x11 obj/obj/./../usbdrv/usbdrv.o
                                         0x12 (size before relaxing)
 .comment       0x0000000000000011       0x12 obj/obj/main.o
 .comment       0x0000000000000011       0x12 obj/obj/../osccal/osccal.o
 .comment       0x0000000000000011       0x12 obj/obj/../usbdrv/oddebug.o
 .comment       0x0000000000000011       0x12 obj/obj/../util/timers.o
 .comment       0x0000000000000011       0x12 obj/obj/../util/stream.o
 .comment       0x0000000000000011       0x12 obj/obj/../util/usbstream.o
 .comment       0x0000000000000011       0x12 /usr/lib/gcc/avr/5.4.0/../../../avr/lib/avr25/libprintf_min.a(vfprintf_min.o)
 .comment       0x0000000000000011       0x12 /usr/lib/gcc/avr/5.4.0/../../../avr/lib/avr25/libc.a(fputc.o)
 .comment       0x0000000000000011       0x12 /usr/lib/gcc/avr/5.4.0/../../../avr/lib/avr25/libc.a(iob.o)
 .comment       0x0000000000000011       0x12 /usr/lib/gcc/avr/5.4.0/../../../avr/lib/avr25/libc.a(printf_p.o)

.note.gnu.avr.deviceinfo
                0x0000000000000000       0x3c
 .note.gnu.avr.deviceinfo
                0x0000000000000000       0x3c /usr/lib/gcc/avr/5.4.0/../../../avr/lib/avr25/crtattiny861.o

.note.gnu.build-id
 *(.note.gnu.build-id)

.debug
 *(.debug)

.line
 *(.line)

.debug_srcinfo
 *(.debug_srcinfo)

.debug_sfnames
 *(.debug_sfnames)

.debug_aranges  0x0000000000000000       0xe0
 *(.debug_aranges)
 .debug_aranges
                0x0000000000000000       0x20 obj/obj/./../usbdrv/usbdrv.o
 .debug_aranges
                0x0000000000000020       0x28 obj/obj/main.o
 .debug_aranges
                0x0000000000000048       0x20 obj/obj/../osccal/osccal.o
 .debug_aranges
                0x0000000000000068       0x18 obj/obj/../usbdrv/oddebug.o
 .debug_aranges
                0x0000000000000080       0x20 obj/obj/../util/timers.o
 .debug_aranges
                0x00000000000000a0       0x20 obj/obj/../util/stream.o
 .debug_aranges
                0x00000000000000c0       0x20 obj/obj/../util/usbstream.o

.debug_pubnames
 *(.debug_pubnames)

.debug_info     0x0000000000000000     0x2831
 *(.debug_info .gnu.linkonce.wi.*)
 .debug_info    0x0000000000000000      0x4b0 /usr/lib/gcc/avr/5.4.0/../../../avr/lib/avr25/crtattiny861.o
 .debug_info    0x00000000000004b0      0xa33 obj/obj/./../usbdrv/usbdrv.o
 .debug_info    0x0000000000000ee3      0xdd6 obj/obj/main.o
 .debug_info    0x0000000000001cb9      0x101 obj/obj/../osccal/osccal.o
 .debug_info    0x0000000000001dba       0x56 obj/obj/../usbdrv/oddebug.o
 .debug_info    0x0000000000001e10      0x25b obj/obj/../util/timers.o
 .debug_info    0x000000000000206b      0x1b6 obj/obj/../util/stream.o
 .debug_info    0x0000000000002221      0x610 obj/obj/../util/usbstream.o

.debug_abbrev   0x0000000000000000     0x115c
 *(.debug_abbrev)
 .debug_abbrev  0x0000000000000000      0x470 /usr/lib/gcc/avr/5.4.0/../../../avr/lib/avr25/crtattiny861.o
 .debug_abbrev  0x0000000000000470      0x328 obj/obj/./../usbdrv/usbdrv.o
 .debug_abbrev  0x0000000000000798      0x475 obj/obj/main.o
 .debug_abbrev  0x0000000000000c0d       0x9b obj/obj/../osccal/osccal.o
 .debug_abbrev  0x0000000000000ca8       0x26 obj/obj/../usbdrv/oddebug.o
 .debug_abbrev  0x0000000000000cce      0x115 obj/obj/../util/timers.o
 .debug_abbrev  0x0000000000000de3      0x104 obj/obj/../util/stream.o
 .debug_abbrev  0x0000000000000ee7      0x275 obj/obj/../util/usbstream.o

.debug_line     0x0000000000000000      0xcfb
 *(.debug_line .debug_line.* .debug_line_end)
 .debug_line    0x0000000000000000       0x1a /usr/lib/gcc/avr/5.4.0/../../../avr/lib/avr25/crtattiny861.o
 .debug_line    0x000000000000001a      0x386 obj/obj/./../usbdrv/usbdrv.o
 .debug_line    0x00000000000003a0      0x485 obj/obj/main.o
 .debug_line    0x0000000000000825       0xe7 obj/obj/../osccal/osccal.o
 .debug_line    0x000000000000090c       0x1a obj/obj/../usbdrv/oddebug.o
 .debug_line    0x0000000000000926      0x11d obj/obj/../util/timers.o
 .debug_line    0x0000000000000a43       0xe5 obj/obj/../util/stream.o
 .debug_line    0x0000000000000b28      0x1d3 obj/obj/../util/usbstream.o

.debug_frame    0x0000000000000000      0x380
 *(.debug_frame)
 .debug_frame   0x0000000000000000       0x58 obj/obj/./../usbdrv/usbdrv.o
 .debug_frame   0x0000000000000058      0x16c obj/obj/main.o
 .debug_frame   0x00000000000001c4       0x3c obj/obj/../osccal/osccal.o
 .debug_frame   0x0000000000000200       0x7c obj/obj/../util/timers.o
 .debug_frame   0x000000000000027c       0x50 obj/obj/../util/stream.o
 .debug_frame   0x00000000000002cc       0xb4 obj/obj/../util/usbstream.o

.debug_str      0x0000000000000000      0xd92
 *(.debug_str)
 .debug_str     0x0000000000000000      0x1a0 /usr/lib/gcc/avr/5.4.0/../../../avr/lib/avr25/crtattiny861.o
 .debug_str     0x00000000000001a0      0x4b0 obj/obj/./../usbdrv/usbdrv.o
                                        0x509 (size before relaxing)
 .debug_str     0x0000000000000650      0x4d3 obj/obj/main.o
                                        0x731 (size before relaxing)
 .debug_str     0x0000000000000b23       0x5d obj/obj/../osccal/osccal.o
                                        0x1ba (size before relaxing)
 .debug_str     0x0000000000000b80       0x14 obj/obj/../usbdrv/oddebug.o
                                        0x14c (size before relaxing)
 .debug_str     0x0000000000000b94       0xa9 obj/obj/../util/timers.o
                                        0x276 (size before relaxing)
 .debug_str     0x0000000000000c3d       0x6a obj/obj/../util/stream.o
                                        0x1d2 (size before relaxing)
 .debug_str     0x0000000000000ca7       0xeb obj/obj/../util/usbstream.o
                                        0x40b (size before relaxing)

.debug_loc      0x0000000000000000     0x1595
 *(.debug_loc)
 .debug_loc     0x0000000000000000      0x8b2 obj/obj/./../usbdrv/usbdrv.o
 .debug_loc     0x00000000000008b2      0x61b obj/obj/main.o
 .debug_loc     0x0000000000000ecd       0xee obj/obj/../osccal/osccal.o
 .debug_loc     0x0000000000000fbb      0x185 obj/obj/../util/timers.o
 .debug_loc     0x0000000000001140      0x131 obj/obj/../util/stream.o
 .debug_loc     0x0000000000001271      0x324 obj/obj/../util/usbstream.o

.debug_macinfo
 *(.debug_macinfo)

.debug_weaknames
 *(.debug_weaknames)

.debug_funcnames
 *(.debug_funcnames)

.debug_typenames
 *(.debug_typenames)

.debug_varnames
 *(.debug_varnames)

.debug_pubtypes
 *(.debug_pubtypes)

.debug_ranges   0x0000000000000000       0xb0
 *(.debug_ranges)
 .debug_ranges  0x0000000000000000       0x80 obj/obj/./../usbdrv/usbdrv.o
 .debug_ranges  0x0000000000000080       0x30 obj/obj/main.o

.debug_macro
 *(.debug_macro)
OUTPUT(main.elf elf32-avr)
LOAD linker stubs

Cross Reference Table

Symbol                                            File
Timer_HasExpired                                  obj/obj/../util/timers.o
                                                  obj/obj/main.o
Timer_Reset                                       obj/obj/../util/timers.o
Timer_Set                                         obj/obj/../util/timers.o
                                                  obj/obj/main.o
Timer_SetExpired                                  obj/obj/../util/timers.o
Timers_DecreaseAll                                obj/obj/../util/timers.o
                                                  obj/obj/main.o
Timers_Init                                       obj/obj/../util/timers.o
__FUSE_REGION_LENGTH__                            /usr/lib/gcc/avr/5.4.0/../../../avr/lib/avr25/crtattiny861.o
__bad_interrupt                                   /usr/lib/gcc/avr/5.4.0/../../../avr/lib/avr25/crtattiny861.o
__bss_end                                         /usr/lib/gcc/avr/5.4.0/avr25/libgcc.a(_clear_bss.o)
__bss_start                                       /usr/lib/gcc/avr/5.4.0/avr25/libgcc.a(_clear_bss.o)
__data_end                                        /usr/lib/gcc/avr/5.4.0/avr25/libgcc.a(_copy_data.o)
__data_load_start                                 /usr/lib/gcc/avr/5.4.0/avr25/libgcc.a(_copy_data.o)
__data_start                                      /usr/lib/gcc/avr/5.4.0/avr25/libgcc.a(_copy_data.o)
__divmodhi4                                       /usr/lib/gcc/avr/5.4.0/avr25/libgcc.a(_divmodhi4.o)
                                                  obj/obj/main.o
__do_clear_bss                                    /usr/lib/gcc/avr/5.4.0/avr25/libgcc.a(_clear_bss.o)
                                                  /usr/lib/gcc/avr/5.4.0/../../../avr/lib/avr25/libc.a(iob.o)
                                                  obj/obj/../util/usbstream.o
                                                  obj/obj/../util/timers.o
                                                  obj/obj/main.o
                                                  obj/obj/./../usbdrv/usbdrv.o
__do_copy_data                                    /usr/lib/gcc/avr/5.4.0/avr25/libgcc.a(_copy_data.o)
                                                  obj/obj/../util/usbstream.o
                                                  obj/obj/main.o
                                                  obj/obj/./../usbdrv/usbdrv.o
__epilogue_restores__                             /usr/lib/gcc/avr/5.4.0/avr25/libgcc.a(_epilogue.o)
                                                  /usr/lib/gcc/avr/5.4.0/../../../avr/lib/avr25/libc.a(printf_p.o)
                                                  /usr/lib/gcc/avr/5.4.0/../../../avr/lib/avr25/libprintf_min.a(vfprintf_min.o)
                                                  obj/obj/../osccal/osccal.o
                                                  obj/obj/main.o
__heap_end                                        /usr/lib/gcc/avr/5.4.0/../../../avr/lib/avr25/crtattiny861.o
__init                                            /usr/lib/gcc/avr/5.4.0/../../../avr/lib/avr25/crtattiny861.o
__iob                                             /usr/lib/gcc/avr/5.4.0/../../../avr/lib/avr25/libc.a(iob.o)
                                                  /usr/lib/gcc/avr/5.4.0/../../../avr/lib/avr25/libc.a(printf_p.o)
                                                  obj/obj/main.o
__mulhi3                                          /usr/lib/gcc/avr/5.4.0/avr25/libgcc.a(_mulhi3.o)
                                                  obj/obj/main.o
__mulsi3                                          /usr/lib/gcc/avr/5.4.0/avr25/libgcc.a(_mulsi3.o)
                                                  obj/obj/main.o
__mulsi3_helper                                   /usr/lib/gcc/avr/5.4.0/avr25/libgcc.a(_mulsi3.o)
__prologue_saves__                                /usr/lib/gcc/avr/5.4.0/avr25/libgcc.a(_prologue.o)
                                                  /usr/lib/gcc/avr/5.4.0/../../../avr/lib/avr25/libc.a(printf_p.o)
                                                  /usr/lib/gcc/avr/5.4.0/../../../avr/lib/avr25/libprintf_min.a(vfprintf_min.o)
                                                  obj/obj/../osccal/osccal.o
                                                  obj/obj/main.o
__stack                                           /usr/lib/gcc/avr/5.4.0/../../../avr/lib/avr25/crtattiny861.o
__udivmodhi4                                      /usr/lib/gcc/avr/5.4.0/avr25/libgcc.a(_udivmodhi4.o)
                                                  /usr/lib/gcc/avr/5.4.0/avr25/libgcc.a(_divmodhi4.o)
__ultoa_invert                                    /usr/lib/gcc/avr/5.4.0/../../../avr/lib/avr25/libc.a(ultoa_invert.o)
                                                  /usr/lib/gcc/avr/5.4.0/../../../avr/lib/avr25/libprintf_min.a(vfprintf_min.o)
__vector_1                                        obj/obj/./../usbdrv/usbdrvasm.o
                                                  /usr/lib/gcc/avr/5.4.0/../../../avr/lib/avr25/crtattiny861.o
__vector_10                                       /usr/lib/gcc/avr/5.4.0/../../../avr/lib/avr25/crtattiny861.o
__vector_11                                       /usr/lib/gcc/avr/5.4.0/../../../avr/lib/avr25/crtattiny861.o
__vector_12                                       /usr/lib/gcc/avr/5.4.0/../../../avr/lib/avr25/crtattiny861.o
__vector_13                                       /usr/lib/gcc/avr/5.4.0/../../../avr/lib/avr25/crtattiny861.o
__vector_14                                       /usr/lib/gcc/avr/5.4.0/../../../avr/lib/avr25/crtattiny861.o
__vector_15                                       /usr/lib/gcc/avr/5.4.0/../../../avr/lib/avr25/crtattiny861.o
__vector_16                                       obj/obj/main.o
                                                  /usr/lib/gcc/avr/5.4.0/../../../avr/lib/avr25/crtattiny861.o
__vector_17                                       /usr/lib/gcc/avr/5.4.0/../../../avr/lib/avr25/crtattiny861.o
__vector_18                                       /usr/lib/gcc/avr/5.4.0/../../../avr/lib/avr25/crtattiny861.o
__vector_2                                        /usr/lib/gcc/avr/5.4.0/../../../avr/lib/avr25/crtattiny861.o
__vector_3                                        /usr/lib/gcc/avr/5.4.0/../../../avr/lib/avr25/crtattiny861.o
__vector_4                                        /usr/lib/gcc/avr/5.4.0/../../../avr/lib/avr25/crtattiny861.o
__vector_5                                        /usr/lib/gcc/avr/5.4.0/../../../avr/lib/avr25/crtattiny861.o
__vector_6                                        /usr/lib/gcc/avr/5.4.0/../../../avr/lib/avr25/crtattiny861.o
__vector_7                                        /usr/lib/gcc/avr/5.4.0/../../../avr/lib/avr25/crtattiny861.o
__vector_8                                        /usr/lib/gcc/avr/5.4.0/../../../avr/lib/avr25/crtattiny861.o
__vector_9                                        /usr/lib/gcc/avr/5.4.0/../../../avr/lib/avr25/crtattiny861.o
__vector_default                                  /usr/lib/gcc/avr/5.4.0/../../../avr/lib/avr25/crtattiny861.o
__vectors                                         /usr/lib/gcc/avr/5.4.0/../../../avr/lib/avr25/crtattiny861.o
_div                                              /usr/lib/gcc/avr/5.4.0/avr25/libgcc.a(_divmodhi4.o)
_exit                                             /usr/lib/gcc/avr/5.4.0/avr25/libgcc.a(_exit.o)
calibrateOscillator                               obj/obj/../osccal/osccal.o
                                                  obj/obj/./../usbdrv/usbdrv.o
exit                                              /usr/lib/gcc/avr/5.4.0/avr25/libgcc.a(_exit.o)
                                                  /usr/lib/gcc/avr/5.4.0/../../../avr/lib/avr25/crtattiny861.o
filter_iir2                                       obj/obj/main.o
fputc                                             /usr/lib/gcc/avr/5.4.0/../../../avr/lib/avr25/libc.a(fputc.o)
                                                  /usr/lib/gcc/avr/5.4.0/../../../avr/lib/avr25/libprintf_min.a(vfprintf_min.o)
getRainbowColor                                   obj/obj/main.o
main                                              obj/obj/main.o
                                                  /usr/lib/gcc/avr/5.4.0/../../../avr/lib/avr25/crtattiny861.o
printf_P                                          /usr/lib/gcc/avr/5.4.0/../../../avr/lib/avr25/libc.a(printf_p.o)
                                                  obj/obj/main.o
rainbow_colors                                    obj/obj/main.o
send_color                                        obj/obj/main.o
send_strip_byte                                   obj/obj/main.o
strchr_P                                          /usr/lib/gcc/avr/5.4.0/../../../avr/lib/avr25/libc.a(strchr_P.o)
                                                  /usr/lib/gcc/avr/5.4.0/../../../avr/lib/avr25/libprintf_min.a(vfprintf_min.o)
stream_getchar_nowait                             obj/obj/../util/stream.o
                                                  obj/obj/../util/usbstream.o
stream_getchar_wait                               obj/obj/../util/stream.o
stream_putchar                                    obj/obj/../util/stream.o
                                                  obj/obj/../util/usbstream.o
unpack_color_blue                                 obj/obj/main.o
unpack_color_green                                obj/obj/main.o
unpack_color_red                                  obj/obj/main.o
usbConfiguration                                  obj/obj/./../usbdrv/usbdrv.o
usbCrc16                                          obj/obj/./../usbdrv/usbdrvasm.o
usbCrc16Append                                    obj/obj/./../usbdrv/usbdrvasm.o
                                                  obj/obj/./../usbdrv/usbdrv.o
usbCurrentTok                                     obj/obj/./../usbdrv/usbdrv.o
                                                  obj/obj/./../usbdrv/usbdrvasm.o
usbDescriptorConfiguration                        obj/obj/./../usbdrv/usbdrv.o
usbDescriptorDevice                               obj/obj/./../usbdrv/usbdrv.o
usbDescriptorHidReport                            obj/obj/main.o
                                                  obj/obj/./../usbdrv/usbdrv.o
usbDescriptorString0                              obj/obj/./../usbdrv/usbdrv.o
usbDescriptorStringDevice                         obj/obj/./../usbdrv/usbdrv.o
usbDescriptorStringVendor                         obj/obj/./../usbdrv/usbdrv.o
usbDeviceAddr                                     obj/obj/./../usbdrv/usbdrv.o
                                                  obj/obj/./../usbdrv/usbdrvasm.o
usbFunctionRead                                   obj/obj/../util/usbstream.o
                                                  obj/obj/./../usbdrv/usbdrv.o
usbFunctionRead2                                  obj/obj/../util/usbstream.o
usbFunctionSetup                                  obj/obj/../util/usbstream.o
                                                  obj/obj/./../usbdrv/usbdrv.o
usbFunctionSetup2                                 obj/obj/main.o
                                                  obj/obj/../util/usbstream.o
usbFunctionWrite                                  obj/obj/../util/usbstream.o
                                                  obj/obj/./../usbdrv/usbdrv.o
usbFunctionWrite2                                 obj/obj/../util/usbstream.o
usbInit                                           obj/obj/./../usbdrv/usbdrv.o
                                                  obj/obj/main.o
usbInputBufOffset                                 obj/obj/./../usbdrv/usbdrv.o
                                                  obj/obj/./../usbdrv/usbdrvasm.o
usbMeasureFrameLength                             obj/obj/./../usbdrv/usbdrvasm.o
                                                  obj/obj/../osccal/osccal.o
usbMsgPtr                                         obj/obj/./../usbdrv/usbdrv.o
usbNewDeviceAddr                                  obj/obj/./../usbdrv/usbdrv.o
                                                  obj/obj/./../usbdrv/usbdrvasm.o
usbPoll                                           obj/obj/./../usbdrv/usbdrv.o
                                                  obj/obj/main.o
usbRxBuf                                          obj/obj/./../usbdrv/usbdrv.o
                                                  obj/obj/./../usbdrv/usbdrvasm.o
usbRxLen                                          obj/obj/./../usbdrv/usbdrv.o
                                                  obj/obj/./../usbdrv/usbdrvasm.o
usbRxToken                                        obj/obj/./../usbdrv/usbdrv.o
                                                  obj/obj/./../usbdrv/usbdrvasm.o
usbSetInterrupt                                   obj/obj/./../usbdrv/usbdrv.o
                                                  obj/obj/main.o
usbTxBuf                                          obj/obj/./../usbdrv/usbdrv.o
                                                  obj/obj/./../usbdrv/usbdrvasm.o
usbTxLen                                          obj/obj/./../usbdrv/usbdrv.o
                                                  obj/obj/./../usbdrv/usbdrvasm.o
usbTxStatus1                                      obj/obj/./../usbdrv/usbdrv.o
                                                  obj/obj/./../usbdrv/usbdrvasm.o
                                                  obj/obj/main.o
usb_in_stream                                     obj/obj/../util/usbstream.o
                                                  obj/obj/main.o
usb_out_stream                                    obj/obj/../util/usbstream.o
                                                  obj/obj/main.o
vfprintf                                          /usr/lib/gcc/avr/5.4.0/../../../avr/lib/avr25/libprintf_min.a(vfprintf_min.o)
                                                  /usr/lib/gcc/avr/5.4.0/../../../avr/lib/avr25/libc.a(printf_p.o)
