Archive member included because of file (symbol)

/usr/local/avr/lib/gcc/avr/4.3.3/avr25/libgcc.a(_epilogue.o)
                              obj/obj//../osccal/osccal.o (__epilogue_restores__)
/usr/local/avr/lib/gcc/avr/4.3.3/avr25/libgcc.a(_exit.o)
                              /usr/local/avr/lib/gcc/avr/4.3.3/../../../../avr/lib/avr25/crttn861.o (exit)
/usr/local/avr/lib/gcc/avr/4.3.3/avr25/libgcc.a(_copy_data.o)
                              obj/obj//./../usbdrv/usbdrv.o (__do_copy_data)
/usr/local/avr/lib/gcc/avr/4.3.3/avr25/libgcc.a(_clear_bss.o)
                              obj/obj//./../usbdrv/usbdrv.o (__do_clear_bss)
/usr/local/avr/lib/gcc/avr/4.3.3/../../../../avr/lib/avr25/libc.a(iob.o)
                              obj/obj//main.o (__iob)
/usr/local/avr/lib/gcc/avr/4.3.3/../../../../avr/lib/avr25/libc.a(printf_p.o)
                              obj/obj//main.o (printf_P)
/usr/local/avr/lib/gcc/avr/4.3.3/../../../../avr/lib/avr25/libc.a(vfprintf_std.o)
                              /usr/local/avr/lib/gcc/avr/4.3.3/../../../../avr/lib/avr25/libc.a(printf_p.o) (vfprintf)
/usr/local/avr/lib/gcc/avr/4.3.3/../../../../avr/lib/avr25/libc.a(strnlen_P.o)
                              /usr/local/avr/lib/gcc/avr/4.3.3/../../../../avr/lib/avr25/libc.a(vfprintf_std.o) (strnlen_P)
/usr/local/avr/lib/gcc/avr/4.3.3/../../../../avr/lib/avr25/libc.a(strnlen.o)
                              /usr/local/avr/lib/gcc/avr/4.3.3/../../../../avr/lib/avr25/libc.a(vfprintf_std.o) (strnlen)
/usr/local/avr/lib/gcc/avr/4.3.3/../../../../avr/lib/avr25/libc.a(fputc.o)
                              /usr/local/avr/lib/gcc/avr/4.3.3/../../../../avr/lib/avr25/libc.a(vfprintf_std.o) (fputc)
/usr/local/avr/lib/gcc/avr/4.3.3/../../../../avr/lib/avr25/libc.a(ultoa_invert.o)
                              /usr/local/avr/lib/gcc/avr/4.3.3/../../../../avr/lib/avr25/libc.a(vfprintf_std.o) (__ultoa_invert)
/usr/local/avr/lib/gcc/avr/4.3.3/avr25/libgcc.a(_mulhi3.o)
                              /usr/local/avr/lib/gcc/avr/4.3.3/../../../../avr/lib/avr25/libc.a(vfprintf_std.o) (__mulhi3)
/usr/local/avr/lib/gcc/avr/4.3.3/avr25/libgcc.a(_prologue.o)
                              /usr/local/avr/lib/gcc/avr/4.3.3/../../../../avr/lib/avr25/libc.a(printf_p.o) (__prologue_saves__)

Allocating common symbols
Common symbol       size              file

usbTxBuf            0xb               obj/obj//./../usbdrv/usbdrv.o
usbTxStatus1        0xc               obj/obj//./../usbdrv/usbdrv.o
usbDeviceAddr       0x1               obj/obj//./../usbdrv/usbdrv.o
usbRxToken          0x1               obj/obj//./../usbdrv/usbdrv.o
usbInputBufOffset   0x1               obj/obj//./../usbdrv/usbdrv.o
usbMsgPtr           0x2               obj/obj//./../usbdrv/usbdrv.o
usbRxLen            0x1               obj/obj//./../usbdrv/usbdrv.o
usbNewDeviceAddr    0x1               obj/obj//./../usbdrv/usbdrv.o
usbCurrentTok       0x1               obj/obj//./../usbdrv/usbdrv.o
usbConfiguration    0x1               obj/obj//./../usbdrv/usbdrv.o
usbRxBuf            0x16              obj/obj//./../usbdrv/usbdrv.o
__iob               0x6               /usr/local/avr/lib/gcc/avr/4.3.3/../../../../avr/lib/avr25/libc.a(iob.o)

Memory Configuration

Name             Origin             Length             Attributes
text             0x00000000         0x00002000         xr
data             0x00800060         0x0000ffa0         rw !x
eeprom           0x00810000         0x00010000         rw !x
fuse             0x00820000         0x00000400         rw !x
lock             0x00830000         0x00000400         rw !x
signature        0x00840000         0x00000400         rw !x
*default*        0x00000000         0xffffffff

Linker script and memory map

LOAD /usr/local/avr/lib/gcc/avr/4.3.3/../../../../avr/lib/avr25/crttn861.o
LOAD obj/obj//./../usbdrv/usbdrv.o
LOAD obj/obj//main.o
LOAD obj/obj//../osccal/osccal.o
LOAD obj/obj//../usbdrv/oddebug.o
LOAD obj/obj//timers.o
LOAD obj/obj//./../usbdrv/usbdrvasm.o
LOAD /usr/local/avr/lib/gcc/avr/4.3.3/../../../../avr/lib/avr25/libm.a
LOAD /usr/local/avr/lib/gcc/avr/4.3.3/avr25/libgcc.a
LOAD /usr/local/avr/lib/gcc/avr/4.3.3/../../../../avr/lib/avr25/libc.a
LOAD /usr/local/avr/lib/gcc/avr/4.3.3/avr25/libgcc.a

.hash
 *(.hash)

.dynsym
 *(.dynsym)

.dynstr
 *(.dynstr)

.gnu.version
 *(.gnu.version)

.gnu.version_d
 *(.gnu.version_d)

.gnu.version_r
 *(.gnu.version_r)

.rel.init
 *(.rel.init)

.rela.init
 *(.rela.init)

.rel.text
 *(.rel.text)
 *(.rel.text.*)
 *(.rel.gnu.linkonce.t*)

.rela.text
 *(.rela.text)
 *(.rela.text.*)
 *(.rela.gnu.linkonce.t*)

.rel.fini
 *(.rel.fini)

.rela.fini
 *(.rela.fini)

.rel.rodata
 *(.rel.rodata)
 *(.rel.rodata.*)
 *(.rel.gnu.linkonce.r*)

.rela.rodata
 *(.rela.rodata)
 *(.rela.rodata.*)
 *(.rela.gnu.linkonce.r*)

.rel.data
 *(.rel.data)
 *(.rel.data.*)
 *(.rel.gnu.linkonce.d*)

.rela.data
 *(.rela.data)
 *(.rela.data.*)
 *(.rela.gnu.linkonce.d*)

.rel.ctors
 *(.rel.ctors)

.rela.ctors
 *(.rela.ctors)

.rel.dtors
 *(.rel.dtors)

.rela.dtors
 *(.rela.dtors)

.rel.got
 *(.rel.got)

.rela.got
 *(.rela.got)

.rel.bss
 *(.rel.bss)

.rela.bss
 *(.rela.bss)

.rel.plt
 *(.rel.plt)

.rela.plt
 *(.rela.plt)

.text           0x00000000      0xfda
 *(.vectors)
 .vectors       0x00000000       0x26 /usr/local/avr/lib/gcc/avr/4.3.3/../../../../avr/lib/avr25/crttn861.o
                0x00000000                __vectors
                0x00000000                __vector_default
 *(.vectors)
 *(.progmem.gcc*)
 *(.progmem*)
 .progmem.data  0x00000026       0x6a obj/obj//./../usbdrv/usbdrv.o
                0x0000005c                usbDescriptorDevice
                0x00000026                usbDescriptorString0
                0x0000006e                usbDescriptorConfiguration
                0x0000002a                usbDescriptorStringVendor
                0x00000040                usbDescriptorStringDevice
 .progmem.data  0x00000090       0x3d obj/obj//main.o
                0x00000090                usbDescriptorHidReport
                0x000000ce                . = ALIGN (0x2)
 *fill*         0x000000cd        0x1 00
                0x000000ce                __trampolines_start = .
 *(.trampolines)
 .trampolines   0x000000ce        0x0 linker stubs
 *(.trampolines*)
                0x000000ce                __trampolines_end = .
 *(.jumptables)
 *(.jumptables*)
 *(.lowtext)
 *(.lowtext*)
                0x000000ce                __ctors_start = .
 *(.ctors)
                0x000000ce                __ctors_end = .
                0x000000ce                __dtors_start = .
 *(.dtors)
                0x000000ce                __dtors_end = .
 SORT(*)(.ctors)
 SORT(*)(.dtors)
 *(.init0)
 .init0         0x000000ce        0x0 /usr/local/avr/lib/gcc/avr/4.3.3/../../../../avr/lib/avr25/crttn861.o
                0x000000ce                __init
 *(.init0)
 *(.init1)
 *(.init1)
 *(.init2)
 .init2         0x000000ce        0xc /usr/local/avr/lib/gcc/avr/4.3.3/../../../../avr/lib/avr25/crttn861.o
 *(.init2)
 *(.init3)
 *(.init3)
 *(.init4)
 .init4         0x000000da       0x16 /usr/local/avr/lib/gcc/avr/4.3.3/avr25/libgcc.a(_copy_data.o)
                0x000000da                __do_copy_data
 .init4         0x000000f0       0x10 /usr/local/avr/lib/gcc/avr/4.3.3/avr25/libgcc.a(_clear_bss.o)
                0x000000f0                __do_clear_bss
 *(.init4)
 *(.init5)
 *(.init5)
 *(.init6)
 *(.init6)
 *(.init7)
 *(.init7)
 *(.init8)
 *(.init8)
 *(.init9)
 .init9         0x00000100        0x4 /usr/local/avr/lib/gcc/avr/4.3.3/../../../../avr/lib/avr25/crttn861.o
 *(.init9)
 *(.text)
 .text          0x00000104        0x2 /usr/local/avr/lib/gcc/avr/4.3.3/../../../../avr/lib/avr25/crttn861.o
                0x00000104                __vector_12
                0x00000104                __bad_interrupt
                0x00000104                __vector_3
                0x00000104                __vector_11
                0x00000104                __vector_13
                0x00000104                __vector_17
                0x00000104                __vector_7
                0x00000104                __vector_5
                0x00000104                __vector_4
                0x00000104                __vector_9
                0x00000104                __vector_2
                0x00000104                __vector_15
                0x00000104                __vector_8
                0x00000104                __vector_14
                0x00000104                __vector_10
                0x00000104                __vector_16
                0x00000104                __vector_18
 .text          0x00000106      0x2e8 obj/obj//./../usbdrv/usbdrv.o
                0x0000016a                usbPoll
                0x00000120                usbSetInterrupt
                0x00000106                usbInit
 .text          0x000003ee      0x190 obj/obj//main.o
                0x000003ee                __vector_6
                0x0000042c                usbFunctionSetup
                0x00000472                main
 .text          0x0000057e       0x7c obj/obj//../osccal/osccal.o
                0x0000057e                calibrateOscillator
 .text          0x000005fa        0x0 obj/obj//../usbdrv/oddebug.o
 .text          0x000005fa       0xe6 obj/obj//timers.o
                0x000006bc                Timer_SetExpired
                0x0000067c                Timer_HasExpired
                0x0000061a                Timers_DecreaseAll
                0x000006ce                Timer_Set
                0x000006a6                Timer_Reset
                0x000005fa                Timers_Init
 .text          0x000006e0      0x334 obj/obj//./../usbdrv/usbdrvasm.o
                0x00000758                __vector_1
                0x000006e0                usbCrc16
                0x0000072a                usbCrc16Append
                0x00000732                usbMeasureFrameLength
 .text          0x00000a14        0x0 /usr/local/avr/lib/gcc/avr/4.3.3/avr25/libgcc.a(_epilogue.o)
 .text          0x00000a14        0x0 /usr/local/avr/lib/gcc/avr/4.3.3/avr25/libgcc.a(_exit.o)
 .text          0x00000a14        0x0 /usr/local/avr/lib/gcc/avr/4.3.3/avr25/libgcc.a(_copy_data.o)
 .text          0x00000a14        0x0 /usr/local/avr/lib/gcc/avr/4.3.3/avr25/libgcc.a(_clear_bss.o)
 .text          0x00000a14        0x0 /usr/local/avr/lib/gcc/avr/4.3.3/../../../../avr/lib/avr25/libc.a(iob.o)
 .text          0x00000a14        0x0 /usr/local/avr/lib/gcc/avr/4.3.3/../../../../avr/lib/avr25/libc.a(printf_p.o)
 .text          0x00000a14        0x0 /usr/local/avr/lib/gcc/avr/4.3.3/../../../../avr/lib/avr25/libc.a(vfprintf_std.o)
 .text          0x00000a14        0x0 /usr/local/avr/lib/gcc/avr/4.3.3/../../../../avr/lib/avr25/libc.a(strnlen_P.o)
 .text          0x00000a14        0x0 /usr/local/avr/lib/gcc/avr/4.3.3/../../../../avr/lib/avr25/libc.a(strnlen.o)
 .text          0x00000a14        0x0 /usr/local/avr/lib/gcc/avr/4.3.3/../../../../avr/lib/avr25/libc.a(fputc.o)
 .text          0x00000a14        0x0 /usr/local/avr/lib/gcc/avr/4.3.3/../../../../avr/lib/avr25/libc.a(ultoa_invert.o)
 .text          0x00000a14        0x0 /usr/local/avr/lib/gcc/avr/4.3.3/avr25/libgcc.a(_mulhi3.o)
 .text          0x00000a14        0x0 /usr/local/avr/lib/gcc/avr/4.3.3/avr25/libgcc.a(_prologue.o)
                0x00000a14                . = ALIGN (0x2)
 *(.text.*)
 .text.libgcc   0x00000a14       0x36 /usr/local/avr/lib/gcc/avr/4.3.3/avr25/libgcc.a(_epilogue.o)
                0x00000a14                __epilogue_restores__
 .text.libgcc   0x00000a4a        0x0 /usr/local/avr/lib/gcc/avr/4.3.3/avr25/libgcc.a(_exit.o)
 .text.libgcc   0x00000a4a        0x0 /usr/local/avr/lib/gcc/avr/4.3.3/avr25/libgcc.a(_copy_data.o)
 .text.libgcc   0x00000a4a        0x0 /usr/local/avr/lib/gcc/avr/4.3.3/avr25/libgcc.a(_clear_bss.o)
 .text.avr-libc
                0x00000a4a       0x46 /usr/local/avr/lib/gcc/avr/4.3.3/../../../../avr/lib/avr25/libc.a(printf_p.o)
                0x00000a4a                printf_P
 .text.avr-libc
                0x00000a90      0x3a6 /usr/local/avr/lib/gcc/avr/4.3.3/../../../../avr/lib/avr25/libc.a(vfprintf_std.o)
                0x00000a90                vfprintf
 .text.avr-libc
                0x00000e36       0x16 /usr/local/avr/lib/gcc/avr/4.3.3/../../../../avr/lib/avr25/libc.a(strnlen_P.o)
                0x00000e36                strnlen_P
 .text.avr-libc
                0x00000e4c       0x16 /usr/local/avr/lib/gcc/avr/4.3.3/../../../../avr/lib/avr25/libc.a(strnlen.o)
                0x00000e4c                strnlen
 .text.avr-libc
                0x00000e62       0x58 /usr/local/avr/lib/gcc/avr/4.3.3/../../../../avr/lib/avr25/libc.a(fputc.o)
                0x00000e62                fputc
 .text.avr-libc
                0x00000eba       0xc0 /usr/local/avr/lib/gcc/avr/4.3.3/../../../../avr/lib/avr25/libc.a(ultoa_invert.o)
                0x00000eba                __ultoa_invert
 .text.libgcc   0x00000f7a       0x24 /usr/local/avr/lib/gcc/avr/4.3.3/avr25/libgcc.a(_mulhi3.o)
                0x00000f7a                __mulhi3
 .text.libgcc   0x00000f9e       0x38 /usr/local/avr/lib/gcc/avr/4.3.3/avr25/libgcc.a(_prologue.o)
                0x00000f9e                __prologue_saves__
                0x00000fd6                . = ALIGN (0x2)
 *(.fini9)
 .fini9         0x00000fd6        0x0 /usr/local/avr/lib/gcc/avr/4.3.3/avr25/libgcc.a(_exit.o)
                0x00000fd6                exit
                0x00000fd6                _exit
 *(.fini9)
 *(.fini8)
 *(.fini8)
 *(.fini7)
 *(.fini7)
 *(.fini6)
 *(.fini6)
 *(.fini5)
 *(.fini5)
 *(.fini4)
 *(.fini4)
 *(.fini3)
 *(.fini3)
 *(.fini2)
 *(.fini2)
 *(.fini1)
 *(.fini1)
 *(.fini0)
 .fini0         0x00000fd6        0x4 /usr/local/avr/lib/gcc/avr/4.3.3/avr25/libgcc.a(_exit.o)
 *(.fini0)
                0x00000fda                _etext = .

.data           0x00800060       0x10 load address 0x00000fda
                0x00800060                PROVIDE (__data_start, .)
 *(.data)
 .data          0x00800060        0x0 /usr/local/avr/lib/gcc/avr/4.3.3/../../../../avr/lib/avr25/crttn861.o
 .data          0x00800060        0x2 obj/obj//./../usbdrv/usbdrv.o
                0x00800060                usbTxLen
 .data          0x00800062        0xe obj/obj//main.o
 .data          0x00800070        0x0 obj/obj//../osccal/osccal.o
 .data          0x00800070        0x0 obj/obj//../usbdrv/oddebug.o
 .data          0x00800070        0x0 obj/obj//timers.o
 .data          0x00800070        0x0 obj/obj//./../usbdrv/usbdrvasm.o
 .data          0x00800070        0x0 /usr/local/avr/lib/gcc/avr/4.3.3/avr25/libgcc.a(_epilogue.o)
 .data          0x00800070        0x0 /usr/local/avr/lib/gcc/avr/4.3.3/avr25/libgcc.a(_exit.o)
 .data          0x00800070        0x0 /usr/local/avr/lib/gcc/avr/4.3.3/avr25/libgcc.a(_copy_data.o)
 .data          0x00800070        0x0 /usr/local/avr/lib/gcc/avr/4.3.3/avr25/libgcc.a(_clear_bss.o)
 .data          0x00800070        0x0 /usr/local/avr/lib/gcc/avr/4.3.3/../../../../avr/lib/avr25/libc.a(iob.o)
 .data          0x00800070        0x0 /usr/local/avr/lib/gcc/avr/4.3.3/../../../../avr/lib/avr25/libc.a(printf_p.o)
 .data          0x00800070        0x0 /usr/local/avr/lib/gcc/avr/4.3.3/../../../../avr/lib/avr25/libc.a(vfprintf_std.o)
 .data          0x00800070        0x0 /usr/local/avr/lib/gcc/avr/4.3.3/../../../../avr/lib/avr25/libc.a(strnlen_P.o)
 .data          0x00800070        0x0 /usr/local/avr/lib/gcc/avr/4.3.3/../../../../avr/lib/avr25/libc.a(strnlen.o)
 .data          0x00800070        0x0 /usr/local/avr/lib/gcc/avr/4.3.3/../../../../avr/lib/avr25/libc.a(fputc.o)
 .data          0x00800070        0x0 /usr/local/avr/lib/gcc/avr/4.3.3/../../../../avr/lib/avr25/libc.a(ultoa_invert.o)
 .data          0x00800070        0x0 /usr/local/avr/lib/gcc/avr/4.3.3/avr25/libgcc.a(_mulhi3.o)
 .data          0x00800070        0x0 /usr/local/avr/lib/gcc/avr/4.3.3/avr25/libgcc.a(_prologue.o)
 *(.data*)
 *(.rodata)
 *(.rodata*)
 *(.gnu.linkonce.d*)
                0x00800070                . = ALIGN (0x2)
                0x00800070                _edata = .
                0x00800070                PROVIDE (__data_end, .)

.bss            0x00800070       0xdb
                0x00800070                PROVIDE (__bss_start, .)
 *(.bss)
 .bss           0x00800070        0x0 /usr/local/avr/lib/gcc/avr/4.3.3/../../../../avr/lib/avr25/crttn861.o
 .bss           0x00800070        0x2 obj/obj//./../usbdrv/usbdrv.o
 .bss           0x00800072       0x8c obj/obj//main.o
 .bss           0x008000fe        0x0 obj/obj//../osccal/osccal.o
 .bss           0x008000fe        0x0 obj/obj//../usbdrv/oddebug.o
 .bss           0x008000fe       0x11 obj/obj//timers.o
 .bss           0x0080010f        0x0 obj/obj//./../usbdrv/usbdrvasm.o
 .bss           0x0080010f        0x0 /usr/local/avr/lib/gcc/avr/4.3.3/avr25/libgcc.a(_epilogue.o)
 .bss           0x0080010f        0x0 /usr/local/avr/lib/gcc/avr/4.3.3/avr25/libgcc.a(_exit.o)
 .bss           0x0080010f        0x0 /usr/local/avr/lib/gcc/avr/4.3.3/avr25/libgcc.a(_copy_data.o)
 .bss           0x0080010f        0x0 /usr/local/avr/lib/gcc/avr/4.3.3/avr25/libgcc.a(_clear_bss.o)
 .bss           0x0080010f        0x0 /usr/local/avr/lib/gcc/avr/4.3.3/../../../../avr/lib/avr25/libc.a(iob.o)
 .bss           0x0080010f        0x0 /usr/local/avr/lib/gcc/avr/4.3.3/../../../../avr/lib/avr25/libc.a(printf_p.o)
 .bss           0x0080010f        0x0 /usr/local/avr/lib/gcc/avr/4.3.3/../../../../avr/lib/avr25/libc.a(vfprintf_std.o)
 .bss           0x0080010f        0x0 /usr/local/avr/lib/gcc/avr/4.3.3/../../../../avr/lib/avr25/libc.a(strnlen_P.o)
 .bss           0x0080010f        0x0 /usr/local/avr/lib/gcc/avr/4.3.3/../../../../avr/lib/avr25/libc.a(strnlen.o)
 .bss           0x0080010f        0x0 /usr/local/avr/lib/gcc/avr/4.3.3/../../../../avr/lib/avr25/libc.a(fputc.o)
 .bss           0x0080010f        0x0 /usr/local/avr/lib/gcc/avr/4.3.3/../../../../avr/lib/avr25/libc.a(ultoa_invert.o)
 .bss           0x0080010f        0x0 /usr/local/avr/lib/gcc/avr/4.3.3/avr25/libgcc.a(_mulhi3.o)
 .bss           0x0080010f        0x0 /usr/local/avr/lib/gcc/avr/4.3.3/avr25/libgcc.a(_prologue.o)
 *(.bss*)
 *(COMMON)
 COMMON         0x0080010f       0x36 obj/obj//./../usbdrv/usbdrv.o
                0x0080010f                usbTxBuf
                0x0080011a                usbTxStatus1
                0x00800126                usbDeviceAddr
                0x00800127                usbRxToken
                0x00800128                usbInputBufOffset
                0x00800129                usbMsgPtr
                0x0080012b                usbRxLen
                0x0080012c                usbNewDeviceAddr
                0x0080012d                usbCurrentTok
                0x0080012e                usbConfiguration
                0x0080012f                usbRxBuf
 COMMON         0x00800145        0x6 /usr/local/avr/lib/gcc/avr/4.3.3/../../../../avr/lib/avr25/libc.a(iob.o)
                0x00800145                __iob
                0x0080014b                PROVIDE (__bss_end, .)
                0x00000fda                __data_load_start = LOADADDR (.data)
                0x00000fea                __data_load_end = (__data_load_start + SIZEOF (.data))

.noinit         0x0080014b        0x0
                0x0080014b                PROVIDE (__noinit_start, .)
 *(.noinit*)
                0x0080014b                PROVIDE (__noinit_end, .)
                0x0080014b                _end = .
                0x0080014b                PROVIDE (__heap_start, .)

.eeprom         0x00810000        0x0
 *(.eeprom*)
                0x00810000                __eeprom_end = .

.fuse
 *(.fuse)
 *(.lfuse)
 *(.hfuse)
 *(.efuse)

.lock
 *(.lock*)

.signature
 *(.signature*)

.stab           0x00000000     0x1254
 *(.stab)
 .stab          0x00000000     0x1254 obj/obj//./../usbdrv/usbdrvasm.o

.stabstr        0x00000000       0x5a
 *(.stabstr)
 .stabstr       0x00000000       0x5a obj/obj//./../usbdrv/usbdrvasm.o

.stab.excl
 *(.stab.excl)

.stab.exclstr
 *(.stab.exclstr)

.stab.index
 *(.stab.index)

.stab.indexstr
 *(.stab.indexstr)

.comment
 *(.comment)

.debug
 *(.debug)

.line
 *(.line)

.debug_srcinfo
 *(.debug_srcinfo)

.debug_sfnames
 *(.debug_sfnames)

.debug_aranges  0x00000000       0xe0
 *(.debug_aranges)
 .debug_aranges
                0x00000000       0x20 obj/obj//./../usbdrv/usbdrv.o
 .debug_aranges
                0x00000020       0x20 obj/obj//main.o
 .debug_aranges
                0x00000040       0x20 obj/obj//../osccal/osccal.o
 .debug_aranges
                0x00000060       0x20 obj/obj//timers.o
 .debug_aranges
                0x00000080       0x20 /usr/local/avr/lib/gcc/avr/4.3.3/../../../../avr/lib/avr25/libc.a(printf_p.o)
 .debug_aranges
                0x000000a0       0x20 /usr/local/avr/lib/gcc/avr/4.3.3/../../../../avr/lib/avr25/libc.a(vfprintf_std.o)
 .debug_aranges
                0x000000c0       0x20 /usr/local/avr/lib/gcc/avr/4.3.3/../../../../avr/lib/avr25/libc.a(fputc.o)

.debug_pubnames
                0x00000000      0x30b
 *(.debug_pubnames)
 .debug_pubnames
                0x00000000      0x190 obj/obj//./../usbdrv/usbdrv.o
 .debug_pubnames
                0x00000190       0x5a obj/obj//main.o
 .debug_pubnames
                0x000001ea       0x2a obj/obj//../osccal/osccal.o
 .debug_pubnames
                0x00000214       0x81 obj/obj//timers.o
 .debug_pubnames
                0x00000295       0x1c /usr/local/avr/lib/gcc/avr/4.3.3/../../../../avr/lib/avr25/libc.a(iob.o)
 .debug_pubnames
                0x000002b1       0x1f /usr/local/avr/lib/gcc/avr/4.3.3/../../../../avr/lib/avr25/libc.a(printf_p.o)
 .debug_pubnames
                0x000002d0       0x1f /usr/local/avr/lib/gcc/avr/4.3.3/../../../../avr/lib/avr25/libc.a(vfprintf_std.o)
 .debug_pubnames
                0x000002ef       0x1c /usr/local/avr/lib/gcc/avr/4.3.3/../../../../avr/lib/avr25/libc.a(fputc.o)

.debug_info     0x00000000     0x1958
 *(.debug_info)
 .debug_info    0x00000000      0x95a obj/obj//./../usbdrv/usbdrv.o
 .debug_info    0x0000095a      0x4de obj/obj//main.o
 .debug_info    0x00000e38       0xcc obj/obj//../osccal/osccal.o
 .debug_info    0x00000f04       0x61 obj/obj//../usbdrv/oddebug.o
 .debug_info    0x00000f65      0x237 obj/obj//timers.o
 .debug_info    0x0000119c      0x156 /usr/local/avr/lib/gcc/avr/4.3.3/../../../../avr/lib/avr25/libc.a(iob.o)
 .debug_info    0x000012f2      0x1b4 /usr/local/avr/lib/gcc/avr/4.3.3/../../../../avr/lib/avr25/libc.a(printf_p.o)
 .debug_info    0x000014a6      0x348 /usr/local/avr/lib/gcc/avr/4.3.3/../../../../avr/lib/avr25/libc.a(vfprintf_std.o)
 .debug_info    0x000017ee      0x16a /usr/local/avr/lib/gcc/avr/4.3.3/../../../../avr/lib/avr25/libc.a(fputc.o)
 *(.gnu.linkonce.wi.*)

.debug_abbrev   0x00000000      0xad8
 *(.debug_abbrev)
 .debug_abbrev  0x00000000      0x2b8 obj/obj//./../usbdrv/usbdrv.o
 .debug_abbrev  0x000002b8      0x224 obj/obj//main.o
 .debug_abbrev  0x000004dc       0x82 obj/obj//../osccal/osccal.o
 .debug_abbrev  0x0000055e       0x33 obj/obj//../usbdrv/oddebug.o
 .debug_abbrev  0x00000591       0xfa obj/obj//timers.o
 .debug_abbrev  0x0000068b       0xd0 /usr/local/avr/lib/gcc/avr/4.3.3/../../../../avr/lib/avr25/libc.a(iob.o)
 .debug_abbrev  0x0000075b      0x10f /usr/local/avr/lib/gcc/avr/4.3.3/../../../../avr/lib/avr25/libc.a(printf_p.o)
 .debug_abbrev  0x0000086a      0x193 /usr/local/avr/lib/gcc/avr/4.3.3/../../../../avr/lib/avr25/libc.a(vfprintf_std.o)
 .debug_abbrev  0x000009fd       0xdb /usr/local/avr/lib/gcc/avr/4.3.3/../../../../avr/lib/avr25/libc.a(fputc.o)

.debug_line     0x00000000     0x1094
 *(.debug_line)
 .debug_line    0x00000000      0x3f5 obj/obj//./../usbdrv/usbdrv.o
 .debug_line    0x000003f5      0x2bf obj/obj//main.o
 .debug_line    0x000006b4       0xc4 obj/obj//../osccal/osccal.o
 .debug_line    0x00000778       0x3e obj/obj//../usbdrv/oddebug.o
 .debug_line    0x000007b6      0x157 obj/obj//timers.o
 .debug_line    0x0000090d       0xbb /usr/local/avr/lib/gcc/avr/4.3.3/../../../../avr/lib/avr25/libc.a(iob.o)
 .debug_line    0x000009c8      0x127 /usr/local/avr/lib/gcc/avr/4.3.3/../../../../avr/lib/avr25/libc.a(printf_p.o)
 .debug_line    0x00000aef      0x496 /usr/local/avr/lib/gcc/avr/4.3.3/../../../../avr/lib/avr25/libc.a(vfprintf_std.o)
 .debug_line    0x00000f85      0x10f /usr/local/avr/lib/gcc/avr/4.3.3/../../../../avr/lib/avr25/libc.a(fputc.o)

.debug_frame    0x00000000      0x180
 *(.debug_frame)
 .debug_frame   0x00000000       0x40 obj/obj//./../usbdrv/usbdrv.o
 .debug_frame   0x00000040       0x50 obj/obj//main.o
 .debug_frame   0x00000090       0x20 obj/obj//../osccal/osccal.o
 .debug_frame   0x000000b0       0x70 obj/obj//timers.o
 .debug_frame   0x00000120       0x20 /usr/local/avr/lib/gcc/avr/4.3.3/../../../../avr/lib/avr25/libc.a(printf_p.o)
 .debug_frame   0x00000140       0x20 /usr/local/avr/lib/gcc/avr/4.3.3/../../../../avr/lib/avr25/libc.a(vfprintf_std.o)
 .debug_frame   0x00000160       0x20 /usr/local/avr/lib/gcc/avr/4.3.3/../../../../avr/lib/avr25/libc.a(fputc.o)

.debug_str      0x00000000      0x848
 *(.debug_str)
 .debug_str     0x00000000      0x3f7 obj/obj//./../usbdrv/usbdrv.o
                                0x445 (size before relaxing)
 .debug_str     0x000003f7      0x183 obj/obj//main.o
                                0x31e (size before relaxing)
 .debug_str     0x0000057a       0x5b obj/obj//../osccal/osccal.o
                                0x132 (size before relaxing)
 .debug_str     0x000005d5       0x14 obj/obj//../usbdrv/oddebug.o
                                 0xeb (size before relaxing)
 .debug_str     0x000005e9       0xcf obj/obj//timers.o
                                0x20b (size before relaxing)
 .debug_str     0x000006b8       0x68 /usr/local/avr/lib/gcc/avr/4.3.3/../../../../avr/lib/avr25/libc.a(iob.o)
                                0x10c (size before relaxing)
 .debug_str     0x00000720       0x65 /usr/local/avr/lib/gcc/avr/4.3.3/../../../../avr/lib/avr25/libc.a(printf_p.o)
                                0x143 (size before relaxing)
 .debug_str     0x00000785       0x85 /usr/local/avr/lib/gcc/avr/4.3.3/../../../../avr/lib/avr25/libc.a(vfprintf_std.o)
                                0x185 (size before relaxing)
 .debug_str     0x0000080a       0x3e /usr/local/avr/lib/gcc/avr/4.3.3/../../../../avr/lib/avr25/libc.a(fputc.o)
                                0x115 (size before relaxing)

.debug_loc      0x00000000      0xa8a
 *(.debug_loc)
 .debug_loc     0x00000000      0x449 obj/obj//./../usbdrv/usbdrv.o
 .debug_loc     0x00000449       0x6e obj/obj//main.o
 .debug_loc     0x000004b7       0x71 obj/obj//../osccal/osccal.o
 .debug_loc     0x00000528       0x96 obj/obj//timers.o
 .debug_loc     0x000005be      0x46c /usr/local/avr/lib/gcc/avr/4.3.3/../../../../avr/lib/avr25/libc.a(vfprintf_std.o)
 .debug_loc     0x00000a2a       0x60 /usr/local/avr/lib/gcc/avr/4.3.3/../../../../avr/lib/avr25/libc.a(fputc.o)

.debug_macinfo
 *(.debug_macinfo)
OUTPUT(application.elf elf32-avr)
LOAD linker stubs

.debug_ranges   0x00000000       0xb8
 .debug_ranges  0x00000000       0x58 obj/obj//./../usbdrv/usbdrv.o
 .debug_ranges  0x00000058       0x18 /usr/local/avr/lib/gcc/avr/4.3.3/../../../../avr/lib/avr25/libc.a(printf_p.o)
 .debug_ranges  0x00000070       0x30 /usr/local/avr/lib/gcc/avr/4.3.3/../../../../avr/lib/avr25/libc.a(vfprintf_std.o)
 .debug_ranges  0x000000a0       0x18 /usr/local/avr/lib/gcc/avr/4.3.3/../../../../avr/lib/avr25/libc.a(fputc.o)

Cross Reference Table

Symbol                                            File
Timer_HasExpired                                  obj/obj//timers.o
                                                  obj/obj//main.o
Timer_Reset                                       obj/obj//timers.o
                                                  obj/obj//main.o
Timer_Set                                         obj/obj//timers.o
                                                  obj/obj//main.o
Timer_SetExpired                                  obj/obj//timers.o
Timers_DecreaseAll                                obj/obj//timers.o
                                                  obj/obj//main.o
Timers_Init                                       obj/obj//timers.o
__bad_interrupt                                   /usr/local/avr/lib/gcc/avr/4.3.3/../../../../avr/lib/avr25/crttn861.o
__bss_end                                         /usr/local/avr/lib/gcc/avr/4.3.3/avr25/libgcc.a(_clear_bss.o)
__bss_start                                       /usr/local/avr/lib/gcc/avr/4.3.3/avr25/libgcc.a(_clear_bss.o)
__data_end                                        /usr/local/avr/lib/gcc/avr/4.3.3/avr25/libgcc.a(_copy_data.o)
__data_load_start                                 /usr/local/avr/lib/gcc/avr/4.3.3/avr25/libgcc.a(_copy_data.o)
__data_start                                      /usr/local/avr/lib/gcc/avr/4.3.3/avr25/libgcc.a(_copy_data.o)
__do_clear_bss                                    /usr/local/avr/lib/gcc/avr/4.3.3/avr25/libgcc.a(_clear_bss.o)
                                                  /usr/local/avr/lib/gcc/avr/4.3.3/../../../../avr/lib/avr25/libc.a(iob.o)
                                                  obj/obj//timers.o
                                                  obj/obj//../usbdrv/oddebug.o
                                                  obj/obj//../osccal/osccal.o
                                                  obj/obj//main.o
                                                  obj/obj//./../usbdrv/usbdrv.o
__do_copy_data                                    /usr/local/avr/lib/gcc/avr/4.3.3/avr25/libgcc.a(_copy_data.o)
                                                  obj/obj//timers.o
                                                  obj/obj//../usbdrv/oddebug.o
                                                  obj/obj//../osccal/osccal.o
                                                  obj/obj//main.o
                                                  obj/obj//./../usbdrv/usbdrv.o
__epilogue_restores__                             /usr/local/avr/lib/gcc/avr/4.3.3/avr25/libgcc.a(_epilogue.o)
                                                  /usr/local/avr/lib/gcc/avr/4.3.3/../../../../avr/lib/avr25/libc.a(vfprintf_std.o)
                                                  /usr/local/avr/lib/gcc/avr/4.3.3/../../../../avr/lib/avr25/libc.a(printf_p.o)
                                                  obj/obj//../osccal/osccal.o
__heap_end                                        /usr/local/avr/lib/gcc/avr/4.3.3/../../../../avr/lib/avr25/crttn861.o
__init                                            /usr/local/avr/lib/gcc/avr/4.3.3/../../../../avr/lib/avr25/crttn861.o
__iob                                             /usr/local/avr/lib/gcc/avr/4.3.3/../../../../avr/lib/avr25/libc.a(printf_p.o)
                                                  /usr/local/avr/lib/gcc/avr/4.3.3/../../../../avr/lib/avr25/libc.a(iob.o)
                                                  obj/obj//main.o
__mulhi3                                          /usr/local/avr/lib/gcc/avr/4.3.3/avr25/libgcc.a(_mulhi3.o)
                                                  /usr/local/avr/lib/gcc/avr/4.3.3/../../../../avr/lib/avr25/libc.a(vfprintf_std.o)
__prologue_saves__                                /usr/local/avr/lib/gcc/avr/4.3.3/avr25/libgcc.a(_prologue.o)
                                                  /usr/local/avr/lib/gcc/avr/4.3.3/../../../../avr/lib/avr25/libc.a(vfprintf_std.o)
                                                  /usr/local/avr/lib/gcc/avr/4.3.3/../../../../avr/lib/avr25/libc.a(printf_p.o)
__stack                                           /usr/local/avr/lib/gcc/avr/4.3.3/../../../../avr/lib/avr25/crttn861.o
__ultoa_invert                                    /usr/local/avr/lib/gcc/avr/4.3.3/../../../../avr/lib/avr25/libc.a(ultoa_invert.o)
                                                  /usr/local/avr/lib/gcc/avr/4.3.3/../../../../avr/lib/avr25/libc.a(vfprintf_std.o)
__vector_1                                        obj/obj//./../usbdrv/usbdrvasm.o
                                                  /usr/local/avr/lib/gcc/avr/4.3.3/../../../../avr/lib/avr25/crttn861.o
__vector_10                                       /usr/local/avr/lib/gcc/avr/4.3.3/../../../../avr/lib/avr25/crttn861.o
__vector_11                                       /usr/local/avr/lib/gcc/avr/4.3.3/../../../../avr/lib/avr25/crttn861.o
__vector_12                                       /usr/local/avr/lib/gcc/avr/4.3.3/../../../../avr/lib/avr25/crttn861.o
__vector_13                                       /usr/local/avr/lib/gcc/avr/4.3.3/../../../../avr/lib/avr25/crttn861.o
__vector_14                                       /usr/local/avr/lib/gcc/avr/4.3.3/../../../../avr/lib/avr25/crttn861.o
__vector_15                                       /usr/local/avr/lib/gcc/avr/4.3.3/../../../../avr/lib/avr25/crttn861.o
__vector_16                                       /usr/local/avr/lib/gcc/avr/4.3.3/../../../../avr/lib/avr25/crttn861.o
__vector_17                                       /usr/local/avr/lib/gcc/avr/4.3.3/../../../../avr/lib/avr25/crttn861.o
__vector_18                                       /usr/local/avr/lib/gcc/avr/4.3.3/../../../../avr/lib/avr25/crttn861.o
__vector_2                                        /usr/local/avr/lib/gcc/avr/4.3.3/../../../../avr/lib/avr25/crttn861.o
__vector_3                                        /usr/local/avr/lib/gcc/avr/4.3.3/../../../../avr/lib/avr25/crttn861.o
__vector_4                                        /usr/local/avr/lib/gcc/avr/4.3.3/../../../../avr/lib/avr25/crttn861.o
__vector_5                                        /usr/local/avr/lib/gcc/avr/4.3.3/../../../../avr/lib/avr25/crttn861.o
__vector_6                                        obj/obj//main.o
                                                  /usr/local/avr/lib/gcc/avr/4.3.3/../../../../avr/lib/avr25/crttn861.o
__vector_7                                        /usr/local/avr/lib/gcc/avr/4.3.3/../../../../avr/lib/avr25/crttn861.o
__vector_8                                        /usr/local/avr/lib/gcc/avr/4.3.3/../../../../avr/lib/avr25/crttn861.o
__vector_9                                        /usr/local/avr/lib/gcc/avr/4.3.3/../../../../avr/lib/avr25/crttn861.o
__vector_default                                  /usr/local/avr/lib/gcc/avr/4.3.3/../../../../avr/lib/avr25/crttn861.o
__vectors                                         /usr/local/avr/lib/gcc/avr/4.3.3/../../../../avr/lib/avr25/crttn861.o
_exit                                             /usr/local/avr/lib/gcc/avr/4.3.3/avr25/libgcc.a(_exit.o)
calibrateOscillator                               obj/obj//../osccal/osccal.o
                                                  obj/obj//./../usbdrv/usbdrv.o
exit                                              /usr/local/avr/lib/gcc/avr/4.3.3/avr25/libgcc.a(_exit.o)
                                                  /usr/local/avr/lib/gcc/avr/4.3.3/../../../../avr/lib/avr25/crttn861.o
fputc                                             /usr/local/avr/lib/gcc/avr/4.3.3/../../../../avr/lib/avr25/libc.a(fputc.o)
                                                  /usr/local/avr/lib/gcc/avr/4.3.3/../../../../avr/lib/avr25/libc.a(vfprintf_std.o)
main                                              obj/obj//main.o
                                                  /usr/local/avr/lib/gcc/avr/4.3.3/../../../../avr/lib/avr25/crttn861.o
printf_P                                          /usr/local/avr/lib/gcc/avr/4.3.3/../../../../avr/lib/avr25/libc.a(printf_p.o)
                                                  obj/obj//main.o
strnlen                                           /usr/local/avr/lib/gcc/avr/4.3.3/../../../../avr/lib/avr25/libc.a(strnlen.o)
                                                  /usr/local/avr/lib/gcc/avr/4.3.3/../../../../avr/lib/avr25/libc.a(vfprintf_std.o)
strnlen_P                                         /usr/local/avr/lib/gcc/avr/4.3.3/../../../../avr/lib/avr25/libc.a(strnlen_P.o)
                                                  /usr/local/avr/lib/gcc/avr/4.3.3/../../../../avr/lib/avr25/libc.a(vfprintf_std.o)
usbConfiguration                                  obj/obj//./../usbdrv/usbdrv.o
usbCrc16                                          obj/obj//./../usbdrv/usbdrvasm.o
usbCrc16Append                                    obj/obj//./../usbdrv/usbdrvasm.o
                                                  obj/obj//./../usbdrv/usbdrv.o
usbCurrentTok                                     obj/obj//./../usbdrv/usbdrvasm.o
                                                  obj/obj//./../usbdrv/usbdrv.o
usbDescriptorConfiguration                        obj/obj//./../usbdrv/usbdrv.o
usbDescriptorDevice                               obj/obj//./../usbdrv/usbdrv.o
usbDescriptorHidReport                            obj/obj//main.o
                                                  obj/obj//./../usbdrv/usbdrv.o
usbDescriptorString0                              obj/obj//./../usbdrv/usbdrv.o
usbDescriptorStringDevice                         obj/obj//./../usbdrv/usbdrv.o
usbDescriptorStringVendor                         obj/obj//./../usbdrv/usbdrv.o
usbDeviceAddr                                     obj/obj//./../usbdrv/usbdrvasm.o
                                                  obj/obj//./../usbdrv/usbdrv.o
usbFunctionSetup                                  obj/obj//main.o
                                                  obj/obj//./../usbdrv/usbdrv.o
usbInit                                           obj/obj//./../usbdrv/usbdrv.o
                                                  obj/obj//main.o
usbInputBufOffset                                 obj/obj//./../usbdrv/usbdrvasm.o
                                                  obj/obj//./../usbdrv/usbdrv.o
usbMeasureFrameLength                             obj/obj//./../usbdrv/usbdrvasm.o
                                                  obj/obj//../osccal/osccal.o
usbMsgPtr                                         obj/obj//main.o
                                                  obj/obj//./../usbdrv/usbdrv.o
usbNewDeviceAddr                                  obj/obj//./../usbdrv/usbdrvasm.o
                                                  obj/obj//./../usbdrv/usbdrv.o
usbPoll                                           obj/obj//./../usbdrv/usbdrv.o
                                                  obj/obj//main.o
usbRxBuf                                          obj/obj//./../usbdrv/usbdrvasm.o
                                                  obj/obj//./../usbdrv/usbdrv.o
usbRxLen                                          obj/obj//./../usbdrv/usbdrvasm.o
                                                  obj/obj//./../usbdrv/usbdrv.o
usbRxToken                                        obj/obj//./../usbdrv/usbdrvasm.o
                                                  obj/obj//./../usbdrv/usbdrv.o
usbSetInterrupt                                   obj/obj//./../usbdrv/usbdrv.o
                                                  obj/obj//main.o
usbTxBuf                                          obj/obj//./../usbdrv/usbdrvasm.o
                                                  obj/obj//./../usbdrv/usbdrv.o
usbTxLen                                          obj/obj//./../usbdrv/usbdrv.o
                                                  obj/obj//./../usbdrv/usbdrvasm.o
usbTxStatus1                                      obj/obj//./../usbdrv/usbdrvasm.o
                                                  obj/obj//main.o
                                                  obj/obj//./../usbdrv/usbdrv.o
vfprintf                                          /usr/local/avr/lib/gcc/avr/4.3.3/../../../../avr/lib/avr25/libc.a(vfprintf_std.o)
                                                  /usr/local/avr/lib/gcc/avr/4.3.3/../../../../avr/lib/avr25/libc.a(printf_p.o)
