Archive member included because of file (symbol)

/usr/lib/gcc/avr/4.3.4/avr25/libgcc.a(_epilogue.o)
                              obj/obj//../osccal/osccal.o (__epilogue_restores__)
/usr/lib/gcc/avr/4.3.4/avr25/libgcc.a(_exit.o)
                              /usr/lib/gcc/avr/4.3.4/../../../avr/lib/avr25/crttn861.o (exit)
/usr/lib/gcc/avr/4.3.4/avr25/libgcc.a(_copy_data.o)
                              obj/obj//./../usbdrv/usbdrv.o (__do_copy_data)
/usr/lib/gcc/avr/4.3.4/avr25/libgcc.a(_clear_bss.o)
                              obj/obj//./../usbdrv/usbdrv.o (__do_clear_bss)
/usr/lib/gcc/avr/4.3.4/../../../avr/lib/avr25/libc.a(iob.o)
                              obj/obj//main.o (__iob)
/usr/lib/gcc/avr/4.3.4/../../../avr/lib/avr25/libc.a(printf_p.o)
                              obj/obj//main.o (printf_P)
/usr/lib/gcc/avr/4.3.4/../../../avr/lib/avr25/libc.a(vfprintf_std.o)
                              /usr/lib/gcc/avr/4.3.4/../../../avr/lib/avr25/libc.a(printf_p.o) (vfprintf)
/usr/lib/gcc/avr/4.3.4/../../../avr/lib/avr25/libc.a(strnlen_P.o)
                              /usr/lib/gcc/avr/4.3.4/../../../avr/lib/avr25/libc.a(vfprintf_std.o) (strnlen_P)
/usr/lib/gcc/avr/4.3.4/../../../avr/lib/avr25/libc.a(strnlen.o)
                              /usr/lib/gcc/avr/4.3.4/../../../avr/lib/avr25/libc.a(vfprintf_std.o) (strnlen)
/usr/lib/gcc/avr/4.3.4/../../../avr/lib/avr25/libc.a(fputc.o)
                              /usr/lib/gcc/avr/4.3.4/../../../avr/lib/avr25/libc.a(vfprintf_std.o) (fputc)
/usr/lib/gcc/avr/4.3.4/../../../avr/lib/avr25/libc.a(ultoa_invert.o)
                              /usr/lib/gcc/avr/4.3.4/../../../avr/lib/avr25/libc.a(vfprintf_std.o) (__ultoa_invert)
/usr/lib/gcc/avr/4.3.4/avr25/libgcc.a(_mulhi3.o)
                              /usr/lib/gcc/avr/4.3.4/../../../avr/lib/avr25/libc.a(vfprintf_std.o) (__mulhi3)
/usr/lib/gcc/avr/4.3.4/avr25/libgcc.a(_prologue.o)
                              /usr/lib/gcc/avr/4.3.4/../../../avr/lib/avr25/libc.a(printf_p.o) (__prologue_saves__)

Allocating common symbols
Common symbol       size              file

usbTxBuf            0xb               obj/obj//./../usbdrv/usbdrv.o
usbTxStatus1        0xc               obj/obj//./../usbdrv/usbdrv.o
usbDeviceAddr       0x1               obj/obj//./../usbdrv/usbdrv.o
usbRxToken          0x1               obj/obj//./../usbdrv/usbdrv.o
usbInputBufOffset   0x1               obj/obj//./../usbdrv/usbdrv.o
usbMsgPtr           0x2               obj/obj//./../usbdrv/usbdrv.o
usbRxLen            0x1               obj/obj//./../usbdrv/usbdrv.o
usbNewDeviceAddr    0x1               obj/obj//./../usbdrv/usbdrv.o
usbCurrentTok       0x1               obj/obj//./../usbdrv/usbdrv.o
usbConfiguration    0x1               obj/obj//./../usbdrv/usbdrv.o
usbRxBuf            0x16              obj/obj//./../usbdrv/usbdrv.o
__iob               0x6               /usr/lib/gcc/avr/4.3.4/../../../avr/lib/avr25/libc.a(iob.o)

Memory Configuration

Name             Origin             Length             Attributes
text             0x00000000         0x00002000         xr
data             0x00800060         0x0000ffa0         rw !x
eeprom           0x00810000         0x00010000         rw !x
fuse             0x00820000         0x00000400         rw !x
lock             0x00830000         0x00000400         rw !x
signature        0x00840000         0x00000400         rw !x
*default*        0x00000000         0xffffffff

Linker script and memory map

LOAD /usr/lib/gcc/avr/4.3.4/../../../avr/lib/avr25/crttn861.o
LOAD obj/obj//./../usbdrv/usbdrv.o
LOAD obj/obj//main.o
LOAD obj/obj//../osccal/osccal.o
LOAD obj/obj//../usbdrv/oddebug.o
LOAD obj/obj//timers.o
LOAD obj/obj//./../usbdrv/usbdrvasm.o
LOAD /usr/lib/gcc/avr/4.3.4/../../../avr/lib/avr25/libm.a
LOAD /usr/lib/gcc/avr/4.3.4/avr25/libgcc.a
LOAD /usr/lib/gcc/avr/4.3.4/../../../avr/lib/avr25/libc.a
LOAD /usr/lib/gcc/avr/4.3.4/avr25/libgcc.a

.hash
 *(.hash)

.dynsym
 *(.dynsym)

.dynstr
 *(.dynstr)

.gnu.version
 *(.gnu.version)

.gnu.version_d
 *(.gnu.version_d)

.gnu.version_r
 *(.gnu.version_r)

.rel.init
 *(.rel.init)

.rela.init
 *(.rela.init)

.rel.text
 *(.rel.text)
 *(.rel.text.*)
 *(.rel.gnu.linkonce.t*)

.rela.text
 *(.rela.text)
 *(.rela.text.*)
 *(.rela.gnu.linkonce.t*)

.rel.fini
 *(.rel.fini)

.rela.fini
 *(.rela.fini)

.rel.rodata
 *(.rel.rodata)
 *(.rel.rodata.*)
 *(.rel.gnu.linkonce.r*)

.rela.rodata
 *(.rela.rodata)
 *(.rela.rodata.*)
 *(.rela.gnu.linkonce.r*)

.rel.data
 *(.rel.data)
 *(.rel.data.*)
 *(.rel.gnu.linkonce.d*)

.rela.data
 *(.rela.data)
 *(.rela.data.*)
 *(.rela.gnu.linkonce.d*)

.rel.ctors
 *(.rel.ctors)

.rela.ctors
 *(.rela.ctors)

.rel.dtors
 *(.rel.dtors)

.rela.dtors
 *(.rela.dtors)

.rel.got
 *(.rel.got)

.rela.got
 *(.rela.got)

.rel.bss
 *(.rel.bss)

.rela.bss
 *(.rela.bss)

.rel.plt
 *(.rel.plt)

.rela.plt
 *(.rela.plt)

.text           0x00000000     0x1034
 *(.vectors)
 .vectors       0x00000000       0x26 /usr/lib/gcc/avr/4.3.4/../../../avr/lib/avr25/crttn861.o
                0x00000000                __vectors
                0x00000000                __vector_default
 *(.vectors)
 *(.progmem.gcc*)
 *(.progmem*)
 .progmem.data  0x00000026       0x6a obj/obj//./../usbdrv/usbdrv.o
                0x00000026                usbDescriptorString0
                0x0000002a                usbDescriptorStringVendor
                0x00000040                usbDescriptorStringDevice
                0x0000005c                usbDescriptorDevice
                0x0000006e                usbDescriptorConfiguration
 .progmem.data  0x00000090       0x5e obj/obj//main.o
                0x00000090                usbDescriptorHidReport
                0x000000ee                . = ALIGN (0x2)
                0x000000ee                __trampolines_start = .
 *(.trampolines)
 .trampolines   0x000000ee        0x0 linker stubs
 *(.trampolines*)
                0x000000ee                __trampolines_end = .
 *(.jumptables)
 *(.jumptables*)
 *(.lowtext)
 *(.lowtext*)
                0x000000ee                __ctors_start = .
 *(.ctors)
                0x000000ee                __ctors_end = .
                0x000000ee                __dtors_start = .
 *(.dtors)
                0x000000ee                __dtors_end = .
 SORT(*)(.ctors)
 SORT(*)(.dtors)
 *(.init0)
 .init0         0x000000ee        0x0 /usr/lib/gcc/avr/4.3.4/../../../avr/lib/avr25/crttn861.o
                0x000000ee                __init
 *(.init0)
 *(.init1)
 *(.init1)
 *(.init2)
 .init2         0x000000ee        0xc /usr/lib/gcc/avr/4.3.4/../../../avr/lib/avr25/crttn861.o
 *(.init2)
 *(.init3)
 *(.init3)
 *(.init4)
 .init4         0x000000fa       0x16 /usr/lib/gcc/avr/4.3.4/avr25/libgcc.a(_copy_data.o)
                0x000000fa                __do_copy_data
 .init4         0x00000110       0x10 /usr/lib/gcc/avr/4.3.4/avr25/libgcc.a(_clear_bss.o)
                0x00000110                __do_clear_bss
 *(.init4)
 *(.init5)
 *(.init5)
 *(.init6)
 *(.init6)
 *(.init7)
 *(.init7)
 *(.init8)
 *(.init8)
 *(.init9)
 .init9         0x00000120        0x4 /usr/lib/gcc/avr/4.3.4/../../../avr/lib/avr25/crttn861.o
 *(.init9)
 *(.text)
 .text          0x00000124        0x2 /usr/lib/gcc/avr/4.3.4/../../../avr/lib/avr25/crttn861.o
                0x00000124                __vector_12
                0x00000124                __bad_interrupt
                0x00000124                __vector_3
                0x00000124                __vector_11
                0x00000124                __vector_13
                0x00000124                __vector_17
                0x00000124                __vector_7
                0x00000124                __vector_5
                0x00000124                __vector_4
                0x00000124                __vector_9
                0x00000124                __vector_2
                0x00000124                __vector_15
                0x00000124                __vector_8
                0x00000124                __vector_14
                0x00000124                __vector_10
                0x00000124                __vector_16
                0x00000124                __vector_18
 .text          0x00000126      0x2e8 obj/obj//./../usbdrv/usbdrv.o
                0x00000126                usbInit
                0x00000140                usbSetInterrupt
                0x0000018a                usbPoll
 .text          0x0000040e      0x1bc obj/obj//main.o
                0x0000040e                __vector_6
                0x0000044c                usbFunctionSetup
                0x00000492                main
 .text          0x000005ca       0x7c obj/obj//../osccal/osccal.o
                0x000005ca                calibrateOscillator
 .text          0x00000646        0x0 obj/obj//../usbdrv/oddebug.o
 .text          0x00000646       0xf4 obj/obj//timers.o
                0x00000646                Timers_Init
                0x00000674                Timers_DecreaseAll
                0x000006d6                Timer_HasExpired
                0x00000700                Timer_Reset
                0x00000716                Timer_SetExpired
                0x00000728                Timer_Set
 .text          0x0000073a      0x334 obj/obj//./../usbdrv/usbdrvasm.o
                0x0000073a                usbCrc16
                0x00000784                usbCrc16Append
                0x0000078c                usbMeasureFrameLength
                0x000007b2                __vector_1
 .text          0x00000a6e        0x0 /usr/lib/gcc/avr/4.3.4/avr25/libgcc.a(_epilogue.o)
 .text          0x00000a6e        0x0 /usr/lib/gcc/avr/4.3.4/avr25/libgcc.a(_exit.o)
 .text          0x00000a6e        0x0 /usr/lib/gcc/avr/4.3.4/avr25/libgcc.a(_copy_data.o)
 .text          0x00000a6e        0x0 /usr/lib/gcc/avr/4.3.4/avr25/libgcc.a(_clear_bss.o)
 .text          0x00000a6e        0x0 /usr/lib/gcc/avr/4.3.4/../../../avr/lib/avr25/libc.a(iob.o)
 .text          0x00000a6e        0x0 /usr/lib/gcc/avr/4.3.4/../../../avr/lib/avr25/libc.a(printf_p.o)
 .text          0x00000a6e        0x0 /usr/lib/gcc/avr/4.3.4/../../../avr/lib/avr25/libc.a(vfprintf_std.o)
 .text          0x00000a6e        0x0 /usr/lib/gcc/avr/4.3.4/../../../avr/lib/avr25/libc.a(strnlen_P.o)
 .text          0x00000a6e        0x0 /usr/lib/gcc/avr/4.3.4/../../../avr/lib/avr25/libc.a(strnlen.o)
 .text          0x00000a6e        0x0 /usr/lib/gcc/avr/4.3.4/../../../avr/lib/avr25/libc.a(fputc.o)
 .text          0x00000a6e        0x0 /usr/lib/gcc/avr/4.3.4/../../../avr/lib/avr25/libc.a(ultoa_invert.o)
 .text          0x00000a6e        0x0 /usr/lib/gcc/avr/4.3.4/avr25/libgcc.a(_mulhi3.o)
 .text          0x00000a6e        0x0 /usr/lib/gcc/avr/4.3.4/avr25/libgcc.a(_prologue.o)
                0x00000a6e                . = ALIGN (0x2)
 *(.text.*)
 .text.libgcc   0x00000a6e       0x36 /usr/lib/gcc/avr/4.3.4/avr25/libgcc.a(_epilogue.o)
                0x00000a6e                __epilogue_restores__
 .text.libgcc   0x00000aa4        0x0 /usr/lib/gcc/avr/4.3.4/avr25/libgcc.a(_exit.o)
 .text.libgcc   0x00000aa4        0x0 /usr/lib/gcc/avr/4.3.4/avr25/libgcc.a(_copy_data.o)
 .text.libgcc   0x00000aa4        0x0 /usr/lib/gcc/avr/4.3.4/avr25/libgcc.a(_clear_bss.o)
 .text.avr-libc
                0x00000aa4       0x46 /usr/lib/gcc/avr/4.3.4/../../../avr/lib/avr25/libc.a(printf_p.o)
                0x00000aa4                printf_P
 .text.avr-libc
                0x00000aea      0x3a6 /usr/lib/gcc/avr/4.3.4/../../../avr/lib/avr25/libc.a(vfprintf_std.o)
                0x00000aea                vfprintf
 .text.avr-libc
                0x00000e90       0x16 /usr/lib/gcc/avr/4.3.4/../../../avr/lib/avr25/libc.a(strnlen_P.o)
                0x00000e90                strnlen_P
 .text.avr-libc
                0x00000ea6       0x16 /usr/lib/gcc/avr/4.3.4/../../../avr/lib/avr25/libc.a(strnlen.o)
                0x00000ea6                strnlen
 .text.avr-libc
                0x00000ebc       0x58 /usr/lib/gcc/avr/4.3.4/../../../avr/lib/avr25/libc.a(fputc.o)
                0x00000ebc                fputc
 .text.avr-libc
                0x00000f14       0xc0 /usr/lib/gcc/avr/4.3.4/../../../avr/lib/avr25/libc.a(ultoa_invert.o)
                0x00000f14                __ultoa_invert
 .text.libgcc   0x00000fd4       0x24 /usr/lib/gcc/avr/4.3.4/avr25/libgcc.a(_mulhi3.o)
                0x00000fd4                __mulhi3
 .text.libgcc   0x00000ff8       0x38 /usr/lib/gcc/avr/4.3.4/avr25/libgcc.a(_prologue.o)
                0x00000ff8                __prologue_saves__
                0x00001030                . = ALIGN (0x2)
 *(.fini9)
 .fini9         0x00001030        0x0 /usr/lib/gcc/avr/4.3.4/avr25/libgcc.a(_exit.o)
                0x00001030                exit
                0x00001030                _exit
 *(.fini9)
 *(.fini8)
 *(.fini8)
 *(.fini7)
 *(.fini7)
 *(.fini6)
 *(.fini6)
 *(.fini5)
 *(.fini5)
 *(.fini4)
 *(.fini4)
 *(.fini3)
 *(.fini3)
 *(.fini2)
 *(.fini2)
 *(.fini1)
 *(.fini1)
 *(.fini0)
 .fini0         0x00001030        0x4 /usr/lib/gcc/avr/4.3.4/avr25/libgcc.a(_exit.o)
 *(.fini0)
                0x00001034                _etext = .

.data           0x00800060       0x10 load address 0x00001034
                0x00800060                PROVIDE (__data_start, .)
 *(.data)
 .data          0x00800060        0x0 /usr/lib/gcc/avr/4.3.4/../../../avr/lib/avr25/crttn861.o
 .data          0x00800060        0x2 obj/obj//./../usbdrv/usbdrv.o
                0x00800060                usbTxLen
 .data          0x00800062        0xe obj/obj//main.o
 .data          0x00800070        0x0 obj/obj//../osccal/osccal.o
 .data          0x00800070        0x0 obj/obj//../usbdrv/oddebug.o
 .data          0x00800070        0x0 obj/obj//timers.o
 .data          0x00800070        0x0 obj/obj//./../usbdrv/usbdrvasm.o
 .data          0x00800070        0x0 /usr/lib/gcc/avr/4.3.4/avr25/libgcc.a(_epilogue.o)
 .data          0x00800070        0x0 /usr/lib/gcc/avr/4.3.4/avr25/libgcc.a(_exit.o)
 .data          0x00800070        0x0 /usr/lib/gcc/avr/4.3.4/avr25/libgcc.a(_copy_data.o)
 .data          0x00800070        0x0 /usr/lib/gcc/avr/4.3.4/avr25/libgcc.a(_clear_bss.o)
 .data          0x00800070        0x0 /usr/lib/gcc/avr/4.3.4/../../../avr/lib/avr25/libc.a(iob.o)
 .data          0x00800070        0x0 /usr/lib/gcc/avr/4.3.4/../../../avr/lib/avr25/libc.a(printf_p.o)
 .data          0x00800070        0x0 /usr/lib/gcc/avr/4.3.4/../../../avr/lib/avr25/libc.a(vfprintf_std.o)
 .data          0x00800070        0x0 /usr/lib/gcc/avr/4.3.4/../../../avr/lib/avr25/libc.a(strnlen_P.o)
 .data          0x00800070        0x0 /usr/lib/gcc/avr/4.3.4/../../../avr/lib/avr25/libc.a(strnlen.o)
 .data          0x00800070        0x0 /usr/lib/gcc/avr/4.3.4/../../../avr/lib/avr25/libc.a(fputc.o)
 .data          0x00800070        0x0 /usr/lib/gcc/avr/4.3.4/../../../avr/lib/avr25/libc.a(ultoa_invert.o)
 .data          0x00800070        0x0 /usr/lib/gcc/avr/4.3.4/avr25/libgcc.a(_mulhi3.o)
 .data          0x00800070        0x0 /usr/lib/gcc/avr/4.3.4/avr25/libgcc.a(_prologue.o)
 *(.data*)
 *(.rodata)
 *(.rodata*)
 *(.gnu.linkonce.d*)
                0x00800070                . = ALIGN (0x2)
                0x00800070                _edata = .
                0x00800070                PROVIDE (__data_end, .)

.bss            0x00800070       0xd8
                0x00800070                PROVIDE (__bss_start, .)
 *(.bss)
 .bss           0x00800070        0x0 /usr/lib/gcc/avr/4.3.4/../../../avr/lib/avr25/crttn861.o
 .bss           0x00800070        0x2 obj/obj//./../usbdrv/usbdrv.o
 .bss           0x00800072       0x8f obj/obj//main.o
 .bss           0x00800101        0x0 obj/obj//../osccal/osccal.o
 .bss           0x00800101        0x0 obj/obj//../usbdrv/oddebug.o
 .bss           0x00800101        0xb obj/obj//timers.o
 .bss           0x0080010c        0x0 obj/obj//./../usbdrv/usbdrvasm.o
 .bss           0x0080010c        0x0 /usr/lib/gcc/avr/4.3.4/avr25/libgcc.a(_epilogue.o)
 .bss           0x0080010c        0x0 /usr/lib/gcc/avr/4.3.4/avr25/libgcc.a(_exit.o)
 .bss           0x0080010c        0x0 /usr/lib/gcc/avr/4.3.4/avr25/libgcc.a(_copy_data.o)
 .bss           0x0080010c        0x0 /usr/lib/gcc/avr/4.3.4/avr25/libgcc.a(_clear_bss.o)
 .bss           0x0080010c        0x0 /usr/lib/gcc/avr/4.3.4/../../../avr/lib/avr25/libc.a(iob.o)
 .bss           0x0080010c        0x0 /usr/lib/gcc/avr/4.3.4/../../../avr/lib/avr25/libc.a(printf_p.o)
 .bss           0x0080010c        0x0 /usr/lib/gcc/avr/4.3.4/../../../avr/lib/avr25/libc.a(vfprintf_std.o)
 .bss           0x0080010c        0x0 /usr/lib/gcc/avr/4.3.4/../../../avr/lib/avr25/libc.a(strnlen_P.o)
 .bss           0x0080010c        0x0 /usr/lib/gcc/avr/4.3.4/../../../avr/lib/avr25/libc.a(strnlen.o)
 .bss           0x0080010c        0x0 /usr/lib/gcc/avr/4.3.4/../../../avr/lib/avr25/libc.a(fputc.o)
 .bss           0x0080010c        0x0 /usr/lib/gcc/avr/4.3.4/../../../avr/lib/avr25/libc.a(ultoa_invert.o)
 .bss           0x0080010c        0x0 /usr/lib/gcc/avr/4.3.4/avr25/libgcc.a(_mulhi3.o)
 .bss           0x0080010c        0x0 /usr/lib/gcc/avr/4.3.4/avr25/libgcc.a(_prologue.o)
 *(.bss*)
 *(COMMON)
 COMMON         0x0080010c       0x36 obj/obj//./../usbdrv/usbdrv.o
                0x0080010c                usbTxBuf
                0x00800117                usbTxStatus1
                0x00800123                usbDeviceAddr
                0x00800124                usbRxToken
                0x00800125                usbInputBufOffset
                0x00800126                usbMsgPtr
                0x00800128                usbRxLen
                0x00800129                usbNewDeviceAddr
                0x0080012a                usbCurrentTok
                0x0080012b                usbConfiguration
                0x0080012c                usbRxBuf
 COMMON         0x00800142        0x6 /usr/lib/gcc/avr/4.3.4/../../../avr/lib/avr25/libc.a(iob.o)
                0x00800142                __iob
                0x00800148                PROVIDE (__bss_end, .)
                0x00001034                __data_load_start = LOADADDR (.data)
                0x00001044                __data_load_end = (__data_load_start + SIZEOF (.data))

.noinit         0x00800148        0x0
                0x00800148                PROVIDE (__noinit_start, .)
 *(.noinit*)
                0x00800148                PROVIDE (__noinit_end, .)
                0x00800148                _end = .
                0x00800148                PROVIDE (__heap_start, .)

.eeprom         0x00810000        0x0
 *(.eeprom*)
                0x00810000                __eeprom_end = .

.fuse
 *(.fuse)
 *(.lfuse)
 *(.hfuse)
 *(.efuse)

.lock
 *(.lock*)

.signature
 *(.signature*)

.stab           0x00000000     0x2ebc
 *(.stab)
 .stab          0x00000000      0x6b4 /usr/lib/gcc/avr/4.3.4/../../../avr/lib/avr25/crttn861.o
 .stab          0x000006b4     0x1248 obj/obj//./../usbdrv/usbdrvasm.o
                               0x1254 (size before relaxing)
 .stab          0x000018fc      0x300 /usr/lib/gcc/avr/4.3.4/../../../avr/lib/avr25/libc.a(iob.o)
                                0x30c (size before relaxing)
 .stab          0x00001bfc      0x1a4 /usr/lib/gcc/avr/4.3.4/../../../avr/lib/avr25/libc.a(printf_p.o)
                                0x384 (size before relaxing)
 .stab          0x00001da0      0x978 /usr/lib/gcc/avr/4.3.4/../../../avr/lib/avr25/libc.a(vfprintf_std.o)
                                0xb58 (size before relaxing)
 .stab          0x00002718       0x9c /usr/lib/gcc/avr/4.3.4/../../../avr/lib/avr25/libc.a(strnlen_P.o)
                                 0xa8 (size before relaxing)
 .stab          0x000027b4       0x9c /usr/lib/gcc/avr/4.3.4/../../../avr/lib/avr25/libc.a(strnlen.o)
                                 0xa8 (size before relaxing)
 .stab          0x00002850      0x1d4 /usr/lib/gcc/avr/4.3.4/../../../avr/lib/avr25/libc.a(fputc.o)
                                0x3b4 (size before relaxing)
 .stab          0x00002a24      0x498 /usr/lib/gcc/avr/4.3.4/../../../avr/lib/avr25/libc.a(ultoa_invert.o)
                                0x4a4 (size before relaxing)

.stabstr        0x00000000      0xd3c
 *(.stabstr)
 .stabstr       0x00000000      0xd3c /usr/lib/gcc/avr/4.3.4/../../../avr/lib/avr25/crttn861.o

.stab.excl
 *(.stab.excl)

.stab.exclstr
 *(.stab.exclstr)

.stab.index
 *(.stab.index)

.stab.indexstr
 *(.stab.indexstr)

.comment
 *(.comment)

.debug
 *(.debug)

.line
 *(.line)

.debug_srcinfo
 *(.debug_srcinfo)

.debug_sfnames
 *(.debug_sfnames)

.debug_aranges  0x00000000       0x80
 *(.debug_aranges)
 .debug_aranges
                0x00000000       0x20 obj/obj//./../usbdrv/usbdrv.o
 .debug_aranges
                0x00000020       0x20 obj/obj//main.o
 .debug_aranges
                0x00000040       0x20 obj/obj//../osccal/osccal.o
 .debug_aranges
                0x00000060       0x20 obj/obj//timers.o

.debug_pubnames
                0x00000000      0x295
 *(.debug_pubnames)
 .debug_pubnames
                0x00000000      0x190 obj/obj//./../usbdrv/usbdrv.o
 .debug_pubnames
                0x00000190       0x5a obj/obj//main.o
 .debug_pubnames
                0x000001ea       0x2a obj/obj//../osccal/osccal.o
 .debug_pubnames
                0x00000214       0x81 obj/obj//timers.o

.debug_info     0x00000000     0x115c
 *(.debug_info)
 .debug_info    0x00000000      0x95a obj/obj//./../usbdrv/usbdrv.o
 .debug_info    0x0000095a      0x4b0 obj/obj//main.o
 .debug_info    0x00000e0a       0xcc obj/obj//../osccal/osccal.o
 .debug_info    0x00000ed6       0x61 obj/obj//../usbdrv/oddebug.o
 .debug_info    0x00000f37      0x225 obj/obj//timers.o
 *(.gnu.linkonce.wi.*)

.debug_abbrev   0x00000000      0x673
 *(.debug_abbrev)
 .debug_abbrev  0x00000000      0x2b8 obj/obj//./../usbdrv/usbdrv.o
 .debug_abbrev  0x000002b8      0x20c obj/obj//main.o
 .debug_abbrev  0x000004c4       0x82 obj/obj//../osccal/osccal.o
 .debug_abbrev  0x00000546       0x33 obj/obj//../usbdrv/oddebug.o
 .debug_abbrev  0x00000579       0xfa obj/obj//timers.o

.debug_line     0x00000000      0x928
 *(.debug_line)
 .debug_line    0x00000000      0x3f5 obj/obj//./../usbdrv/usbdrv.o
 .debug_line    0x000003f5      0x2ea obj/obj//main.o
 .debug_line    0x000006df       0xc4 obj/obj//../osccal/osccal.o
 .debug_line    0x000007a3       0x3e obj/obj//../usbdrv/oddebug.o
 .debug_line    0x000007e1      0x147 obj/obj//timers.o

.debug_frame    0x00000000      0x120
 *(.debug_frame)
 .debug_frame   0x00000000       0x40 obj/obj//./../usbdrv/usbdrv.o
 .debug_frame   0x00000040       0x50 obj/obj//main.o
 .debug_frame   0x00000090       0x20 obj/obj//../osccal/osccal.o
 .debug_frame   0x000000b0       0x70 obj/obj//timers.o

.debug_str      0x00000000      0x661
 *(.debug_str)
 .debug_str     0x00000000      0x3f7 obj/obj//./../usbdrv/usbdrv.o
                                0x445 (size before relaxing)
 .debug_str     0x000003f7      0x12c obj/obj//main.o
                                0x2d3 (size before relaxing)
 .debug_str     0x00000523       0x5b obj/obj//../osccal/osccal.o
                                0x132 (size before relaxing)
 .debug_str     0x0000057e       0x14 obj/obj//../usbdrv/oddebug.o
                                 0xeb (size before relaxing)
 .debug_str     0x00000592       0xcf obj/obj//timers.o
                                0x1c7 (size before relaxing)

.debug_loc      0x00000000      0x5be
 *(.debug_loc)
 .debug_loc     0x00000000      0x449 obj/obj//./../usbdrv/usbdrv.o
 .debug_loc     0x00000449       0x6e obj/obj//main.o
 .debug_loc     0x000004b7       0x71 obj/obj//../osccal/osccal.o
 .debug_loc     0x00000528       0x96 obj/obj//timers.o

.debug_macinfo
 *(.debug_macinfo)
OUTPUT(application.elf elf32-avr)
LOAD linker stubs

.debug_ranges   0x00000000       0x58
 .debug_ranges  0x00000000       0x58 obj/obj//./../usbdrv/usbdrv.o

Cross Reference Table

Symbol                                            File
Timer_HasExpired                                  obj/obj//timers.o
                                                  obj/obj//main.o
Timer_Reset                                       obj/obj//timers.o
Timer_Set                                         obj/obj//timers.o
                                                  obj/obj//main.o
Timer_SetExpired                                  obj/obj//timers.o
Timers_DecreaseAll                                obj/obj//timers.o
                                                  obj/obj//main.o
Timers_Init                                       obj/obj//timers.o
__bad_interrupt                                   /usr/lib/gcc/avr/4.3.4/../../../avr/lib/avr25/crttn861.o
__bss_end                                         /usr/lib/gcc/avr/4.3.4/avr25/libgcc.a(_clear_bss.o)
__bss_start                                       /usr/lib/gcc/avr/4.3.4/avr25/libgcc.a(_clear_bss.o)
__data_end                                        /usr/lib/gcc/avr/4.3.4/avr25/libgcc.a(_copy_data.o)
__data_load_start                                 /usr/lib/gcc/avr/4.3.4/avr25/libgcc.a(_copy_data.o)
__data_start                                      /usr/lib/gcc/avr/4.3.4/avr25/libgcc.a(_copy_data.o)
__do_clear_bss                                    /usr/lib/gcc/avr/4.3.4/avr25/libgcc.a(_clear_bss.o)
                                                  /usr/lib/gcc/avr/4.3.4/../../../avr/lib/avr25/libc.a(fputc.o)
                                                  /usr/lib/gcc/avr/4.3.4/../../../avr/lib/avr25/libc.a(vfprintf_std.o)
                                                  /usr/lib/gcc/avr/4.3.4/../../../avr/lib/avr25/libc.a(printf_p.o)
                                                  /usr/lib/gcc/avr/4.3.4/../../../avr/lib/avr25/libc.a(iob.o)
                                                  obj/obj//timers.o
                                                  obj/obj//../usbdrv/oddebug.o
                                                  obj/obj//../osccal/osccal.o
                                                  obj/obj//main.o
                                                  obj/obj//./../usbdrv/usbdrv.o
__do_copy_data                                    /usr/lib/gcc/avr/4.3.4/avr25/libgcc.a(_copy_data.o)
                                                  /usr/lib/gcc/avr/4.3.4/../../../avr/lib/avr25/libc.a(fputc.o)
                                                  /usr/lib/gcc/avr/4.3.4/../../../avr/lib/avr25/libc.a(vfprintf_std.o)
                                                  /usr/lib/gcc/avr/4.3.4/../../../avr/lib/avr25/libc.a(printf_p.o)
                                                  /usr/lib/gcc/avr/4.3.4/../../../avr/lib/avr25/libc.a(iob.o)
                                                  obj/obj//timers.o
                                                  obj/obj//../usbdrv/oddebug.o
                                                  obj/obj//../osccal/osccal.o
                                                  obj/obj//main.o
                                                  obj/obj//./../usbdrv/usbdrv.o
__epilogue_restores__                             /usr/lib/gcc/avr/4.3.4/avr25/libgcc.a(_epilogue.o)
                                                  /usr/lib/gcc/avr/4.3.4/../../../avr/lib/avr25/libc.a(vfprintf_std.o)
                                                  /usr/lib/gcc/avr/4.3.4/../../../avr/lib/avr25/libc.a(printf_p.o)
                                                  obj/obj//../osccal/osccal.o
__heap_end                                        /usr/lib/gcc/avr/4.3.4/../../../avr/lib/avr25/crttn861.o
__init                                            /usr/lib/gcc/avr/4.3.4/../../../avr/lib/avr25/crttn861.o
__iob                                             /usr/lib/gcc/avr/4.3.4/../../../avr/lib/avr25/libc.a(printf_p.o)
                                                  /usr/lib/gcc/avr/4.3.4/../../../avr/lib/avr25/libc.a(iob.o)
                                                  obj/obj//main.o
__mulhi3                                          /usr/lib/gcc/avr/4.3.4/avr25/libgcc.a(_mulhi3.o)
                                                  /usr/lib/gcc/avr/4.3.4/../../../avr/lib/avr25/libc.a(vfprintf_std.o)
__prologue_saves__                                /usr/lib/gcc/avr/4.3.4/avr25/libgcc.a(_prologue.o)
                                                  /usr/lib/gcc/avr/4.3.4/../../../avr/lib/avr25/libc.a(vfprintf_std.o)
                                                  /usr/lib/gcc/avr/4.3.4/../../../avr/lib/avr25/libc.a(printf_p.o)
__stack                                           /usr/lib/gcc/avr/4.3.4/../../../avr/lib/avr25/crttn861.o
__ultoa_invert                                    /usr/lib/gcc/avr/4.3.4/../../../avr/lib/avr25/libc.a(ultoa_invert.o)
                                                  /usr/lib/gcc/avr/4.3.4/../../../avr/lib/avr25/libc.a(vfprintf_std.o)
__vector_1                                        obj/obj//./../usbdrv/usbdrvasm.o
                                                  /usr/lib/gcc/avr/4.3.4/../../../avr/lib/avr25/crttn861.o
__vector_10                                       /usr/lib/gcc/avr/4.3.4/../../../avr/lib/avr25/crttn861.o
__vector_11                                       /usr/lib/gcc/avr/4.3.4/../../../avr/lib/avr25/crttn861.o
__vector_12                                       /usr/lib/gcc/avr/4.3.4/../../../avr/lib/avr25/crttn861.o
__vector_13                                       /usr/lib/gcc/avr/4.3.4/../../../avr/lib/avr25/crttn861.o
__vector_14                                       /usr/lib/gcc/avr/4.3.4/../../../avr/lib/avr25/crttn861.o
__vector_15                                       /usr/lib/gcc/avr/4.3.4/../../../avr/lib/avr25/crttn861.o
__vector_16                                       /usr/lib/gcc/avr/4.3.4/../../../avr/lib/avr25/crttn861.o
__vector_17                                       /usr/lib/gcc/avr/4.3.4/../../../avr/lib/avr25/crttn861.o
__vector_18                                       /usr/lib/gcc/avr/4.3.4/../../../avr/lib/avr25/crttn861.o
__vector_2                                        /usr/lib/gcc/avr/4.3.4/../../../avr/lib/avr25/crttn861.o
__vector_3                                        /usr/lib/gcc/avr/4.3.4/../../../avr/lib/avr25/crttn861.o
__vector_4                                        /usr/lib/gcc/avr/4.3.4/../../../avr/lib/avr25/crttn861.o
__vector_5                                        /usr/lib/gcc/avr/4.3.4/../../../avr/lib/avr25/crttn861.o
__vector_6                                        obj/obj//main.o
                                                  /usr/lib/gcc/avr/4.3.4/../../../avr/lib/avr25/crttn861.o
__vector_7                                        /usr/lib/gcc/avr/4.3.4/../../../avr/lib/avr25/crttn861.o
__vector_8                                        /usr/lib/gcc/avr/4.3.4/../../../avr/lib/avr25/crttn861.o
__vector_9                                        /usr/lib/gcc/avr/4.3.4/../../../avr/lib/avr25/crttn861.o
__vector_default                                  /usr/lib/gcc/avr/4.3.4/../../../avr/lib/avr25/crttn861.o
__vectors                                         /usr/lib/gcc/avr/4.3.4/../../../avr/lib/avr25/crttn861.o
_exit                                             /usr/lib/gcc/avr/4.3.4/avr25/libgcc.a(_exit.o)
calibrateOscillator                               obj/obj//../osccal/osccal.o
                                                  obj/obj//./../usbdrv/usbdrv.o
exit                                              /usr/lib/gcc/avr/4.3.4/avr25/libgcc.a(_exit.o)
                                                  /usr/lib/gcc/avr/4.3.4/../../../avr/lib/avr25/crttn861.o
fputc                                             /usr/lib/gcc/avr/4.3.4/../../../avr/lib/avr25/libc.a(fputc.o)
                                                  /usr/lib/gcc/avr/4.3.4/../../../avr/lib/avr25/libc.a(vfprintf_std.o)
main                                              obj/obj//main.o
                                                  /usr/lib/gcc/avr/4.3.4/../../../avr/lib/avr25/crttn861.o
printf_P                                          /usr/lib/gcc/avr/4.3.4/../../../avr/lib/avr25/libc.a(printf_p.o)
                                                  obj/obj//main.o
strnlen                                           /usr/lib/gcc/avr/4.3.4/../../../avr/lib/avr25/libc.a(strnlen.o)
                                                  /usr/lib/gcc/avr/4.3.4/../../../avr/lib/avr25/libc.a(vfprintf_std.o)
strnlen_P                                         /usr/lib/gcc/avr/4.3.4/../../../avr/lib/avr25/libc.a(strnlen_P.o)
                                                  /usr/lib/gcc/avr/4.3.4/../../../avr/lib/avr25/libc.a(vfprintf_std.o)
usbConfiguration                                  obj/obj//./../usbdrv/usbdrv.o
usbCrc16                                          obj/obj//./../usbdrv/usbdrvasm.o
usbCrc16Append                                    obj/obj//./../usbdrv/usbdrvasm.o
                                                  obj/obj//./../usbdrv/usbdrv.o
usbCurrentTok                                     obj/obj//./../usbdrv/usbdrvasm.o
                                                  obj/obj//./../usbdrv/usbdrv.o
usbDescriptorConfiguration                        obj/obj//./../usbdrv/usbdrv.o
usbDescriptorDevice                               obj/obj//./../usbdrv/usbdrv.o
usbDescriptorHidReport                            obj/obj//main.o
                                                  obj/obj//./../usbdrv/usbdrv.o
usbDescriptorString0                              obj/obj//./../usbdrv/usbdrv.o
usbDescriptorStringDevice                         obj/obj//./../usbdrv/usbdrv.o
usbDescriptorStringVendor                         obj/obj//./../usbdrv/usbdrv.o
usbDeviceAddr                                     obj/obj//./../usbdrv/usbdrvasm.o
                                                  obj/obj//./../usbdrv/usbdrv.o
usbFunctionSetup                                  obj/obj//main.o
                                                  obj/obj//./../usbdrv/usbdrv.o
usbInit                                           obj/obj//./../usbdrv/usbdrv.o
                                                  obj/obj//main.o
usbInputBufOffset                                 obj/obj//./../usbdrv/usbdrvasm.o
                                                  obj/obj//./../usbdrv/usbdrv.o
usbMeasureFrameLength                             obj/obj//./../usbdrv/usbdrvasm.o
                                                  obj/obj//../osccal/osccal.o
usbMsgPtr                                         obj/obj//main.o
                                                  obj/obj//./../usbdrv/usbdrv.o
usbNewDeviceAddr                                  obj/obj//./../usbdrv/usbdrvasm.o
                                                  obj/obj//./../usbdrv/usbdrv.o
usbPoll                                           obj/obj//./../usbdrv/usbdrv.o
                                                  obj/obj//main.o
usbRxBuf                                          obj/obj//./../usbdrv/usbdrvasm.o
                                                  obj/obj//./../usbdrv/usbdrv.o
usbRxLen                                          obj/obj//./../usbdrv/usbdrvasm.o
                                                  obj/obj//./../usbdrv/usbdrv.o
usbRxToken                                        obj/obj//./../usbdrv/usbdrvasm.o
                                                  obj/obj//./../usbdrv/usbdrv.o
usbSetInterrupt                                   obj/obj//./../usbdrv/usbdrv.o
                                                  obj/obj//main.o
usbTxBuf                                          obj/obj//./../usbdrv/usbdrvasm.o
                                                  obj/obj//./../usbdrv/usbdrv.o
usbTxLen                                          obj/obj//./../usbdrv/usbdrv.o
                                                  obj/obj//./../usbdrv/usbdrvasm.o
usbTxStatus1                                      obj/obj//./../usbdrv/usbdrvasm.o
                                                  obj/obj//main.o
                                                  obj/obj//./../usbdrv/usbdrv.o
vfprintf                                          /usr/lib/gcc/avr/4.3.4/../../../avr/lib/avr25/libc.a(vfprintf_std.o)
                                                  /usr/lib/gcc/avr/4.3.4/../../../avr/lib/avr25/libc.a(printf_p.o)
