Archive member included because of file (symbol)

/usr/local/avr/lib/gcc/avr/4.3.3/../../../../avr/lib/avr25/libprintf_min.a(vfprintf_min.o)
                              (vfprintf)
/usr/local/avr/lib/gcc/avr/4.3.3/avr25/libgcc.a(_mulsi3.o)
                              obj/obj//main.o (__mulsi3)
/usr/local/avr/lib/gcc/avr/4.3.3/avr25/libgcc.a(_udivmodsi4.o)
                              obj/obj//main.o (__udivmodsi4)
/usr/local/avr/lib/gcc/avr/4.3.3/avr25/libgcc.a(_prologue.o)
                              obj/obj//main.o (__prologue_saves__)
/usr/local/avr/lib/gcc/avr/4.3.3/avr25/libgcc.a(_epilogue.o)
                              obj/obj//../osccal/osccal.o (__epilogue_restores__)
/usr/local/avr/lib/gcc/avr/4.3.3/avr25/libgcc.a(_exit.o)
                              /usr/local/avr/lib/gcc/avr/4.3.3/../../../../avr/lib/avr25/crttn861.o (exit)
/usr/local/avr/lib/gcc/avr/4.3.3/avr25/libgcc.a(_copy_data.o)
                              obj/obj//./../usbdrv/usbdrv.o (__do_copy_data)
/usr/local/avr/lib/gcc/avr/4.3.3/avr25/libgcc.a(_clear_bss.o)
                              obj/obj//./../usbdrv/usbdrv.o (__do_clear_bss)
/usr/local/avr/lib/gcc/avr/4.3.3/../../../../avr/lib/avr25/libc.a(strchr_P.o)
                              /usr/local/avr/lib/gcc/avr/4.3.3/../../../../avr/lib/avr25/libprintf_min.a(vfprintf_min.o) (strchr_P)
/usr/local/avr/lib/gcc/avr/4.3.3/../../../../avr/lib/avr25/libc.a(fgetc.o)
                              obj/obj//main.o (fgetc)
/usr/local/avr/lib/gcc/avr/4.3.3/../../../../avr/lib/avr25/libc.a(fputc.o)
                              obj/obj//../util/usbstream.o (fputc)
/usr/local/avr/lib/gcc/avr/4.3.3/../../../../avr/lib/avr25/libc.a(iob.o)
                              obj/obj//main.o (__iob)
/usr/local/avr/lib/gcc/avr/4.3.3/../../../../avr/lib/avr25/libc.a(printf_p.o)
                              obj/obj//main.o (printf_P)
/usr/local/avr/lib/gcc/avr/4.3.3/../../../../avr/lib/avr25/libc.a(ultoa_invert.o)
                              /usr/local/avr/lib/gcc/avr/4.3.3/../../../../avr/lib/avr25/libprintf_min.a(vfprintf_min.o) (__ultoa_invert)

Allocating common symbols
Common symbol       size              file

usbTxBuf            0xb               obj/obj//./../usbdrv/usbdrv.o
usbTxStatus1        0xc               obj/obj//./../usbdrv/usbdrv.o
usbDeviceAddr       0x1               obj/obj//./../usbdrv/usbdrv.o
usbRxToken          0x1               obj/obj//./../usbdrv/usbdrv.o
usbInputBufOffset   0x1               obj/obj//./../usbdrv/usbdrv.o
usbMsgPtr           0x2               obj/obj//./../usbdrv/usbdrv.o
usbRxLen            0x1               obj/obj//./../usbdrv/usbdrv.o
usbNewDeviceAddr    0x1               obj/obj//./../usbdrv/usbdrv.o
usbCurrentTok       0x1               obj/obj//./../usbdrv/usbdrv.o
usbConfiguration    0x1               obj/obj//./../usbdrv/usbdrv.o
usbRxBuf            0x16              obj/obj//./../usbdrv/usbdrv.o
__iob               0x6               /usr/local/avr/lib/gcc/avr/4.3.3/../../../../avr/lib/avr25/libc.a(iob.o)

Memory Configuration

Name             Origin             Length             Attributes
text             0x00000000         0x00002000         xr
data             0x00800060         0x0000ffa0         rw !x
eeprom           0x00810000         0x00010000         rw !x
fuse             0x00820000         0x00000400         rw !x
lock             0x00830000         0x00000400         rw !x
signature        0x00840000         0x00000400         rw !x
*default*        0x00000000         0xffffffff

Linker script and memory map

LOAD /usr/local/avr/lib/gcc/avr/4.3.3/../../../../avr/lib/avr25/crttn861.o
LOAD obj/obj//./../usbdrv/usbdrv.o
LOAD obj/obj//main.o
LOAD obj/obj//../osccal/osccal.o
LOAD obj/obj//../usbdrv/oddebug.o
LOAD obj/obj//../util/timers.o
LOAD obj/obj//../util/stream.o
LOAD obj/obj//../util/usbstream.o
LOAD obj/obj//./../usbdrv/usbdrvasm.o
LOAD /usr/local/avr/lib/gcc/avr/4.3.3/../../../../avr/lib/avr25/libprintf_min.a
LOAD /usr/local/avr/lib/gcc/avr/4.3.3/../../../../avr/lib/avr25/libm.a
LOAD /usr/local/avr/lib/gcc/avr/4.3.3/avr25/libgcc.a
LOAD /usr/local/avr/lib/gcc/avr/4.3.3/../../../../avr/lib/avr25/libc.a
LOAD /usr/local/avr/lib/gcc/avr/4.3.3/avr25/libgcc.a

.hash
 *(.hash)

.dynsym
 *(.dynsym)

.dynstr
 *(.dynstr)

.gnu.version
 *(.gnu.version)

.gnu.version_d
 *(.gnu.version_d)

.gnu.version_r
 *(.gnu.version_r)

.rel.init
 *(.rel.init)

.rela.init
 *(.rela.init)

.rel.text
 *(.rel.text)
 *(.rel.text.*)
 *(.rel.gnu.linkonce.t*)

.rela.text
 *(.rela.text)
 *(.rela.text.*)
 *(.rela.gnu.linkonce.t*)

.rel.fini
 *(.rel.fini)

.rela.fini
 *(.rela.fini)

.rel.rodata
 *(.rel.rodata)
 *(.rel.rodata.*)
 *(.rel.gnu.linkonce.r*)

.rela.rodata
 *(.rela.rodata)
 *(.rela.rodata.*)
 *(.rela.gnu.linkonce.r*)

.rel.data
 *(.rel.data)
 *(.rel.data.*)
 *(.rel.gnu.linkonce.d*)

.rela.data
 *(.rela.data)
 *(.rela.data.*)
 *(.rela.gnu.linkonce.d*)

.rel.ctors
 *(.rel.ctors)

.rela.ctors
 *(.rela.ctors)

.rel.dtors
 *(.rel.dtors)

.rela.dtors
 *(.rela.dtors)

.rel.got
 *(.rel.got)

.rela.got
 *(.rela.got)

.rel.bss
 *(.rel.bss)

.rela.bss
 *(.rela.bss)

.rel.plt
 *(.rel.plt)

.rela.plt
 *(.rela.plt)

.text           0x00000000     0x1422
 *(.vectors)
 .vectors       0x00000000       0x26 /usr/local/avr/lib/gcc/avr/4.3.3/../../../../avr/lib/avr25/crttn861.o
                0x00000000                __vectors
                0x00000000                __vector_default
 *(.vectors)
 *(.progmem.gcc*)
 *(.progmem*)
 .progmem.data  0x00000026       0x72 obj/obj//./../usbdrv/usbdrv.o
                0x00000064                usbDescriptorDevice
                0x00000026                usbDescriptorString0
                0x00000076                usbDescriptorConfiguration
                0x0000002a                usbDescriptorStringVendor
                0x00000040                usbDescriptorStringDevice
 .progmem.data  0x00000098       0xce obj/obj//main.o
                0x00000098                usbDescriptorHidReport
 .progmem.data  0x00000166       0x17 /usr/local/avr/lib/gcc/avr/4.3.3/../../../../avr/lib/avr25/libprintf_min.a(vfprintf_min.o)
                0x0000017e                . = ALIGN (0x2)
 *fill*         0x0000017d        0x1 00
                0x0000017e                __trampolines_start = .
 *(.trampolines)
 .trampolines   0x0000017e        0x0 linker stubs
 *(.trampolines*)
                0x0000017e                __trampolines_end = .
 *(.jumptables)
 *(.jumptables*)
 *(.lowtext)
 *(.lowtext*)
                0x0000017e                __ctors_start = .
 *(.ctors)
                0x0000017e                __ctors_end = .
                0x0000017e                __dtors_start = .
 *(.dtors)
                0x0000017e                __dtors_end = .
 SORT(*)(.ctors)
 SORT(*)(.dtors)
 *(.init0)
 .init0         0x0000017e        0x0 /usr/local/avr/lib/gcc/avr/4.3.3/../../../../avr/lib/avr25/crttn861.o
                0x0000017e                __init
 *(.init0)
 *(.init1)
 *(.init1)
 *(.init2)
 .init2         0x0000017e        0xc /usr/local/avr/lib/gcc/avr/4.3.3/../../../../avr/lib/avr25/crttn861.o
 *(.init2)
 *(.init3)
 *(.init3)
 *(.init4)
 .init4         0x0000018a       0x16 /usr/local/avr/lib/gcc/avr/4.3.3/avr25/libgcc.a(_copy_data.o)
                0x0000018a                __do_copy_data
 .init4         0x000001a0       0x10 /usr/local/avr/lib/gcc/avr/4.3.3/avr25/libgcc.a(_clear_bss.o)
                0x000001a0                __do_clear_bss
 *(.init4)
 *(.init5)
 *(.init5)
 *(.init6)
 *(.init6)
 *(.init7)
 *(.init7)
 *(.init8)
 *(.init8)
 *(.init9)
 .init9         0x000001b0        0x4 /usr/local/avr/lib/gcc/avr/4.3.3/../../../../avr/lib/avr25/crttn861.o
 *(.init9)
 *(.text)
 .text          0x000001b4        0x2 /usr/local/avr/lib/gcc/avr/4.3.3/../../../../avr/lib/avr25/crttn861.o
                0x000001b4                __vector_12
                0x000001b4                __bad_interrupt
                0x000001b4                __vector_6
                0x000001b4                __vector_3
                0x000001b4                __vector_11
                0x000001b4                __vector_13
                0x000001b4                __vector_17
                0x000001b4                __vector_7
                0x000001b4                __vector_5
                0x000001b4                __vector_4
                0x000001b4                __vector_9
                0x000001b4                __vector_15
                0x000001b4                __vector_8
                0x000001b4                __vector_14
                0x000001b4                __vector_10
                0x000001b4                __vector_18
 .text          0x000001b6      0x33e obj/obj//./../usbdrv/usbdrv.o
                0x0000021a                usbPoll
                0x000001d0                usbSetInterrupt
                0x000001b6                usbInit
 .text          0x000004f4      0x32c obj/obj//main.o
                0x000005a0                usbFunctionSetup2
                0x00000602                main
                0x000004f4                __vector_2
                0x0000050a                __vector_16
 .text          0x00000820       0x7c obj/obj//../osccal/osccal.o
                0x00000820                calibrateOscillator
 .text          0x0000089c        0x0 obj/obj//../usbdrv/oddebug.o
 .text          0x0000089c       0xe6 obj/obj//../util/timers.o
                0x0000095e                Timer_SetExpired
                0x0000091e                Timer_HasExpired
                0x000008bc                Timers_DecreaseAll
                0x00000970                Timer_Set
                0x00000948                Timer_Reset
                0x0000089c                Timers_Init
 .text          0x00000982       0xb0 obj/obj//../util/stream.o
                0x00000982                stream_putchar
                0x000009ce                stream_getchar_nowait
                0x00000a04                stream_getchar_wait
 .text          0x00000a32      0x1b6 obj/obj//../util/usbstream.o
                0x00000a6e                usbFunctionRead2
                0x00000b9a                usbFunctionSetup
                0x00000acc                usbFunctionWrite2
                0x00000a72                usbFunctionRead
                0x00000b0c                usbFunctionWrite
 .text          0x00000be8      0x334 obj/obj//./../usbdrv/usbdrvasm.o
                0x00000c60                __vector_1
                0x00000be8                usbCrc16
                0x00000c32                usbCrc16Append
                0x00000c3a                usbMeasureFrameLength
 .text          0x00000f1c        0x0 /usr/local/avr/lib/gcc/avr/4.3.3/../../../../avr/lib/avr25/libprintf_min.a(vfprintf_min.o)
 .text          0x00000f1c        0x0 /usr/local/avr/lib/gcc/avr/4.3.3/avr25/libgcc.a(_mulsi3.o)
 .text          0x00000f1c        0x0 /usr/local/avr/lib/gcc/avr/4.3.3/avr25/libgcc.a(_udivmodsi4.o)
 .text          0x00000f1c        0x0 /usr/local/avr/lib/gcc/avr/4.3.3/avr25/libgcc.a(_prologue.o)
 .text          0x00000f1c        0x0 /usr/local/avr/lib/gcc/avr/4.3.3/avr25/libgcc.a(_epilogue.o)
 .text          0x00000f1c        0x0 /usr/local/avr/lib/gcc/avr/4.3.3/avr25/libgcc.a(_exit.o)
 .text          0x00000f1c        0x0 /usr/local/avr/lib/gcc/avr/4.3.3/avr25/libgcc.a(_copy_data.o)
 .text          0x00000f1c        0x0 /usr/local/avr/lib/gcc/avr/4.3.3/avr25/libgcc.a(_clear_bss.o)
 .text          0x00000f1c        0x0 /usr/local/avr/lib/gcc/avr/4.3.3/../../../../avr/lib/avr25/libc.a(strchr_P.o)
 .text          0x00000f1c        0x0 /usr/local/avr/lib/gcc/avr/4.3.3/../../../../avr/lib/avr25/libc.a(fgetc.o)
 .text          0x00000f1c        0x0 /usr/local/avr/lib/gcc/avr/4.3.3/../../../../avr/lib/avr25/libc.a(fputc.o)
 .text          0x00000f1c        0x0 /usr/local/avr/lib/gcc/avr/4.3.3/../../../../avr/lib/avr25/libc.a(iob.o)
 .text          0x00000f1c        0x0 /usr/local/avr/lib/gcc/avr/4.3.3/../../../../avr/lib/avr25/libc.a(printf_p.o)
 .text          0x00000f1c        0x0 /usr/local/avr/lib/gcc/avr/4.3.3/../../../../avr/lib/avr25/libc.a(ultoa_invert.o)
                0x00000f1c                . = ALIGN (0x2)
 *(.text.*)
 .text.avr-libc
                0x00000f1c      0x226 /usr/local/avr/lib/gcc/avr/4.3.3/../../../../avr/lib/avr25/libprintf_min.a(vfprintf_min.o)
                0x00000f1c                vfprintf
 .text.libgcc   0x00001142       0x32 /usr/local/avr/lib/gcc/avr/4.3.3/avr25/libgcc.a(_mulsi3.o)
                0x00001142                __mulsi3
 .text.libgcc   0x00001174       0x44 /usr/local/avr/lib/gcc/avr/4.3.3/avr25/libgcc.a(_udivmodsi4.o)
                0x00001174                __udivmodsi4
 .text.libgcc   0x000011b8       0x38 /usr/local/avr/lib/gcc/avr/4.3.3/avr25/libgcc.a(_prologue.o)
                0x000011b8                __prologue_saves__
 .text.libgcc   0x000011f0       0x36 /usr/local/avr/lib/gcc/avr/4.3.3/avr25/libgcc.a(_epilogue.o)
                0x000011f0                __epilogue_restores__
 .text.libgcc   0x00001226        0x0 /usr/local/avr/lib/gcc/avr/4.3.3/avr25/libgcc.a(_exit.o)
 .text.libgcc   0x00001226        0x0 /usr/local/avr/lib/gcc/avr/4.3.3/avr25/libgcc.a(_copy_data.o)
 .text.libgcc   0x00001226        0x0 /usr/local/avr/lib/gcc/avr/4.3.3/avr25/libgcc.a(_clear_bss.o)
 .text.avr-libc
                0x00001226       0x16 /usr/local/avr/lib/gcc/avr/4.3.3/../../../../avr/lib/avr25/libc.a(strchr_P.o)
                0x00001226                strchr_P
 .text.avr-libc
                0x0000123c       0x84 /usr/local/avr/lib/gcc/avr/4.3.3/../../../../avr/lib/avr25/libc.a(fgetc.o)
                0x0000123c                fgetc
 .text.avr-libc
                0x000012c0       0x58 /usr/local/avr/lib/gcc/avr/4.3.3/../../../../avr/lib/avr25/libc.a(fputc.o)
                0x000012c0                fputc
 .text.avr-libc
                0x00001318       0x46 /usr/local/avr/lib/gcc/avr/4.3.3/../../../../avr/lib/avr25/libc.a(printf_p.o)
                0x00001318                printf_P
 .text.avr-libc
                0x0000135e       0xc0 /usr/local/avr/lib/gcc/avr/4.3.3/../../../../avr/lib/avr25/libc.a(ultoa_invert.o)
                0x0000135e                __ultoa_invert
                0x0000141e                . = ALIGN (0x2)
 *(.fini9)
 .fini9         0x0000141e        0x0 /usr/local/avr/lib/gcc/avr/4.3.3/avr25/libgcc.a(_exit.o)
                0x0000141e                exit
                0x0000141e                _exit
 *(.fini9)
 *(.fini8)
 *(.fini8)
 *(.fini7)
 *(.fini7)
 *(.fini6)
 *(.fini6)
 *(.fini5)
 *(.fini5)
 *(.fini4)
 *(.fini4)
 *(.fini3)
 *(.fini3)
 *(.fini2)
 *(.fini2)
 *(.fini1)
 *(.fini1)
 *(.fini0)
 .fini0         0x0000141e        0x4 /usr/local/avr/lib/gcc/avr/4.3.3/avr25/libgcc.a(_exit.o)
 *(.fini0)
                0x00001422                _etext = .

.data           0x00800060       0x1e load address 0x00001422
                0x00800060                PROVIDE (__data_start, .)
 *(.data)
 .data          0x00800060        0x0 /usr/local/avr/lib/gcc/avr/4.3.3/../../../../avr/lib/avr25/crttn861.o
 .data          0x00800060        0x2 obj/obj//./../usbdrv/usbdrv.o
                0x00800060                usbTxLen
 .data          0x00800062        0x0 obj/obj//main.o
 .data          0x00800062        0x0 obj/obj//../osccal/osccal.o
 .data          0x00800062        0x0 obj/obj//../usbdrv/oddebug.o
 .data          0x00800062        0x0 obj/obj//../util/timers.o
 .data          0x00800062        0x0 obj/obj//../util/stream.o
 .data          0x00800062       0x1c obj/obj//../util/usbstream.o
                0x00800070                usb_in_stream
                0x00800062                usb_out_stream
 .data          0x0080007e        0x0 obj/obj//./../usbdrv/usbdrvasm.o
 .data          0x0080007e        0x0 /usr/local/avr/lib/gcc/avr/4.3.3/../../../../avr/lib/avr25/libprintf_min.a(vfprintf_min.o)
 .data          0x0080007e        0x0 /usr/local/avr/lib/gcc/avr/4.3.3/avr25/libgcc.a(_mulsi3.o)
 .data          0x0080007e        0x0 /usr/local/avr/lib/gcc/avr/4.3.3/avr25/libgcc.a(_udivmodsi4.o)
 .data          0x0080007e        0x0 /usr/local/avr/lib/gcc/avr/4.3.3/avr25/libgcc.a(_prologue.o)
 .data          0x0080007e        0x0 /usr/local/avr/lib/gcc/avr/4.3.3/avr25/libgcc.a(_epilogue.o)
 .data          0x0080007e        0x0 /usr/local/avr/lib/gcc/avr/4.3.3/avr25/libgcc.a(_exit.o)
 .data          0x0080007e        0x0 /usr/local/avr/lib/gcc/avr/4.3.3/avr25/libgcc.a(_copy_data.o)
 .data          0x0080007e        0x0 /usr/local/avr/lib/gcc/avr/4.3.3/avr25/libgcc.a(_clear_bss.o)
 .data          0x0080007e        0x0 /usr/local/avr/lib/gcc/avr/4.3.3/../../../../avr/lib/avr25/libc.a(strchr_P.o)
 .data          0x0080007e        0x0 /usr/local/avr/lib/gcc/avr/4.3.3/../../../../avr/lib/avr25/libc.a(fgetc.o)
 .data          0x0080007e        0x0 /usr/local/avr/lib/gcc/avr/4.3.3/../../../../avr/lib/avr25/libc.a(fputc.o)
 .data          0x0080007e        0x0 /usr/local/avr/lib/gcc/avr/4.3.3/../../../../avr/lib/avr25/libc.a(iob.o)
 .data          0x0080007e        0x0 /usr/local/avr/lib/gcc/avr/4.3.3/../../../../avr/lib/avr25/libc.a(printf_p.o)
 .data          0x0080007e        0x0 /usr/local/avr/lib/gcc/avr/4.3.3/../../../../avr/lib/avr25/libc.a(ultoa_invert.o)
 *(.data*)
 *(.rodata)
 *(.rodata*)
 *(.gnu.linkonce.d*)
                0x0080007e                . = ALIGN (0x2)
                0x0080007e                _edata = .
                0x0080007e                PROVIDE (__data_end, .)

.bss            0x0080007e       0xfa
                0x0080007e                PROVIDE (__bss_start, .)
 *(.bss)
 .bss           0x0080007e        0x0 /usr/local/avr/lib/gcc/avr/4.3.3/../../../../avr/lib/avr25/crttn861.o
 .bss           0x0080007e        0x2 obj/obj//./../usbdrv/usbdrv.o
 .bss           0x00800080        0xd obj/obj//main.o
 .bss           0x0080008d        0x0 obj/obj//../osccal/osccal.o
 .bss           0x0080008d        0x0 obj/obj//../usbdrv/oddebug.o
 .bss           0x0080008d        0xf obj/obj//../util/timers.o
 .bss           0x0080009c        0x0 obj/obj//../util/stream.o
 .bss           0x0080009c       0xa0 obj/obj//../util/usbstream.o
 .bss           0x0080013c        0x0 obj/obj//./../usbdrv/usbdrvasm.o
 .bss           0x0080013c        0x0 /usr/local/avr/lib/gcc/avr/4.3.3/../../../../avr/lib/avr25/libprintf_min.a(vfprintf_min.o)
 .bss           0x0080013c        0x0 /usr/local/avr/lib/gcc/avr/4.3.3/avr25/libgcc.a(_mulsi3.o)
 .bss           0x0080013c        0x0 /usr/local/avr/lib/gcc/avr/4.3.3/avr25/libgcc.a(_udivmodsi4.o)
 .bss           0x0080013c        0x0 /usr/local/avr/lib/gcc/avr/4.3.3/avr25/libgcc.a(_prologue.o)
 .bss           0x0080013c        0x0 /usr/local/avr/lib/gcc/avr/4.3.3/avr25/libgcc.a(_epilogue.o)
 .bss           0x0080013c        0x0 /usr/local/avr/lib/gcc/avr/4.3.3/avr25/libgcc.a(_exit.o)
 .bss           0x0080013c        0x0 /usr/local/avr/lib/gcc/avr/4.3.3/avr25/libgcc.a(_copy_data.o)
 .bss           0x0080013c        0x0 /usr/local/avr/lib/gcc/avr/4.3.3/avr25/libgcc.a(_clear_bss.o)
 .bss           0x0080013c        0x0 /usr/local/avr/lib/gcc/avr/4.3.3/../../../../avr/lib/avr25/libc.a(strchr_P.o)
 .bss           0x0080013c        0x0 /usr/local/avr/lib/gcc/avr/4.3.3/../../../../avr/lib/avr25/libc.a(fgetc.o)
 .bss           0x0080013c        0x0 /usr/local/avr/lib/gcc/avr/4.3.3/../../../../avr/lib/avr25/libc.a(fputc.o)
 .bss           0x0080013c        0x0 /usr/local/avr/lib/gcc/avr/4.3.3/../../../../avr/lib/avr25/libc.a(iob.o)
 .bss           0x0080013c        0x0 /usr/local/avr/lib/gcc/avr/4.3.3/../../../../avr/lib/avr25/libc.a(printf_p.o)
 .bss           0x0080013c        0x0 /usr/local/avr/lib/gcc/avr/4.3.3/../../../../avr/lib/avr25/libc.a(ultoa_invert.o)
 *(.bss*)
 *(COMMON)
 COMMON         0x0080013c       0x36 obj/obj//./../usbdrv/usbdrv.o
                0x0080013c                usbTxBuf
                0x00800147                usbTxStatus1
                0x00800153                usbDeviceAddr
                0x00800154                usbRxToken
                0x00800155                usbInputBufOffset
                0x00800156                usbMsgPtr
                0x00800158                usbRxLen
                0x00800159                usbNewDeviceAddr
                0x0080015a                usbCurrentTok
                0x0080015b                usbConfiguration
                0x0080015c                usbRxBuf
 COMMON         0x00800172        0x6 /usr/local/avr/lib/gcc/avr/4.3.3/../../../../avr/lib/avr25/libc.a(iob.o)
                0x00800172                __iob
                0x00800178                PROVIDE (__bss_end, .)
                0x00001422                __data_load_start = LOADADDR (.data)
                0x00001440                __data_load_end = (__data_load_start + SIZEOF (.data))

.noinit         0x00800178        0x0
                0x00800178                PROVIDE (__noinit_start, .)
 *(.noinit*)
                0x00800178                PROVIDE (__noinit_end, .)
                0x00800178                _end = .
                0x00800178                PROVIDE (__heap_start, .)

.eeprom         0x00810000        0x0
 *(.eeprom*)
                0x00810000                __eeprom_end = .

.fuse
 *(.fuse)
 *(.lfuse)
 *(.hfuse)
 *(.efuse)

.lock
 *(.lock*)

.signature
 *(.signature*)

.stab           0x00000000     0x1254
 *(.stab)
 .stab          0x00000000     0x1254 obj/obj//./../usbdrv/usbdrvasm.o

.stabstr        0x00000000       0x5a
 *(.stabstr)
 .stabstr       0x00000000       0x5a obj/obj//./../usbdrv/usbdrvasm.o

.stab.excl
 *(.stab.excl)

.stab.exclstr
 *(.stab.exclstr)

.stab.index
 *(.stab.index)

.stab.indexstr
 *(.stab.indexstr)

.comment
 *(.comment)

.debug
 *(.debug)

.line
 *(.line)

.debug_srcinfo
 *(.debug_srcinfo)

.debug_sfnames
 *(.debug_sfnames)

.debug_aranges  0x00000000      0x140
 *(.debug_aranges)
 .debug_aranges
                0x00000000       0x20 obj/obj//./../usbdrv/usbdrv.o
 .debug_aranges
                0x00000020       0x20 obj/obj//main.o
 .debug_aranges
                0x00000040       0x20 obj/obj//../osccal/osccal.o
 .debug_aranges
                0x00000060       0x20 obj/obj//../util/timers.o
 .debug_aranges
                0x00000080       0x20 obj/obj//../util/stream.o
 .debug_aranges
                0x000000a0       0x20 obj/obj//../util/usbstream.o
 .debug_aranges
                0x000000c0       0x20 /usr/local/avr/lib/gcc/avr/4.3.3/../../../../avr/lib/avr25/libprintf_min.a(vfprintf_min.o)
 .debug_aranges
                0x000000e0       0x20 /usr/local/avr/lib/gcc/avr/4.3.3/../../../../avr/lib/avr25/libc.a(fgetc.o)
 .debug_aranges
                0x00000100       0x20 /usr/local/avr/lib/gcc/avr/4.3.3/../../../../avr/lib/avr25/libc.a(fputc.o)
 .debug_aranges
                0x00000120       0x20 /usr/local/avr/lib/gcc/avr/4.3.3/../../../../avr/lib/avr25/libc.a(printf_p.o)

.debug_pubnames
                0x00000000      0x42f
 *(.debug_pubnames)
 .debug_pubnames
                0x00000000      0x190 obj/obj//./../usbdrv/usbdrv.o
 .debug_pubnames
                0x00000190       0x6b obj/obj//main.o
 .debug_pubnames
                0x000001fb       0x2a obj/obj//../osccal/osccal.o
 .debug_pubnames
                0x00000225       0x81 obj/obj//../util/timers.o
 .debug_pubnames
                0x000002a6       0x57 obj/obj//../util/stream.o
 .debug_pubnames
                0x000002fd       0xa0 obj/obj//../util/usbstream.o
 .debug_pubnames
                0x0000039d       0x1f /usr/local/avr/lib/gcc/avr/4.3.3/../../../../avr/lib/avr25/libprintf_min.a(vfprintf_min.o)
 .debug_pubnames
                0x000003bc       0x1c /usr/local/avr/lib/gcc/avr/4.3.3/../../../../avr/lib/avr25/libc.a(fgetc.o)
 .debug_pubnames
                0x000003d8       0x1c /usr/local/avr/lib/gcc/avr/4.3.3/../../../../avr/lib/avr25/libc.a(fputc.o)
 .debug_pubnames
                0x000003f4       0x1c /usr/local/avr/lib/gcc/avr/4.3.3/../../../../avr/lib/avr25/libc.a(iob.o)
 .debug_pubnames
                0x00000410       0x1f /usr/local/avr/lib/gcc/avr/4.3.3/../../../../avr/lib/avr25/libc.a(printf_p.o)

.debug_info     0x00000000     0x2335
 *(.debug_info)
 .debug_info    0x00000000      0x977 obj/obj//./../usbdrv/usbdrv.o
 .debug_info    0x00000977      0x5cd obj/obj//main.o
 .debug_info    0x00000f44       0xcc obj/obj//../osccal/osccal.o
 .debug_info    0x00001010       0x61 obj/obj//../usbdrv/oddebug.o
 .debug_info    0x00001071      0x231 obj/obj//../util/timers.o
 .debug_info    0x000012a2      0x1c9 obj/obj//../util/stream.o
 .debug_info    0x0000146b      0x5e3 obj/obj//../util/usbstream.o
 .debug_info    0x00001a4e      0x308 /usr/local/avr/lib/gcc/avr/4.3.3/../../../../avr/lib/avr25/libprintf_min.a(vfprintf_min.o)
 .debug_info    0x00001d56      0x16b /usr/local/avr/lib/gcc/avr/4.3.3/../../../../avr/lib/avr25/libc.a(fgetc.o)
 .debug_info    0x00001ec1      0x16a /usr/local/avr/lib/gcc/avr/4.3.3/../../../../avr/lib/avr25/libc.a(fputc.o)
 .debug_info    0x0000202b      0x156 /usr/local/avr/lib/gcc/avr/4.3.3/../../../../avr/lib/avr25/libc.a(iob.o)
 .debug_info    0x00002181      0x1b4 /usr/local/avr/lib/gcc/avr/4.3.3/../../../../avr/lib/avr25/libc.a(printf_p.o)
 *(.gnu.linkonce.wi.*)

.debug_abbrev   0x00000000      0xeee
 *(.debug_abbrev)
 .debug_abbrev  0x00000000      0x2bf obj/obj//./../usbdrv/usbdrv.o
 .debug_abbrev  0x000002bf      0x25f obj/obj//main.o
 .debug_abbrev  0x0000051e       0x82 obj/obj//../osccal/osccal.o
 .debug_abbrev  0x000005a0       0x33 obj/obj//../usbdrv/oddebug.o
 .debug_abbrev  0x000005d3       0xfa obj/obj//../util/timers.o
 .debug_abbrev  0x000006cd      0x139 obj/obj//../util/stream.o
 .debug_abbrev  0x00000806      0x1da obj/obj//../util/usbstream.o
 .debug_abbrev  0x000009e0      0x179 /usr/local/avr/lib/gcc/avr/4.3.3/../../../../avr/lib/avr25/libprintf_min.a(vfprintf_min.o)
 .debug_abbrev  0x00000b59       0xdb /usr/local/avr/lib/gcc/avr/4.3.3/../../../../avr/lib/avr25/libc.a(fgetc.o)
 .debug_abbrev  0x00000c34       0xdb /usr/local/avr/lib/gcc/avr/4.3.3/../../../../avr/lib/avr25/libc.a(fputc.o)
 .debug_abbrev  0x00000d0f       0xd0 /usr/local/avr/lib/gcc/avr/4.3.3/../../../../avr/lib/avr25/libc.a(iob.o)
 .debug_abbrev  0x00000ddf      0x10f /usr/local/avr/lib/gcc/avr/4.3.3/../../../../avr/lib/avr25/libc.a(printf_p.o)

.debug_line     0x00000000     0x15bb
 *(.debug_line)
 .debug_line    0x00000000      0x469 obj/obj//./../usbdrv/usbdrv.o
 .debug_line    0x00000469      0x3fc obj/obj//main.o
 .debug_line    0x00000865       0xc4 obj/obj//../osccal/osccal.o
 .debug_line    0x00000929       0x3e obj/obj//../usbdrv/oddebug.o
 .debug_line    0x00000967      0x15f obj/obj//../util/timers.o
 .debug_line    0x00000ac6      0x143 obj/obj//../util/stream.o
 .debug_line    0x00000c09      0x2e0 obj/obj//../util/usbstream.o
 .debug_line    0x00000ee9      0x292 /usr/local/avr/lib/gcc/avr/4.3.3/../../../../avr/lib/avr25/libprintf_min.a(vfprintf_min.o)
 .debug_line    0x0000117b      0x14f /usr/local/avr/lib/gcc/avr/4.3.3/../../../../avr/lib/avr25/libc.a(fgetc.o)
 .debug_line    0x000012ca      0x10f /usr/local/avr/lib/gcc/avr/4.3.3/../../../../avr/lib/avr25/libc.a(fputc.o)
 .debug_line    0x000013d9       0xbb /usr/local/avr/lib/gcc/avr/4.3.3/../../../../avr/lib/avr25/libc.a(iob.o)
 .debug_line    0x00001494      0x127 /usr/local/avr/lib/gcc/avr/4.3.3/../../../../avr/lib/avr25/libc.a(printf_p.o)

.debug_frame    0x00000000      0x270
 *(.debug_frame)
 .debug_frame   0x00000000       0x40 obj/obj//./../usbdrv/usbdrv.o
 .debug_frame   0x00000040       0x50 obj/obj//main.o
 .debug_frame   0x00000090       0x20 obj/obj//../osccal/osccal.o
 .debug_frame   0x000000b0       0x70 obj/obj//../util/timers.o
 .debug_frame   0x00000120       0x40 obj/obj//../util/stream.o
 .debug_frame   0x00000160       0x90 obj/obj//../util/usbstream.o
 .debug_frame   0x000001f0       0x20 /usr/local/avr/lib/gcc/avr/4.3.3/../../../../avr/lib/avr25/libprintf_min.a(vfprintf_min.o)
 .debug_frame   0x00000210       0x20 /usr/local/avr/lib/gcc/avr/4.3.3/../../../../avr/lib/avr25/libc.a(fgetc.o)
 .debug_frame   0x00000230       0x20 /usr/local/avr/lib/gcc/avr/4.3.3/../../../../avr/lib/avr25/libc.a(fputc.o)
 .debug_frame   0x00000250       0x20 /usr/local/avr/lib/gcc/avr/4.3.3/../../../../avr/lib/avr25/libc.a(printf_p.o)

.debug_str      0x00000000      0xb1b
 *(.debug_str)
 .debug_str     0x00000000      0x405 obj/obj//./../usbdrv/usbdrv.o
                                0x453 (size before relaxing)
 .debug_str     0x00000405      0x258 obj/obj//main.o
                                0x423 (size before relaxing)
 .debug_str     0x0000065d       0x5b obj/obj//../osccal/osccal.o
                                0x13b (size before relaxing)
 .debug_str     0x000006b8       0x14 obj/obj//../usbdrv/oddebug.o
                                 0xf4 (size before relaxing)
 .debug_str     0x000006cc       0xd7 obj/obj//../util/timers.o
                                0x1fe (size before relaxing)
 .debug_str     0x000007a3       0x6a obj/obj//../util/stream.o
                                0x171 (size before relaxing)
 .debug_str     0x0000080d      0x17b obj/obj//../util/usbstream.o
                                0x3d1 (size before relaxing)
 .debug_str     0x00000988       0x9d /usr/local/avr/lib/gcc/avr/4.3.3/../../../../avr/lib/avr25/libprintf_min.a(vfprintf_min.o)
                                0x14f (size before relaxing)
 .debug_str     0x00000a25       0x3e /usr/local/avr/lib/gcc/avr/4.3.3/../../../../avr/lib/avr25/libc.a(fgetc.o)
                                0x115 (size before relaxing)
 .debug_str     0x00000a63       0x3e /usr/local/avr/lib/gcc/avr/4.3.3/../../../../avr/lib/avr25/libc.a(fputc.o)
                                0x115 (size before relaxing)
 .debug_str     0x00000aa1       0x36 /usr/local/avr/lib/gcc/avr/4.3.3/../../../../avr/lib/avr25/libc.a(iob.o)
                                0x10c (size before relaxing)
 .debug_str     0x00000ad7       0x44 /usr/local/avr/lib/gcc/avr/4.3.3/../../../../avr/lib/avr25/libc.a(printf_p.o)
                                0x143 (size before relaxing)

.debug_loc      0x00000000      0xcaf
 *(.debug_loc)
 .debug_loc     0x00000000      0x4e9 obj/obj//./../usbdrv/usbdrv.o
 .debug_loc     0x000004e9       0x9d obj/obj//main.o
 .debug_loc     0x00000586       0x71 obj/obj//../osccal/osccal.o
 .debug_loc     0x000005f7       0x96 obj/obj//../util/timers.o
 .debug_loc     0x0000068d       0xbe obj/obj//../util/stream.o
 .debug_loc     0x0000074b      0x223 obj/obj//../util/usbstream.o
 .debug_loc     0x0000096e      0x261 /usr/local/avr/lib/gcc/avr/4.3.3/../../../../avr/lib/avr25/libprintf_min.a(vfprintf_min.o)
 .debug_loc     0x00000bcf       0x80 /usr/local/avr/lib/gcc/avr/4.3.3/../../../../avr/lib/avr25/libc.a(fgetc.o)
 .debug_loc     0x00000c4f       0x60 /usr/local/avr/lib/gcc/avr/4.3.3/../../../../avr/lib/avr25/libc.a(fputc.o)

.debug_macinfo
 *(.debug_macinfo)
OUTPUT(main.elf elf32-avr)
LOAD linker stubs

.debug_ranges   0x00000000       0xf8
 .debug_ranges  0x00000000       0x50 obj/obj//./../usbdrv/usbdrv.o
 .debug_ranges  0x00000050       0x30 obj/obj//main.o
 .debug_ranges  0x00000080       0x30 /usr/local/avr/lib/gcc/avr/4.3.3/../../../../avr/lib/avr25/libprintf_min.a(vfprintf_min.o)
 .debug_ranges  0x000000b0       0x18 /usr/local/avr/lib/gcc/avr/4.3.3/../../../../avr/lib/avr25/libc.a(fgetc.o)
 .debug_ranges  0x000000c8       0x18 /usr/local/avr/lib/gcc/avr/4.3.3/../../../../avr/lib/avr25/libc.a(fputc.o)
 .debug_ranges  0x000000e0       0x18 /usr/local/avr/lib/gcc/avr/4.3.3/../../../../avr/lib/avr25/libc.a(printf_p.o)

Cross Reference Table

Symbol                                            File
Timer_HasExpired                                  obj/obj//../util/timers.o
                                                  obj/obj//main.o
Timer_Reset                                       obj/obj//../util/timers.o
Timer_Set                                         obj/obj//../util/timers.o
                                                  obj/obj//main.o
Timer_SetExpired                                  obj/obj//../util/timers.o
Timers_DecreaseAll                                obj/obj//../util/timers.o
                                                  obj/obj//main.o
Timers_Init                                       obj/obj//../util/timers.o
__bad_interrupt                                   /usr/local/avr/lib/gcc/avr/4.3.3/../../../../avr/lib/avr25/crttn861.o
__bss_end                                         /usr/local/avr/lib/gcc/avr/4.3.3/avr25/libgcc.a(_clear_bss.o)
__bss_start                                       /usr/local/avr/lib/gcc/avr/4.3.3/avr25/libgcc.a(_clear_bss.o)
__data_end                                        /usr/local/avr/lib/gcc/avr/4.3.3/avr25/libgcc.a(_copy_data.o)
__data_load_start                                 /usr/local/avr/lib/gcc/avr/4.3.3/avr25/libgcc.a(_copy_data.o)
__data_start                                      /usr/local/avr/lib/gcc/avr/4.3.3/avr25/libgcc.a(_copy_data.o)
__do_clear_bss                                    /usr/local/avr/lib/gcc/avr/4.3.3/avr25/libgcc.a(_clear_bss.o)
                                                  /usr/local/avr/lib/gcc/avr/4.3.3/../../../../avr/lib/avr25/libc.a(iob.o)
                                                  obj/obj//../util/usbstream.o
                                                  obj/obj//../util/timers.o
                                                  obj/obj//main.o
                                                  obj/obj//./../usbdrv/usbdrv.o
__do_copy_data                                    /usr/local/avr/lib/gcc/avr/4.3.3/avr25/libgcc.a(_copy_data.o)
                                                  obj/obj//../util/usbstream.o
                                                  obj/obj//./../usbdrv/usbdrv.o
__epilogue_restores__                             /usr/local/avr/lib/gcc/avr/4.3.3/avr25/libgcc.a(_epilogue.o)
                                                  /usr/local/avr/lib/gcc/avr/4.3.3/../../../../avr/lib/avr25/libc.a(printf_p.o)
                                                  /usr/local/avr/lib/gcc/avr/4.3.3/../../../../avr/lib/avr25/libprintf_min.a(vfprintf_min.o)
                                                  obj/obj//../util/usbstream.o
                                                  obj/obj//../osccal/osccal.o
__heap_end                                        /usr/local/avr/lib/gcc/avr/4.3.3/../../../../avr/lib/avr25/crttn861.o
__init                                            /usr/local/avr/lib/gcc/avr/4.3.3/../../../../avr/lib/avr25/crttn861.o
__iob                                             /usr/local/avr/lib/gcc/avr/4.3.3/../../../../avr/lib/avr25/libc.a(printf_p.o)
                                                  /usr/local/avr/lib/gcc/avr/4.3.3/../../../../avr/lib/avr25/libc.a(iob.o)
                                                  obj/obj//main.o
__mulsi3                                          /usr/local/avr/lib/gcc/avr/4.3.3/avr25/libgcc.a(_mulsi3.o)
                                                  obj/obj//main.o
__prologue_saves__                                /usr/local/avr/lib/gcc/avr/4.3.3/avr25/libgcc.a(_prologue.o)
                                                  /usr/local/avr/lib/gcc/avr/4.3.3/../../../../avr/lib/avr25/libc.a(printf_p.o)
                                                  /usr/local/avr/lib/gcc/avr/4.3.3/../../../../avr/lib/avr25/libprintf_min.a(vfprintf_min.o)
                                                  obj/obj//../util/usbstream.o
                                                  obj/obj//main.o
__stack                                           /usr/local/avr/lib/gcc/avr/4.3.3/../../../../avr/lib/avr25/crttn861.o
__udivmodsi4                                      /usr/local/avr/lib/gcc/avr/4.3.3/avr25/libgcc.a(_udivmodsi4.o)
                                                  obj/obj//main.o
__ultoa_invert                                    /usr/local/avr/lib/gcc/avr/4.3.3/../../../../avr/lib/avr25/libc.a(ultoa_invert.o)
                                                  /usr/local/avr/lib/gcc/avr/4.3.3/../../../../avr/lib/avr25/libprintf_min.a(vfprintf_min.o)
__vector_1                                        obj/obj//./../usbdrv/usbdrvasm.o
                                                  /usr/local/avr/lib/gcc/avr/4.3.3/../../../../avr/lib/avr25/crttn861.o
__vector_10                                       /usr/local/avr/lib/gcc/avr/4.3.3/../../../../avr/lib/avr25/crttn861.o
__vector_11                                       /usr/local/avr/lib/gcc/avr/4.3.3/../../../../avr/lib/avr25/crttn861.o
__vector_12                                       /usr/local/avr/lib/gcc/avr/4.3.3/../../../../avr/lib/avr25/crttn861.o
__vector_13                                       /usr/local/avr/lib/gcc/avr/4.3.3/../../../../avr/lib/avr25/crttn861.o
__vector_14                                       /usr/local/avr/lib/gcc/avr/4.3.3/../../../../avr/lib/avr25/crttn861.o
__vector_15                                       /usr/local/avr/lib/gcc/avr/4.3.3/../../../../avr/lib/avr25/crttn861.o
__vector_16                                       obj/obj//main.o
                                                  /usr/local/avr/lib/gcc/avr/4.3.3/../../../../avr/lib/avr25/crttn861.o
__vector_17                                       /usr/local/avr/lib/gcc/avr/4.3.3/../../../../avr/lib/avr25/crttn861.o
__vector_18                                       /usr/local/avr/lib/gcc/avr/4.3.3/../../../../avr/lib/avr25/crttn861.o
__vector_2                                        obj/obj//main.o
                                                  /usr/local/avr/lib/gcc/avr/4.3.3/../../../../avr/lib/avr25/crttn861.o
__vector_3                                        /usr/local/avr/lib/gcc/avr/4.3.3/../../../../avr/lib/avr25/crttn861.o
__vector_4                                        /usr/local/avr/lib/gcc/avr/4.3.3/../../../../avr/lib/avr25/crttn861.o
__vector_5                                        /usr/local/avr/lib/gcc/avr/4.3.3/../../../../avr/lib/avr25/crttn861.o
__vector_6                                        /usr/local/avr/lib/gcc/avr/4.3.3/../../../../avr/lib/avr25/crttn861.o
__vector_7                                        /usr/local/avr/lib/gcc/avr/4.3.3/../../../../avr/lib/avr25/crttn861.o
__vector_8                                        /usr/local/avr/lib/gcc/avr/4.3.3/../../../../avr/lib/avr25/crttn861.o
__vector_9                                        /usr/local/avr/lib/gcc/avr/4.3.3/../../../../avr/lib/avr25/crttn861.o
__vector_default                                  /usr/local/avr/lib/gcc/avr/4.3.3/../../../../avr/lib/avr25/crttn861.o
__vectors                                         /usr/local/avr/lib/gcc/avr/4.3.3/../../../../avr/lib/avr25/crttn861.o
_exit                                             /usr/local/avr/lib/gcc/avr/4.3.3/avr25/libgcc.a(_exit.o)
calibrateOscillator                               obj/obj//../osccal/osccal.o
                                                  obj/obj//./../usbdrv/usbdrv.o
exit                                              /usr/local/avr/lib/gcc/avr/4.3.3/avr25/libgcc.a(_exit.o)
                                                  /usr/local/avr/lib/gcc/avr/4.3.3/../../../../avr/lib/avr25/crttn861.o
fgetc                                             /usr/local/avr/lib/gcc/avr/4.3.3/../../../../avr/lib/avr25/libc.a(fgetc.o)
                                                  obj/obj//main.o
fputc                                             /usr/local/avr/lib/gcc/avr/4.3.3/../../../../avr/lib/avr25/libc.a(fputc.o)
                                                  /usr/local/avr/lib/gcc/avr/4.3.3/../../../../avr/lib/avr25/libprintf_min.a(vfprintf_min.o)
                                                  obj/obj//../util/usbstream.o
main                                              obj/obj//main.o
                                                  /usr/local/avr/lib/gcc/avr/4.3.3/../../../../avr/lib/avr25/crttn861.o
printf_P                                          /usr/local/avr/lib/gcc/avr/4.3.3/../../../../avr/lib/avr25/libc.a(printf_p.o)
                                                  obj/obj//main.o
strchr_P                                          /usr/local/avr/lib/gcc/avr/4.3.3/../../../../avr/lib/avr25/libc.a(strchr_P.o)
                                                  /usr/local/avr/lib/gcc/avr/4.3.3/../../../../avr/lib/avr25/libprintf_min.a(vfprintf_min.o)
stream_getchar_nowait                             obj/obj//../util/stream.o
                                                  obj/obj//../util/usbstream.o
stream_getchar_wait                               obj/obj//../util/stream.o
stream_putchar                                    obj/obj//../util/stream.o
                                                  obj/obj//../util/usbstream.o
usbConfiguration                                  obj/obj//./../usbdrv/usbdrv.o
usbCrc16                                          obj/obj//./../usbdrv/usbdrvasm.o
usbCrc16Append                                    obj/obj//./../usbdrv/usbdrvasm.o
                                                  obj/obj//./../usbdrv/usbdrv.o
usbCurrentTok                                     obj/obj//./../usbdrv/usbdrvasm.o
                                                  obj/obj//./../usbdrv/usbdrv.o
usbDescriptorConfiguration                        obj/obj//./../usbdrv/usbdrv.o
usbDescriptorDevice                               obj/obj//./../usbdrv/usbdrv.o
usbDescriptorHidReport                            obj/obj//main.o
                                                  obj/obj//./../usbdrv/usbdrv.o
usbDescriptorString0                              obj/obj//./../usbdrv/usbdrv.o
usbDescriptorStringDevice                         obj/obj//./../usbdrv/usbdrv.o
usbDescriptorStringVendor                         obj/obj//./../usbdrv/usbdrv.o
usbDeviceAddr                                     obj/obj//./../usbdrv/usbdrvasm.o
                                                  obj/obj//./../usbdrv/usbdrv.o
usbFunctionRead                                   obj/obj//../util/usbstream.o
                                                  obj/obj//./../usbdrv/usbdrv.o
usbFunctionRead2                                  obj/obj//../util/usbstream.o
usbFunctionSetup                                  obj/obj//../util/usbstream.o
                                                  obj/obj//./../usbdrv/usbdrv.o
usbFunctionSetup2                                 obj/obj//main.o
                                                  obj/obj//../util/usbstream.o
usbFunctionWrite                                  obj/obj//../util/usbstream.o
                                                  obj/obj//./../usbdrv/usbdrv.o
usbFunctionWrite2                                 obj/obj//../util/usbstream.o
usbInit                                           obj/obj//./../usbdrv/usbdrv.o
                                                  obj/obj//main.o
usbInputBufOffset                                 obj/obj//./../usbdrv/usbdrvasm.o
                                                  obj/obj//./../usbdrv/usbdrv.o
usbMeasureFrameLength                             obj/obj//./../usbdrv/usbdrvasm.o
                                                  obj/obj//../osccal/osccal.o
usbMsgPtr                                         obj/obj//../util/usbstream.o
                                                  obj/obj//main.o
                                                  obj/obj//./../usbdrv/usbdrv.o
usbNewDeviceAddr                                  obj/obj//./../usbdrv/usbdrvasm.o
                                                  obj/obj//./../usbdrv/usbdrv.o
usbPoll                                           obj/obj//./../usbdrv/usbdrv.o
                                                  obj/obj//main.o
usbRxBuf                                          obj/obj//./../usbdrv/usbdrvasm.o
                                                  obj/obj//./../usbdrv/usbdrv.o
usbRxLen                                          obj/obj//./../usbdrv/usbdrvasm.o
                                                  obj/obj//./../usbdrv/usbdrv.o
usbRxToken                                        obj/obj//./../usbdrv/usbdrvasm.o
                                                  obj/obj//./../usbdrv/usbdrv.o
usbSetInterrupt                                   obj/obj//./../usbdrv/usbdrv.o
                                                  obj/obj//main.o
usbTxBuf                                          obj/obj//./../usbdrv/usbdrvasm.o
                                                  obj/obj//./../usbdrv/usbdrv.o
usbTxLen                                          obj/obj//./../usbdrv/usbdrv.o
                                                  obj/obj//./../usbdrv/usbdrvasm.o
usbTxStatus1                                      obj/obj//./../usbdrv/usbdrvasm.o
                                                  obj/obj//main.o
                                                  obj/obj//./../usbdrv/usbdrv.o
usb_in_stream                                     obj/obj//../util/usbstream.o
                                                  obj/obj//main.o
usb_out_stream                                    obj/obj//../util/usbstream.o
                                                  obj/obj//main.o
vfprintf                                          /usr/local/avr/lib/gcc/avr/4.3.3/../../../../avr/lib/avr25/libprintf_min.a(vfprintf_min.o)
                                                  /usr/local/avr/lib/gcc/avr/4.3.3/../../../../avr/lib/avr25/libc.a(printf_p.o)
